

================================================================
== Vitis HLS Report for 'fft'
================================================================
* Date:           Sat Jan 10 15:28:40 2026

* Version:        2023.2 (Build 4023990 on Oct 11 2023)
* Project:        hls_pfb
* Solution:       hls (Vivado IP Flow Target)
* Product family: zynq
* Target device:  xc7z045-ffg900-2


================================================================
== Performance Estimates
================================================================
+ Timing: 
    * Summary: 
    +--------+----------+----------+------------+
    |  Clock |  Target  | Estimated| Uncertainty|
    +--------+----------+----------+------------+
    |ap_clk  |  10.00 ns|  7.300 ns|     2.70 ns|
    +--------+----------+----------+------------+

+ Latency: 
    * Summary: 
    +---------+---------+-----------+-----------+------+------+----------+
    |  Latency (cycles) |   Latency (absolute)  |   Interval  | Pipeline |
    |   min   |   max   |    min    |    max    |  min |  max |   Type   |
    +---------+---------+-----------+-----------+------+------+----------+
    |     3198|     3198|  31.980 us|  31.980 us|  3196|  3196|  dataflow|
    +---------+---------+-----------+-----------+------+------+----------+

    + Detail: 
        * Instance: 
        +----------------------------------+-----------------+---------+---------+-----------+-----------+------+------+----------+
        |                                  |                 |  Latency (cycles) |   Latency (absolute)  |   Interval  | Pipeline |
        |             Instance             |      Module     |   min   |   max   |    min    |    max    |  min |  max |   Type   |
        +----------------------------------+-----------------+---------+---------+-----------+-----------+------+------+----------+
        |grp_unpack_fu_146                 |unpack           |     1027|     1027|  10.270 us|  10.270 us|  1027|  1027|        no|
        |call_ln28_init_fft_config_fu_158  |init_fft_config  |        0|        0|       0 ns|       0 ns|     0|     0|        no|
        |grp_fft_config1_1_fu_166          |fft_config1_1    |     3195|     3195|  31.950 us|  31.950 us|  3196|  3196|  dataflow|
        |grp_fft_config1_2_fu_174          |fft_config1_2    |     3195|     3195|  31.950 us|  31.950 us|  3196|  3196|  dataflow|
        |grp_fft_config1_3_fu_182          |fft_config1_3    |     3195|     3195|  31.950 us|  31.950 us|  3196|  3196|  dataflow|
        |grp_fft_config1_s_fu_190          |fft_config1_s    |     3195|     3195|  31.950 us|  31.950 us|  3196|  3196|  dataflow|
        |grp_repack_fu_198                 |repack           |     1028|     1028|  10.280 us|  10.280 us|  1028|  1028|        no|
        |call_ln39_capture_status_fu_210   |capture_status   |        0|        0|       0 ns|       0 ns|     0|     0|        no|
        +----------------------------------+-----------------+---------+---------+-----------+-----------+------+------+----------+

        * Loop: 
        N/A

============================================================
+ Verbose Summary: Synthesis Manager
============================================================
InlineROM: 1
ExposeGlobal: 0
============================================================
+ Verbose Summary: CDFG Model
============================================================
IsTopModel: 0
ResetActiveHigh: 1
IsCombinational: 2
IsDatapathOnly: 0
HasWiredReturn: 1
HasMFsm: 0
HasVarLatency: 1
IsPipeline: 0
IsRtlPipelined: 0
IsInstanceOverlapped: 0
IsDontTouch: 0
HasImplIP: 0
IsGatedGlobalClock: 0


============================================================
+ Verbose Summary: Schedule
============================================================
* Number of FSM states : 6
* Pipeline : 0
* Dataflow Pipeline: 1
  DF-Pipeline-0: Size = 6, States = { 1 2 3 4 5 6 }

* FSM state transitions: 
1 --> 2 
2 --> 3 
3 --> 4 
4 --> 5 
5 --> 6 
6 --> 

* FSM state operations: 

State 1 <SV = 0> <Delay = 0.00>
ST_1 : Operation 7 [1/1] (0.00ns)   --->   "%ch0_in = alloca i64 1"   --->   Operation 7 'alloca' 'ch0_in' <Predicate = true> <Delay = 0.00> <CoreInst = "FIFO">   --->   Core 78 'FIFO' <Latency = 0> <II = 1> <Delay = 3.41> <Storage> <Opcode : 'read' 'write' 'nbread' 'nbwrite'> <Ports = 0> <Width = 32> <Depth = 1024> <FIFO>
ST_1 : Operation 8 [1/1] (0.00ns)   --->   "%ch0_out = alloca i64 1"   --->   Operation 8 'alloca' 'ch0_out' <Predicate = true> <Delay = 0.00> <CoreInst = "FIFO">   --->   Core 78 'FIFO' <Latency = 0> <II = 1> <Delay = 3.41> <Storage> <Opcode : 'read' 'write' 'nbread' 'nbwrite'> <Ports = 0> <Width = 32> <Depth = 1024> <FIFO>
ST_1 : Operation 9 [1/1] (0.00ns)   --->   "%ch1_in = alloca i64 1"   --->   Operation 9 'alloca' 'ch1_in' <Predicate = true> <Delay = 0.00> <CoreInst = "FIFO">   --->   Core 78 'FIFO' <Latency = 0> <II = 1> <Delay = 3.41> <Storage> <Opcode : 'read' 'write' 'nbread' 'nbwrite'> <Ports = 0> <Width = 32> <Depth = 1024> <FIFO>
ST_1 : Operation 10 [1/1] (0.00ns)   --->   "%ch1_out = alloca i64 1"   --->   Operation 10 'alloca' 'ch1_out' <Predicate = true> <Delay = 0.00> <CoreInst = "FIFO">   --->   Core 78 'FIFO' <Latency = 0> <II = 1> <Delay = 3.41> <Storage> <Opcode : 'read' 'write' 'nbread' 'nbwrite'> <Ports = 0> <Width = 32> <Depth = 1024> <FIFO>
ST_1 : Operation 11 [1/1] (0.00ns)   --->   "%ch2_in = alloca i64 1"   --->   Operation 11 'alloca' 'ch2_in' <Predicate = true> <Delay = 0.00> <CoreInst = "FIFO">   --->   Core 78 'FIFO' <Latency = 0> <II = 1> <Delay = 3.41> <Storage> <Opcode : 'read' 'write' 'nbread' 'nbwrite'> <Ports = 0> <Width = 32> <Depth = 1024> <FIFO>
ST_1 : Operation 12 [1/1] (0.00ns)   --->   "%ch2_out = alloca i64 1"   --->   Operation 12 'alloca' 'ch2_out' <Predicate = true> <Delay = 0.00> <CoreInst = "FIFO">   --->   Core 78 'FIFO' <Latency = 0> <II = 1> <Delay = 3.41> <Storage> <Opcode : 'read' 'write' 'nbread' 'nbwrite'> <Ports = 0> <Width = 32> <Depth = 1024> <FIFO>
ST_1 : Operation 13 [1/1] (0.00ns)   --->   "%ch3_in = alloca i64 1"   --->   Operation 13 'alloca' 'ch3_in' <Predicate = true> <Delay = 0.00> <CoreInst = "FIFO">   --->   Core 78 'FIFO' <Latency = 0> <II = 1> <Delay = 3.41> <Storage> <Opcode : 'read' 'write' 'nbread' 'nbwrite'> <Ports = 0> <Width = 32> <Depth = 1024> <FIFO>
ST_1 : Operation 14 [1/1] (0.00ns)   --->   "%ch3_out = alloca i64 1"   --->   Operation 14 'alloca' 'ch3_out' <Predicate = true> <Delay = 0.00> <CoreInst = "FIFO">   --->   Core 78 'FIFO' <Latency = 0> <II = 1> <Delay = 3.41> <Storage> <Opcode : 'read' 'write' 'nbread' 'nbwrite'> <Ports = 0> <Width = 32> <Depth = 1024> <FIFO>
ST_1 : Operation 15 [1/1] (0.00ns)   --->   "%cfg0_s = alloca i64 1" [/home/brett/Documents/FX_Correlator/pfb/hls_pfb/pfb_fft.cpp:25]   --->   Operation 15 'alloca' 'cfg0_s' <Predicate = true> <Delay = 0.00> <CoreInst = "FIFO_SRL">   --->   Core 81 'FIFO_SRL' <Latency = 0> <II = 1> <Delay = 3.40> <Storage> <Opcode : 'read' 'write' 'nbread' 'nbwrite'> <Ports = 0> <Width = 16> <Depth = 2> <FIFO>
ST_1 : Operation 16 [1/1] (0.00ns)   --->   "%cfg1_s = alloca i64 1" [/home/brett/Documents/FX_Correlator/pfb/hls_pfb/pfb_fft.cpp:25]   --->   Operation 16 'alloca' 'cfg1_s' <Predicate = true> <Delay = 0.00> <CoreInst = "FIFO_SRL">   --->   Core 81 'FIFO_SRL' <Latency = 0> <II = 1> <Delay = 3.40> <Storage> <Opcode : 'read' 'write' 'nbread' 'nbwrite'> <Ports = 0> <Width = 16> <Depth = 2> <FIFO>
ST_1 : Operation 17 [1/1] (0.00ns)   --->   "%cfg2_s = alloca i64 1" [/home/brett/Documents/FX_Correlator/pfb/hls_pfb/pfb_fft.cpp:25]   --->   Operation 17 'alloca' 'cfg2_s' <Predicate = true> <Delay = 0.00> <CoreInst = "FIFO_SRL">   --->   Core 81 'FIFO_SRL' <Latency = 0> <II = 1> <Delay = 3.40> <Storage> <Opcode : 'read' 'write' 'nbread' 'nbwrite'> <Ports = 0> <Width = 16> <Depth = 2> <FIFO>
ST_1 : Operation 18 [1/1] (0.00ns)   --->   "%cfg3_s = alloca i64 1" [/home/brett/Documents/FX_Correlator/pfb/hls_pfb/pfb_fft.cpp:25]   --->   Operation 18 'alloca' 'cfg3_s' <Predicate = true> <Delay = 0.00> <CoreInst = "FIFO_SRL">   --->   Core 81 'FIFO_SRL' <Latency = 0> <II = 1> <Delay = 3.40> <Storage> <Opcode : 'read' 'write' 'nbread' 'nbwrite'> <Ports = 0> <Width = 16> <Depth = 2> <FIFO>
ST_1 : Operation 19 [1/1] (0.00ns)   --->   "%stat0_s = alloca i64 1" [/home/brett/Documents/FX_Correlator/pfb/hls_pfb/pfb_fft.cpp:26]   --->   Operation 19 'alloca' 'stat0_s' <Predicate = true> <Delay = 0.00> <CoreInst = "FIFO_SRL">   --->   Core 81 'FIFO_SRL' <Latency = 0> <II = 1> <Delay = 3.40> <Storage> <Opcode : 'read' 'write' 'nbread' 'nbwrite'> <Ports = 0> <Width = 8> <Depth = 2> <FIFO>
ST_1 : Operation 20 [1/1] (0.00ns)   --->   "%stat1_s = alloca i64 1" [/home/brett/Documents/FX_Correlator/pfb/hls_pfb/pfb_fft.cpp:26]   --->   Operation 20 'alloca' 'stat1_s' <Predicate = true> <Delay = 0.00> <CoreInst = "FIFO_SRL">   --->   Core 81 'FIFO_SRL' <Latency = 0> <II = 1> <Delay = 3.40> <Storage> <Opcode : 'read' 'write' 'nbread' 'nbwrite'> <Ports = 0> <Width = 8> <Depth = 2> <FIFO>
ST_1 : Operation 21 [1/1] (0.00ns)   --->   "%stat2_s = alloca i64 1" [/home/brett/Documents/FX_Correlator/pfb/hls_pfb/pfb_fft.cpp:26]   --->   Operation 21 'alloca' 'stat2_s' <Predicate = true> <Delay = 0.00> <CoreInst = "FIFO_SRL">   --->   Core 81 'FIFO_SRL' <Latency = 0> <II = 1> <Delay = 3.40> <Storage> <Opcode : 'read' 'write' 'nbread' 'nbwrite'> <Ports = 0> <Width = 8> <Depth = 2> <FIFO>
ST_1 : Operation 22 [1/1] (0.00ns)   --->   "%stat3_s = alloca i64 1" [/home/brett/Documents/FX_Correlator/pfb/hls_pfb/pfb_fft.cpp:26]   --->   Operation 22 'alloca' 'stat3_s' <Predicate = true> <Delay = 0.00> <CoreInst = "FIFO_SRL">   --->   Core 81 'FIFO_SRL' <Latency = 0> <II = 1> <Delay = 3.40> <Storage> <Opcode : 'read' 'write' 'nbread' 'nbwrite'> <Ports = 0> <Width = 8> <Depth = 2> <FIFO>
ST_1 : Operation 23 [2/2] (0.00ns)   --->   "%call_ln30 = call void @unpack, i128 %stream_compute_to_fft, i32 %ch0_in, i32 %ch1_in, i32 %ch2_in, i32 %ch3_in, i32 %dummy_state_1" [/home/brett/Documents/FX_Correlator/pfb/hls_pfb/pfb_fft.cpp:30]   --->   Operation 23 'call' 'call_ln30' <Predicate = true> <Delay = 0.00> <CoreType = "Generic">   --->   Core 0 '' <Latency = 0> <II = 1> <Delay = 1.00> <Generic> <Opcode : >

State 2 <SV = 1> <Delay = 0.00>
ST_2 : Operation 24 [1/1] (0.00ns)   --->   "%call_ln28 = call void @init_fft_config, i16 %cfg0_s, i16 %cfg1_s, i16 %cfg2_s, i16 %cfg3_s" [/home/brett/Documents/FX_Correlator/pfb/hls_pfb/pfb_fft.cpp:28]   --->   Operation 24 'call' 'call_ln28' <Predicate = true> <Delay = 0.00> <CoreType = "Generic">   --->   Core 0 '' <Latency = 0> <II = 1> <Delay = 1.00> <Generic> <Opcode : >
ST_2 : Operation 25 [1/2] (0.00ns)   --->   "%call_ln30 = call void @unpack, i128 %stream_compute_to_fft, i32 %ch0_in, i32 %ch1_in, i32 %ch2_in, i32 %ch3_in, i32 %dummy_state_1" [/home/brett/Documents/FX_Correlator/pfb/hls_pfb/pfb_fft.cpp:30]   --->   Operation 25 'call' 'call_ln30' <Predicate = true> <Delay = 0.00> <CoreType = "Generic">   --->   Core 0 '' <Latency = 0> <II = 1> <Delay = 1.00> <Generic> <Opcode : >

State 3 <SV = 2> <Delay = 0.00>
ST_3 : Operation 26 [2/2] (0.00ns)   --->   "%call_ln32 = call void @fft<config1>.1, i32 %ch0_in, i32 %ch0_out, i8 %stat0_s, i16 %cfg0_s" [/home/brett/Documents/FX_Correlator/pfb/hls_pfb/pfb_fft.cpp:32]   --->   Operation 26 'call' 'call_ln32' <Predicate = true> <Delay = 0.00> <CoreType = "Generic">   --->   Core 0 '' <Latency = 0> <II = 1> <Delay = 1.00> <Generic> <Opcode : >
ST_3 : Operation 27 [2/2] (0.00ns)   --->   "%call_ln33 = call void @fft<config1>.2, i32 %ch1_in, i32 %ch1_out, i8 %stat1_s, i16 %cfg1_s" [/home/brett/Documents/FX_Correlator/pfb/hls_pfb/pfb_fft.cpp:33]   --->   Operation 27 'call' 'call_ln33' <Predicate = true> <Delay = 0.00> <CoreType = "Generic">   --->   Core 0 '' <Latency = 0> <II = 1> <Delay = 1.00> <Generic> <Opcode : >
ST_3 : Operation 28 [2/2] (0.00ns)   --->   "%call_ln34 = call void @fft<config1>.3, i32 %ch2_in, i32 %ch2_out, i8 %stat2_s, i16 %cfg2_s" [/home/brett/Documents/FX_Correlator/pfb/hls_pfb/pfb_fft.cpp:34]   --->   Operation 28 'call' 'call_ln34' <Predicate = true> <Delay = 0.00> <CoreType = "Generic">   --->   Core 0 '' <Latency = 0> <II = 1> <Delay = 1.00> <Generic> <Opcode : >
ST_3 : Operation 29 [2/2] (0.00ns)   --->   "%call_ln35 = call void @fft<config1>, i32 %ch3_in, i32 %ch3_out, i8 %stat3_s, i16 %cfg3_s" [/home/brett/Documents/FX_Correlator/pfb/hls_pfb/pfb_fft.cpp:35]   --->   Operation 29 'call' 'call_ln35' <Predicate = true> <Delay = 0.00> <CoreType = "Generic">   --->   Core 0 '' <Latency = 0> <II = 1> <Delay = 1.00> <Generic> <Opcode : >

State 4 <SV = 3> <Delay = 0.00>
ST_4 : Operation 30 [1/2] (0.00ns)   --->   "%call_ln32 = call void @fft<config1>.1, i32 %ch0_in, i32 %ch0_out, i8 %stat0_s, i16 %cfg0_s" [/home/brett/Documents/FX_Correlator/pfb/hls_pfb/pfb_fft.cpp:32]   --->   Operation 30 'call' 'call_ln32' <Predicate = true> <Delay = 0.00> <CoreType = "Generic">   --->   Core 0 '' <Latency = 0> <II = 1> <Delay = 1.00> <Generic> <Opcode : >
ST_4 : Operation 31 [1/2] (0.00ns)   --->   "%call_ln33 = call void @fft<config1>.2, i32 %ch1_in, i32 %ch1_out, i8 %stat1_s, i16 %cfg1_s" [/home/brett/Documents/FX_Correlator/pfb/hls_pfb/pfb_fft.cpp:33]   --->   Operation 31 'call' 'call_ln33' <Predicate = true> <Delay = 0.00> <CoreType = "Generic">   --->   Core 0 '' <Latency = 0> <II = 1> <Delay = 1.00> <Generic> <Opcode : >
ST_4 : Operation 32 [1/2] (0.00ns)   --->   "%call_ln34 = call void @fft<config1>.3, i32 %ch2_in, i32 %ch2_out, i8 %stat2_s, i16 %cfg2_s" [/home/brett/Documents/FX_Correlator/pfb/hls_pfb/pfb_fft.cpp:34]   --->   Operation 32 'call' 'call_ln34' <Predicate = true> <Delay = 0.00> <CoreType = "Generic">   --->   Core 0 '' <Latency = 0> <II = 1> <Delay = 1.00> <Generic> <Opcode : >
ST_4 : Operation 33 [1/2] (0.00ns)   --->   "%call_ln35 = call void @fft<config1>, i32 %ch3_in, i32 %ch3_out, i8 %stat3_s, i16 %cfg3_s" [/home/brett/Documents/FX_Correlator/pfb/hls_pfb/pfb_fft.cpp:35]   --->   Operation 33 'call' 'call_ln35' <Predicate = true> <Delay = 0.00> <CoreType = "Generic">   --->   Core 0 '' <Latency = 0> <II = 1> <Delay = 1.00> <Generic> <Opcode : >

State 5 <SV = 4> <Delay = 0.00>
ST_5 : Operation 34 [2/2] (0.00ns)   --->   "%call_ln37 = call void @repack, i32 %ch0_out, i32 %ch1_out, i32 %ch2_out, i32 %ch3_out, i128 %stream_fft_to_write, i32 %dummy_state_2" [/home/brett/Documents/FX_Correlator/pfb/hls_pfb/pfb_fft.cpp:37]   --->   Operation 34 'call' 'call_ln37' <Predicate = true> <Delay = 0.00> <CoreType = "Generic">   --->   Core 0 '' <Latency = 0> <II = 1> <Delay = 1.00> <Generic> <Opcode : >

State 6 <SV = 5> <Delay = 0.00>
ST_6 : Operation 35 [1/1] (0.00ns)   --->   "%specdataflowpipeline_ln9 = specdataflowpipeline void @_ssdm_op_SpecDataflowPipeline, i32 4294967295, i32 0, void @empty_18" [/home/brett/Documents/FX_Correlator/pfb/hls_pfb/pfb_fft.cpp:9]   --->   Operation 35 'specdataflowpipeline' 'specdataflowpipeline_ln9' <Predicate = true> <Delay = 0.00>
ST_6 : Operation 36 [1/1] (0.00ns)   --->   "%specinterface_ln0 = specinterface void @_ssdm_op_SpecInterface, i128 %stream_fft_to_write, void @empty_8, i32 0, i32 0, void @empty_18, i32 0, i32 0, void @empty_18, void @empty_18, void @empty_18, i32 0, i32 0, i32 0, i32 0, void @empty_18, void @empty_18, i32 4294967295, i32 0"   --->   Operation 36 'specinterface' 'specinterface_ln0' <Predicate = true> <Delay = 0.00>
ST_6 : Operation 37 [1/1] (0.00ns)   --->   "%specinterface_ln0 = specinterface void @_ssdm_op_SpecInterface, i128 %stream_compute_to_fft, void @empty_8, i32 0, i32 0, void @empty_18, i32 0, i32 0, void @empty_18, void @empty_18, void @empty_18, i32 0, i32 0, i32 0, i32 0, void @empty_18, void @empty_18, i32 4294967295, i32 0"   --->   Operation 37 'specinterface' 'specinterface_ln0' <Predicate = true> <Delay = 0.00>
ST_6 : Operation 38 [1/1] (0.00ns)   --->   "%specinterface_ln9 = specinterface void @_ssdm_op_SpecInterface, i32 0, void @empty_7, i32 0, i32 0, void @empty_18, i32 0, i32 0, void @empty_18, void @empty_18, void @empty_18, i32 0, i32 0, i32 0, i32 0, void @empty_18, void @empty_18, i32 4294967295, i32 0" [/home/brett/Documents/FX_Correlator/pfb/hls_pfb/pfb_fft.cpp:9]   --->   Operation 38 'specinterface' 'specinterface_ln9' <Predicate = true> <Delay = 0.00>
ST_6 : Operation 39 [1/1] (0.00ns)   --->   "%empty = specchannel i32 @_ssdm_op_SpecChannel, void @ch0_in_str, i32 1, void @p_str, void @p_str, i32 1024, i32 1024, i32 %ch0_in, i32 %ch0_in"   --->   Operation 39 'specchannel' 'empty' <Predicate = true> <Delay = 0.00>
ST_6 : Operation 40 [1/1] (0.00ns)   --->   "%specinterface_ln0 = specinterface void @_ssdm_op_SpecInterface, i32 %ch0_in, void @empty_8, i32 0, i32 0, void @empty_18, i32 0, i32 0, void @empty_18, void @empty_18, void @empty_18, i32 0, i32 0, i32 0, i32 0, void @empty_18, void @empty_18, i32 4294967295, i32 0"   --->   Operation 40 'specinterface' 'specinterface_ln0' <Predicate = true> <Delay = 0.00>
ST_6 : Operation 41 [1/1] (0.00ns)   --->   "%empty_49 = specchannel i32 @_ssdm_op_SpecChannel, void @ch0_out_str, i32 1, void @p_str, void @p_str, i32 1024, i32 1024, i32 %ch0_out, i32 %ch0_out"   --->   Operation 41 'specchannel' 'empty_49' <Predicate = true> <Delay = 0.00>
ST_6 : Operation 42 [1/1] (0.00ns)   --->   "%specinterface_ln0 = specinterface void @_ssdm_op_SpecInterface, i32 %ch0_out, void @empty_8, i32 0, i32 0, void @empty_18, i32 0, i32 0, void @empty_18, void @empty_18, void @empty_18, i32 0, i32 0, i32 0, i32 0, void @empty_18, void @empty_18, i32 4294967295, i32 0"   --->   Operation 42 'specinterface' 'specinterface_ln0' <Predicate = true> <Delay = 0.00>
ST_6 : Operation 43 [1/1] (0.00ns)   --->   "%empty_50 = specchannel i32 @_ssdm_op_SpecChannel, void @ch1_in_str, i32 1, void @p_str, void @p_str, i32 1024, i32 1024, i32 %ch1_in, i32 %ch1_in"   --->   Operation 43 'specchannel' 'empty_50' <Predicate = true> <Delay = 0.00>
ST_6 : Operation 44 [1/1] (0.00ns)   --->   "%specinterface_ln0 = specinterface void @_ssdm_op_SpecInterface, i32 %ch1_in, void @empty_8, i32 0, i32 0, void @empty_18, i32 0, i32 0, void @empty_18, void @empty_18, void @empty_18, i32 0, i32 0, i32 0, i32 0, void @empty_18, void @empty_18, i32 4294967295, i32 0"   --->   Operation 44 'specinterface' 'specinterface_ln0' <Predicate = true> <Delay = 0.00>
ST_6 : Operation 45 [1/1] (0.00ns)   --->   "%empty_51 = specchannel i32 @_ssdm_op_SpecChannel, void @ch1_out_str, i32 1, void @p_str, void @p_str, i32 1024, i32 1024, i32 %ch1_out, i32 %ch1_out"   --->   Operation 45 'specchannel' 'empty_51' <Predicate = true> <Delay = 0.00>
ST_6 : Operation 46 [1/1] (0.00ns)   --->   "%specinterface_ln0 = specinterface void @_ssdm_op_SpecInterface, i32 %ch1_out, void @empty_8, i32 0, i32 0, void @empty_18, i32 0, i32 0, void @empty_18, void @empty_18, void @empty_18, i32 0, i32 0, i32 0, i32 0, void @empty_18, void @empty_18, i32 4294967295, i32 0"   --->   Operation 46 'specinterface' 'specinterface_ln0' <Predicate = true> <Delay = 0.00>
ST_6 : Operation 47 [1/1] (0.00ns)   --->   "%empty_52 = specchannel i32 @_ssdm_op_SpecChannel, void @ch2_in_str, i32 1, void @p_str, void @p_str, i32 1024, i32 1024, i32 %ch2_in, i32 %ch2_in"   --->   Operation 47 'specchannel' 'empty_52' <Predicate = true> <Delay = 0.00>
ST_6 : Operation 48 [1/1] (0.00ns)   --->   "%specinterface_ln0 = specinterface void @_ssdm_op_SpecInterface, i32 %ch2_in, void @empty_8, i32 0, i32 0, void @empty_18, i32 0, i32 0, void @empty_18, void @empty_18, void @empty_18, i32 0, i32 0, i32 0, i32 0, void @empty_18, void @empty_18, i32 4294967295, i32 0"   --->   Operation 48 'specinterface' 'specinterface_ln0' <Predicate = true> <Delay = 0.00>
ST_6 : Operation 49 [1/1] (0.00ns)   --->   "%empty_53 = specchannel i32 @_ssdm_op_SpecChannel, void @ch2_out_str, i32 1, void @p_str, void @p_str, i32 1024, i32 1024, i32 %ch2_out, i32 %ch2_out"   --->   Operation 49 'specchannel' 'empty_53' <Predicate = true> <Delay = 0.00>
ST_6 : Operation 50 [1/1] (0.00ns)   --->   "%specinterface_ln0 = specinterface void @_ssdm_op_SpecInterface, i32 %ch2_out, void @empty_8, i32 0, i32 0, void @empty_18, i32 0, i32 0, void @empty_18, void @empty_18, void @empty_18, i32 0, i32 0, i32 0, i32 0, void @empty_18, void @empty_18, i32 4294967295, i32 0"   --->   Operation 50 'specinterface' 'specinterface_ln0' <Predicate = true> <Delay = 0.00>
ST_6 : Operation 51 [1/1] (0.00ns)   --->   "%empty_54 = specchannel i32 @_ssdm_op_SpecChannel, void @ch3_in_str, i32 1, void @p_str, void @p_str, i32 1024, i32 1024, i32 %ch3_in, i32 %ch3_in"   --->   Operation 51 'specchannel' 'empty_54' <Predicate = true> <Delay = 0.00>
ST_6 : Operation 52 [1/1] (0.00ns)   --->   "%specinterface_ln0 = specinterface void @_ssdm_op_SpecInterface, i32 %ch3_in, void @empty_8, i32 0, i32 0, void @empty_18, i32 0, i32 0, void @empty_18, void @empty_18, void @empty_18, i32 0, i32 0, i32 0, i32 0, void @empty_18, void @empty_18, i32 4294967295, i32 0"   --->   Operation 52 'specinterface' 'specinterface_ln0' <Predicate = true> <Delay = 0.00>
ST_6 : Operation 53 [1/1] (0.00ns)   --->   "%empty_55 = specchannel i32 @_ssdm_op_SpecChannel, void @ch3_out_str, i32 1, void @p_str, void @p_str, i32 1024, i32 1024, i32 %ch3_out, i32 %ch3_out"   --->   Operation 53 'specchannel' 'empty_55' <Predicate = true> <Delay = 0.00>
ST_6 : Operation 54 [1/1] (0.00ns)   --->   "%specinterface_ln0 = specinterface void @_ssdm_op_SpecInterface, i32 %ch3_out, void @empty_8, i32 0, i32 0, void @empty_18, i32 0, i32 0, void @empty_18, void @empty_18, void @empty_18, i32 0, i32 0, i32 0, i32 0, void @empty_18, void @empty_18, i32 4294967295, i32 0"   --->   Operation 54 'specinterface' 'specinterface_ln0' <Predicate = true> <Delay = 0.00>
ST_6 : Operation 55 [1/1] (0.00ns)   --->   "%empty_56 = specchannel i32 @_ssdm_op_SpecChannel, void @cfg0_s_str, i32 1, void @p_str, void @p_str, i32 2, i32 2, i16 %cfg0_s, i16 %cfg0_s"   --->   Operation 55 'specchannel' 'empty_56' <Predicate = true> <Delay = 0.00>
ST_6 : Operation 56 [1/1] (0.00ns)   --->   "%specinterface_ln0 = specinterface void @_ssdm_op_SpecInterface, i16 %cfg0_s, void @empty_8, i32 0, i32 0, void @empty_18, i32 0, i32 0, void @empty_18, void @empty_18, void @empty_18, i32 0, i32 0, i32 0, i32 0, void @empty_18, void @empty_18, i32 4294967295, i32 0"   --->   Operation 56 'specinterface' 'specinterface_ln0' <Predicate = true> <Delay = 0.00>
ST_6 : Operation 57 [1/1] (0.00ns)   --->   "%empty_57 = specchannel i32 @_ssdm_op_SpecChannel, void @cfg1_s_str, i32 1, void @p_str, void @p_str, i32 2, i32 2, i16 %cfg1_s, i16 %cfg1_s"   --->   Operation 57 'specchannel' 'empty_57' <Predicate = true> <Delay = 0.00>
ST_6 : Operation 58 [1/1] (0.00ns)   --->   "%specinterface_ln0 = specinterface void @_ssdm_op_SpecInterface, i16 %cfg1_s, void @empty_8, i32 0, i32 0, void @empty_18, i32 0, i32 0, void @empty_18, void @empty_18, void @empty_18, i32 0, i32 0, i32 0, i32 0, void @empty_18, void @empty_18, i32 4294967295, i32 0"   --->   Operation 58 'specinterface' 'specinterface_ln0' <Predicate = true> <Delay = 0.00>
ST_6 : Operation 59 [1/1] (0.00ns)   --->   "%empty_58 = specchannel i32 @_ssdm_op_SpecChannel, void @cfg2_s_str, i32 1, void @p_str, void @p_str, i32 2, i32 2, i16 %cfg2_s, i16 %cfg2_s"   --->   Operation 59 'specchannel' 'empty_58' <Predicate = true> <Delay = 0.00>
ST_6 : Operation 60 [1/1] (0.00ns)   --->   "%specinterface_ln0 = specinterface void @_ssdm_op_SpecInterface, i16 %cfg2_s, void @empty_8, i32 0, i32 0, void @empty_18, i32 0, i32 0, void @empty_18, void @empty_18, void @empty_18, i32 0, i32 0, i32 0, i32 0, void @empty_18, void @empty_18, i32 4294967295, i32 0"   --->   Operation 60 'specinterface' 'specinterface_ln0' <Predicate = true> <Delay = 0.00>
ST_6 : Operation 61 [1/1] (0.00ns)   --->   "%empty_59 = specchannel i32 @_ssdm_op_SpecChannel, void @cfg3_s_str, i32 1, void @p_str, void @p_str, i32 2, i32 2, i16 %cfg3_s, i16 %cfg3_s"   --->   Operation 61 'specchannel' 'empty_59' <Predicate = true> <Delay = 0.00>
ST_6 : Operation 62 [1/1] (0.00ns)   --->   "%specinterface_ln0 = specinterface void @_ssdm_op_SpecInterface, i16 %cfg3_s, void @empty_8, i32 0, i32 0, void @empty_18, i32 0, i32 0, void @empty_18, void @empty_18, void @empty_18, i32 0, i32 0, i32 0, i32 0, void @empty_18, void @empty_18, i32 4294967295, i32 0"   --->   Operation 62 'specinterface' 'specinterface_ln0' <Predicate = true> <Delay = 0.00>
ST_6 : Operation 63 [1/1] (0.00ns)   --->   "%empty_60 = specchannel i32 @_ssdm_op_SpecChannel, void @stat0_s_str, i32 1, void @p_str, void @p_str, i32 2, i32 2, i8 %stat0_s, i8 %stat0_s"   --->   Operation 63 'specchannel' 'empty_60' <Predicate = true> <Delay = 0.00>
ST_6 : Operation 64 [1/1] (0.00ns)   --->   "%specinterface_ln0 = specinterface void @_ssdm_op_SpecInterface, i8 %stat0_s, void @empty_8, i32 0, i32 0, void @empty_18, i32 0, i32 0, void @empty_18, void @empty_18, void @empty_18, i32 0, i32 0, i32 0, i32 0, void @empty_18, void @empty_18, i32 4294967295, i32 0"   --->   Operation 64 'specinterface' 'specinterface_ln0' <Predicate = true> <Delay = 0.00>
ST_6 : Operation 65 [1/1] (0.00ns)   --->   "%empty_61 = specchannel i32 @_ssdm_op_SpecChannel, void @stat1_s_str, i32 1, void @p_str, void @p_str, i32 2, i32 2, i8 %stat1_s, i8 %stat1_s"   --->   Operation 65 'specchannel' 'empty_61' <Predicate = true> <Delay = 0.00>
ST_6 : Operation 66 [1/1] (0.00ns)   --->   "%specinterface_ln0 = specinterface void @_ssdm_op_SpecInterface, i8 %stat1_s, void @empty_8, i32 0, i32 0, void @empty_18, i32 0, i32 0, void @empty_18, void @empty_18, void @empty_18, i32 0, i32 0, i32 0, i32 0, void @empty_18, void @empty_18, i32 4294967295, i32 0"   --->   Operation 66 'specinterface' 'specinterface_ln0' <Predicate = true> <Delay = 0.00>
ST_6 : Operation 67 [1/1] (0.00ns)   --->   "%empty_62 = specchannel i32 @_ssdm_op_SpecChannel, void @stat2_s_str, i32 1, void @p_str, void @p_str, i32 2, i32 2, i8 %stat2_s, i8 %stat2_s"   --->   Operation 67 'specchannel' 'empty_62' <Predicate = true> <Delay = 0.00>
ST_6 : Operation 68 [1/1] (0.00ns)   --->   "%specinterface_ln0 = specinterface void @_ssdm_op_SpecInterface, i8 %stat2_s, void @empty_8, i32 0, i32 0, void @empty_18, i32 0, i32 0, void @empty_18, void @empty_18, void @empty_18, i32 0, i32 0, i32 0, i32 0, void @empty_18, void @empty_18, i32 4294967295, i32 0"   --->   Operation 68 'specinterface' 'specinterface_ln0' <Predicate = true> <Delay = 0.00>
ST_6 : Operation 69 [1/1] (0.00ns)   --->   "%empty_63 = specchannel i32 @_ssdm_op_SpecChannel, void @stat3_s_str, i32 1, void @p_str, void @p_str, i32 2, i32 2, i8 %stat3_s, i8 %stat3_s"   --->   Operation 69 'specchannel' 'empty_63' <Predicate = true> <Delay = 0.00>
ST_6 : Operation 70 [1/1] (0.00ns)   --->   "%specinterface_ln0 = specinterface void @_ssdm_op_SpecInterface, i8 %stat3_s, void @empty_8, i32 0, i32 0, void @empty_18, i32 0, i32 0, void @empty_18, void @empty_18, void @empty_18, i32 0, i32 0, i32 0, i32 0, void @empty_18, void @empty_18, i32 4294967295, i32 0"   --->   Operation 70 'specinterface' 'specinterface_ln0' <Predicate = true> <Delay = 0.00>
ST_6 : Operation 71 [1/2] (0.00ns)   --->   "%call_ln37 = call void @repack, i32 %ch0_out, i32 %ch1_out, i32 %ch2_out, i32 %ch3_out, i128 %stream_fft_to_write, i32 %dummy_state_2" [/home/brett/Documents/FX_Correlator/pfb/hls_pfb/pfb_fft.cpp:37]   --->   Operation 71 'call' 'call_ln37' <Predicate = true> <Delay = 0.00> <CoreType = "Generic">   --->   Core 0 '' <Latency = 0> <II = 1> <Delay = 1.00> <Generic> <Opcode : >
ST_6 : Operation 72 [1/1] (0.00ns)   --->   "%call_ln39 = call void @capture_status, i8 %stat0_s, i8 %stat1_s, i8 %stat2_s, i8 %stat3_s" [/home/brett/Documents/FX_Correlator/pfb/hls_pfb/pfb_fft.cpp:39]   --->   Operation 72 'call' 'call_ln39' <Predicate = true> <Delay = 0.00> <CoreType = "Generic">   --->   Core 0 '' <Latency = 0> <II = 1> <Delay = 1.00> <Generic> <Opcode : >
ST_6 : Operation 73 [1/1] (0.00ns)   --->   "%ret_ln41 = ret" [/home/brett/Documents/FX_Correlator/pfb/hls_pfb/pfb_fft.cpp:41]   --->   Operation 73 'ret' 'ret_ln41' <Predicate = true> <Delay = 0.00>


============================================================
+ Verbose Summary: Binding
============================================================
STG Binding: 
---------------- STG Properties BEGIN ----------------
- Is combinational: 0
- Is one-state seq: 0
- Is datapath-only: 0
- Is pipelined: 0
- Is top level: 0
Port [ Return ] is wired: 1; IO mode=ap_ctrl_hs:ce=0
Port [ stream_compute_to_fft]:  wired=1; compound=1; hidden=0; nouse=0; global=0; static=0; extern=0; dir=0; type=3; pingpong=0; private_global=0; IO mode=ap_fifo:ce=0
Port [ stream_fft_to_write]:  wired=1; compound=1; hidden=0; nouse=0; global=0; static=0; extern=0; dir=1; type=3; pingpong=0; private_global=0; IO mode=ap_fifo:ce=0
Port [ dummy_state_1]:  wired=0; compound=0; hidden=1; nouse=1; global=1; static=1; extern=0; dir=2; type=0; pingpong=0; private_global=0; IO mode=ap_ovld:ce=0
Port [ dummy_state_2]:  wired=0; compound=0; hidden=1; nouse=1; global=1; static=1; extern=0; dir=2; type=0; pingpong=0; private_global=0; IO mode=ap_ovld:ce=0
---------------- STG Properties END ------------------

---------------- Datapath Model BEGIN ----------------

<LifeTime>
<method=bitvector/>
ch0_in                   (alloca              ) [ 0111111]
ch0_out                  (alloca              ) [ 0011111]
ch1_in                   (alloca              ) [ 0111111]
ch1_out                  (alloca              ) [ 0011111]
ch2_in                   (alloca              ) [ 0111111]
ch2_out                  (alloca              ) [ 0011111]
ch3_in                   (alloca              ) [ 0111111]
ch3_out                  (alloca              ) [ 0011111]
cfg0_s                   (alloca              ) [ 0011111]
cfg1_s                   (alloca              ) [ 0011111]
cfg2_s                   (alloca              ) [ 0011111]
cfg3_s                   (alloca              ) [ 0011111]
stat0_s                  (alloca              ) [ 0011111]
stat1_s                  (alloca              ) [ 0011111]
stat2_s                  (alloca              ) [ 0011111]
stat3_s                  (alloca              ) [ 0011111]
call_ln28                (call                ) [ 0000000]
call_ln30                (call                ) [ 0000000]
call_ln32                (call                ) [ 0000000]
call_ln33                (call                ) [ 0000000]
call_ln34                (call                ) [ 0000000]
call_ln35                (call                ) [ 0000000]
specdataflowpipeline_ln9 (specdataflowpipeline) [ 0000000]
specinterface_ln0        (specinterface       ) [ 0000000]
specinterface_ln0        (specinterface       ) [ 0000000]
specinterface_ln9        (specinterface       ) [ 0000000]
empty                    (specchannel         ) [ 0000000]
specinterface_ln0        (specinterface       ) [ 0000000]
empty_49                 (specchannel         ) [ 0000000]
specinterface_ln0        (specinterface       ) [ 0000000]
empty_50                 (specchannel         ) [ 0000000]
specinterface_ln0        (specinterface       ) [ 0000000]
empty_51                 (specchannel         ) [ 0000000]
specinterface_ln0        (specinterface       ) [ 0000000]
empty_52                 (specchannel         ) [ 0000000]
specinterface_ln0        (specinterface       ) [ 0000000]
empty_53                 (specchannel         ) [ 0000000]
specinterface_ln0        (specinterface       ) [ 0000000]
empty_54                 (specchannel         ) [ 0000000]
specinterface_ln0        (specinterface       ) [ 0000000]
empty_55                 (specchannel         ) [ 0000000]
specinterface_ln0        (specinterface       ) [ 0000000]
empty_56                 (specchannel         ) [ 0000000]
specinterface_ln0        (specinterface       ) [ 0000000]
empty_57                 (specchannel         ) [ 0000000]
specinterface_ln0        (specinterface       ) [ 0000000]
empty_58                 (specchannel         ) [ 0000000]
specinterface_ln0        (specinterface       ) [ 0000000]
empty_59                 (specchannel         ) [ 0000000]
specinterface_ln0        (specinterface       ) [ 0000000]
empty_60                 (specchannel         ) [ 0000000]
specinterface_ln0        (specinterface       ) [ 0000000]
empty_61                 (specchannel         ) [ 0000000]
specinterface_ln0        (specinterface       ) [ 0000000]
empty_62                 (specchannel         ) [ 0000000]
specinterface_ln0        (specinterface       ) [ 0000000]
empty_63                 (specchannel         ) [ 0000000]
specinterface_ln0        (specinterface       ) [ 0000000]
call_ln37                (call                ) [ 0000000]
call_ln39                (call                ) [ 0000000]
ret_ln41                 (ret                 ) [ 0000000]
</LifeTime>

<model>

<comp_list>
<comp id="0" class="1000" name="stream_compute_to_fft">
<pin_list>
<pin id="1" dir="1" index="0" bw="1" slack="0"/>
</pin_list>
<bind>
<StgValue><ssdm name="stream_compute_to_fft"/></StgValue>
</bind>
</comp>

<comp id="2" class="1000" name="stream_fft_to_write">
<pin_list>
<pin id="3" dir="1" index="0" bw="1" slack="0"/>
</pin_list>
<bind>
<StgValue><ssdm name="stream_fft_to_write"/></StgValue>
</bind>
</comp>

<comp id="4" class="1000" name="dummy_state_1">
<pin_list>
<pin id="5" dir="1" index="0" bw="1" slack="0"/>
</pin_list>
<bind>
<StgValue><ssdm name="dummy_state_1"/></StgValue>
</bind>
</comp>

<comp id="6" class="1000" name="dummy_state_2">
<pin_list>
<pin id="7" dir="1" index="0" bw="1" slack="0"/>
</pin_list>
<bind>
<StgValue><ssdm name="dummy_state_2"/></StgValue>
</bind>
</comp>

<comp id="8" class="1001" name="const_8">
<pin_list>
<pin id="9" dir="1" index="0" bw="1" slack="0"/>
</pin_list>
<bind>
<StgValue><ssdm name=""/></StgValue>
</bind>
</comp>

<comp id="10" class="1001" name="const_10">
<pin_list>
<pin id="11" dir="1" index="0" bw="1" slack="0"/>
</pin_list>
<bind>
<StgValue><ssdm name="unpack"/></StgValue>
</bind>
</comp>

<comp id="12" class="1001" name="const_12">
<pin_list>
<pin id="13" dir="1" index="0" bw="1" slack="0"/>
</pin_list>
<bind>
<StgValue><ssdm name="init_fft_config"/></StgValue>
</bind>
</comp>

<comp id="14" class="1001" name="const_14">
<pin_list>
<pin id="15" dir="1" index="0" bw="1" slack="0"/>
</pin_list>
<bind>
<StgValue><ssdm name="fft<config1>.1"/></StgValue>
</bind>
</comp>

<comp id="16" class="1001" name="const_16">
<pin_list>
<pin id="17" dir="1" index="0" bw="1" slack="0"/>
</pin_list>
<bind>
<StgValue><ssdm name="fft<config1>.2"/></StgValue>
</bind>
</comp>

<comp id="18" class="1001" name="const_18">
<pin_list>
<pin id="19" dir="1" index="0" bw="1" slack="0"/>
</pin_list>
<bind>
<StgValue><ssdm name="fft<config1>.3"/></StgValue>
</bind>
</comp>

<comp id="20" class="1001" name="const_20">
<pin_list>
<pin id="21" dir="1" index="0" bw="1" slack="0"/>
</pin_list>
<bind>
<StgValue><ssdm name="fft<config1>"/></StgValue>
</bind>
</comp>

<comp id="22" class="1001" name="const_22">
<pin_list>
<pin id="23" dir="1" index="0" bw="1" slack="0"/>
</pin_list>
<bind>
<StgValue><ssdm name="repack"/></StgValue>
</bind>
</comp>

<comp id="24" class="1001" name="const_24">
<pin_list>
<pin id="25" dir="1" index="0" bw="1" slack="2147483647"/>
</pin_list>
<bind>
<StgValue><ssdm name="_ssdm_op_SpecDataflowPipeline"/></StgValue>
</bind>
</comp>

<comp id="26" class="1001" name="const_26">
<pin_list>
<pin id="27" dir="1" index="0" bw="1" slack="2147483647"/>
</pin_list>
<bind>
<StgValue><ssdm name=""/></StgValue>
</bind>
</comp>

<comp id="28" class="1001" name="const_28">
<pin_list>
<pin id="29" dir="1" index="0" bw="1" slack="2147483647"/>
</pin_list>
<bind>
<StgValue><ssdm name=""/></StgValue>
</bind>
</comp>

<comp id="30" class="1001" name="const_30">
<pin_list>
<pin id="31" dir="1" index="0" bw="1" slack="2147483647"/>
</pin_list>
<bind>
<StgValue><ssdm name="empty_18"/></StgValue>
</bind>
</comp>

<comp id="32" class="1001" name="const_32">
<pin_list>
<pin id="33" dir="1" index="0" bw="1" slack="2147483647"/>
</pin_list>
<bind>
<StgValue><ssdm name="_ssdm_op_SpecInterface"/></StgValue>
</bind>
</comp>

<comp id="34" class="1001" name="const_34">
<pin_list>
<pin id="35" dir="1" index="0" bw="1" slack="2147483647"/>
</pin_list>
<bind>
<StgValue><ssdm name="empty_8"/></StgValue>
</bind>
</comp>

<comp id="36" class="1001" name="const_36">
<pin_list>
<pin id="37" dir="1" index="0" bw="1" slack="2147483647"/>
</pin_list>
<bind>
<StgValue><ssdm name="empty_7"/></StgValue>
</bind>
</comp>

<comp id="38" class="1001" name="const_38">
<pin_list>
<pin id="39" dir="1" index="0" bw="1" slack="2147483647"/>
</pin_list>
<bind>
<StgValue><ssdm name="_ssdm_op_SpecChannel"/></StgValue>
</bind>
</comp>

<comp id="40" class="1001" name="const_40">
<pin_list>
<pin id="41" dir="1" index="0" bw="1" slack="2147483647"/>
</pin_list>
<bind>
<StgValue><ssdm name="ch0_in_str"/></StgValue>
</bind>
</comp>

<comp id="42" class="1001" name="const_42">
<pin_list>
<pin id="43" dir="1" index="0" bw="1" slack="2147483647"/>
</pin_list>
<bind>
<StgValue><ssdm name=""/></StgValue>
</bind>
</comp>

<comp id="44" class="1001" name="const_44">
<pin_list>
<pin id="45" dir="1" index="0" bw="1" slack="2147483647"/>
</pin_list>
<bind>
<StgValue><ssdm name="p_str"/></StgValue>
</bind>
</comp>

<comp id="46" class="1001" name="const_46">
<pin_list>
<pin id="47" dir="1" index="0" bw="1" slack="2147483647"/>
</pin_list>
<bind>
<StgValue><ssdm name=""/></StgValue>
</bind>
</comp>

<comp id="48" class="1001" name="const_48">
<pin_list>
<pin id="49" dir="1" index="0" bw="1" slack="2147483647"/>
</pin_list>
<bind>
<StgValue><ssdm name="ch0_out_str"/></StgValue>
</bind>
</comp>

<comp id="50" class="1001" name="const_50">
<pin_list>
<pin id="51" dir="1" index="0" bw="1" slack="2147483647"/>
</pin_list>
<bind>
<StgValue><ssdm name="ch1_in_str"/></StgValue>
</bind>
</comp>

<comp id="52" class="1001" name="const_52">
<pin_list>
<pin id="53" dir="1" index="0" bw="1" slack="2147483647"/>
</pin_list>
<bind>
<StgValue><ssdm name="ch1_out_str"/></StgValue>
</bind>
</comp>

<comp id="54" class="1001" name="const_54">
<pin_list>
<pin id="55" dir="1" index="0" bw="1" slack="2147483647"/>
</pin_list>
<bind>
<StgValue><ssdm name="ch2_in_str"/></StgValue>
</bind>
</comp>

<comp id="56" class="1001" name="const_56">
<pin_list>
<pin id="57" dir="1" index="0" bw="1" slack="2147483647"/>
</pin_list>
<bind>
<StgValue><ssdm name="ch2_out_str"/></StgValue>
</bind>
</comp>

<comp id="58" class="1001" name="const_58">
<pin_list>
<pin id="59" dir="1" index="0" bw="1" slack="2147483647"/>
</pin_list>
<bind>
<StgValue><ssdm name="ch3_in_str"/></StgValue>
</bind>
</comp>

<comp id="60" class="1001" name="const_60">
<pin_list>
<pin id="61" dir="1" index="0" bw="1" slack="2147483647"/>
</pin_list>
<bind>
<StgValue><ssdm name="ch3_out_str"/></StgValue>
</bind>
</comp>

<comp id="62" class="1001" name="const_62">
<pin_list>
<pin id="63" dir="1" index="0" bw="1" slack="2147483647"/>
</pin_list>
<bind>
<StgValue><ssdm name="cfg0_s_str"/></StgValue>
</bind>
</comp>

<comp id="64" class="1001" name="const_64">
<pin_list>
<pin id="65" dir="1" index="0" bw="1" slack="2147483647"/>
</pin_list>
<bind>
<StgValue><ssdm name=""/></StgValue>
</bind>
</comp>

<comp id="66" class="1001" name="const_66">
<pin_list>
<pin id="67" dir="1" index="0" bw="1" slack="2147483647"/>
</pin_list>
<bind>
<StgValue><ssdm name="cfg1_s_str"/></StgValue>
</bind>
</comp>

<comp id="68" class="1001" name="const_68">
<pin_list>
<pin id="69" dir="1" index="0" bw="1" slack="2147483647"/>
</pin_list>
<bind>
<StgValue><ssdm name="cfg2_s_str"/></StgValue>
</bind>
</comp>

<comp id="70" class="1001" name="const_70">
<pin_list>
<pin id="71" dir="1" index="0" bw="1" slack="2147483647"/>
</pin_list>
<bind>
<StgValue><ssdm name="cfg3_s_str"/></StgValue>
</bind>
</comp>

<comp id="72" class="1001" name="const_72">
<pin_list>
<pin id="73" dir="1" index="0" bw="1" slack="2147483647"/>
</pin_list>
<bind>
<StgValue><ssdm name="stat0_s_str"/></StgValue>
</bind>
</comp>

<comp id="74" class="1001" name="const_74">
<pin_list>
<pin id="75" dir="1" index="0" bw="1" slack="2147483647"/>
</pin_list>
<bind>
<StgValue><ssdm name="stat1_s_str"/></StgValue>
</bind>
</comp>

<comp id="76" class="1001" name="const_76">
<pin_list>
<pin id="77" dir="1" index="0" bw="1" slack="2147483647"/>
</pin_list>
<bind>
<StgValue><ssdm name="stat2_s_str"/></StgValue>
</bind>
</comp>

<comp id="78" class="1001" name="const_78">
<pin_list>
<pin id="79" dir="1" index="0" bw="1" slack="2147483647"/>
</pin_list>
<bind>
<StgValue><ssdm name="stat3_s_str"/></StgValue>
</bind>
</comp>

<comp id="80" class="1001" name="const_80">
<pin_list>
<pin id="81" dir="1" index="0" bw="1" slack="0"/>
</pin_list>
<bind>
<StgValue><ssdm name="capture_status"/></StgValue>
</bind>
</comp>

<comp id="82" class="1004" name="ch0_in_fu_82">
<pin_list>
<pin id="83" dir="0" index="0" bw="1" slack="0"/>
<pin id="84" dir="1" index="1" bw="32" slack="0"/>
</pin_list>
<bind>
<opcode="alloca(26) " fcode="alloca"/>
<opset="ch0_in/1 "/>
</bind>
</comp>

<comp id="86" class="1004" name="ch0_out_fu_86">
<pin_list>
<pin id="87" dir="0" index="0" bw="1" slack="0"/>
<pin id="88" dir="1" index="1" bw="32" slack="2"/>
</pin_list>
<bind>
<opcode="alloca(26) " fcode="alloca"/>
<opset="ch0_out/1 "/>
</bind>
</comp>

<comp id="90" class="1004" name="ch1_in_fu_90">
<pin_list>
<pin id="91" dir="0" index="0" bw="1" slack="0"/>
<pin id="92" dir="1" index="1" bw="32" slack="0"/>
</pin_list>
<bind>
<opcode="alloca(26) " fcode="alloca"/>
<opset="ch1_in/1 "/>
</bind>
</comp>

<comp id="94" class="1004" name="ch1_out_fu_94">
<pin_list>
<pin id="95" dir="0" index="0" bw="1" slack="0"/>
<pin id="96" dir="1" index="1" bw="32" slack="2"/>
</pin_list>
<bind>
<opcode="alloca(26) " fcode="alloca"/>
<opset="ch1_out/1 "/>
</bind>
</comp>

<comp id="98" class="1004" name="ch2_in_fu_98">
<pin_list>
<pin id="99" dir="0" index="0" bw="1" slack="0"/>
<pin id="100" dir="1" index="1" bw="32" slack="0"/>
</pin_list>
<bind>
<opcode="alloca(26) " fcode="alloca"/>
<opset="ch2_in/1 "/>
</bind>
</comp>

<comp id="102" class="1004" name="ch2_out_fu_102">
<pin_list>
<pin id="103" dir="0" index="0" bw="1" slack="0"/>
<pin id="104" dir="1" index="1" bw="32" slack="2"/>
</pin_list>
<bind>
<opcode="alloca(26) " fcode="alloca"/>
<opset="ch2_out/1 "/>
</bind>
</comp>

<comp id="106" class="1004" name="ch3_in_fu_106">
<pin_list>
<pin id="107" dir="0" index="0" bw="1" slack="0"/>
<pin id="108" dir="1" index="1" bw="32" slack="0"/>
</pin_list>
<bind>
<opcode="alloca(26) " fcode="alloca"/>
<opset="ch3_in/1 "/>
</bind>
</comp>

<comp id="110" class="1004" name="ch3_out_fu_110">
<pin_list>
<pin id="111" dir="0" index="0" bw="1" slack="0"/>
<pin id="112" dir="1" index="1" bw="32" slack="2"/>
</pin_list>
<bind>
<opcode="alloca(26) " fcode="alloca"/>
<opset="ch3_out/1 "/>
</bind>
</comp>

<comp id="114" class="1004" name="cfg0_s_fu_114">
<pin_list>
<pin id="115" dir="0" index="0" bw="1" slack="0"/>
<pin id="116" dir="1" index="1" bw="16" slack="1"/>
</pin_list>
<bind>
<opcode="alloca(26) " fcode="alloca"/>
<opset="cfg0_s/1 "/>
</bind>
</comp>

<comp id="118" class="1004" name="cfg1_s_fu_118">
<pin_list>
<pin id="119" dir="0" index="0" bw="1" slack="0"/>
<pin id="120" dir="1" index="1" bw="16" slack="1"/>
</pin_list>
<bind>
<opcode="alloca(26) " fcode="alloca"/>
<opset="cfg1_s/1 "/>
</bind>
</comp>

<comp id="122" class="1004" name="cfg2_s_fu_122">
<pin_list>
<pin id="123" dir="0" index="0" bw="1" slack="0"/>
<pin id="124" dir="1" index="1" bw="16" slack="1"/>
</pin_list>
<bind>
<opcode="alloca(26) " fcode="alloca"/>
<opset="cfg2_s/1 "/>
</bind>
</comp>

<comp id="126" class="1004" name="cfg3_s_fu_126">
<pin_list>
<pin id="127" dir="0" index="0" bw="1" slack="0"/>
<pin id="128" dir="1" index="1" bw="16" slack="1"/>
</pin_list>
<bind>
<opcode="alloca(26) " fcode="alloca"/>
<opset="cfg3_s/1 "/>
</bind>
</comp>

<comp id="130" class="1004" name="stat0_s_fu_130">
<pin_list>
<pin id="131" dir="0" index="0" bw="1" slack="0"/>
<pin id="132" dir="1" index="1" bw="8" slack="2"/>
</pin_list>
<bind>
<opcode="alloca(26) " fcode="alloca"/>
<opset="stat0_s/1 "/>
</bind>
</comp>

<comp id="134" class="1004" name="stat1_s_fu_134">
<pin_list>
<pin id="135" dir="0" index="0" bw="1" slack="0"/>
<pin id="136" dir="1" index="1" bw="8" slack="2"/>
</pin_list>
<bind>
<opcode="alloca(26) " fcode="alloca"/>
<opset="stat1_s/1 "/>
</bind>
</comp>

<comp id="138" class="1004" name="stat2_s_fu_138">
<pin_list>
<pin id="139" dir="0" index="0" bw="1" slack="0"/>
<pin id="140" dir="1" index="1" bw="8" slack="2"/>
</pin_list>
<bind>
<opcode="alloca(26) " fcode="alloca"/>
<opset="stat2_s/1 "/>
</bind>
</comp>

<comp id="142" class="1004" name="stat3_s_fu_142">
<pin_list>
<pin id="143" dir="0" index="0" bw="1" slack="0"/>
<pin id="144" dir="1" index="1" bw="8" slack="2"/>
</pin_list>
<bind>
<opcode="alloca(26) " fcode="alloca"/>
<opset="stat3_s/1 "/>
</bind>
</comp>

<comp id="146" class="1004" name="grp_unpack_fu_146">
<pin_list>
<pin id="147" dir="0" index="0" bw="0" slack="0"/>
<pin id="148" dir="0" index="1" bw="128" slack="0"/>
<pin id="149" dir="0" index="2" bw="32" slack="0"/>
<pin id="150" dir="0" index="3" bw="32" slack="0"/>
<pin id="151" dir="0" index="4" bw="32" slack="0"/>
<pin id="152" dir="0" index="5" bw="32" slack="0"/>
<pin id="153" dir="0" index="6" bw="32" slack="0"/>
<pin id="154" dir="1" index="7" bw="0" slack="2147483647"/>
</pin_list>
<bind>
<opcode="call(48) " fcode="call"/>
<opset="call_ln30/1 "/>
</bind>
</comp>

<comp id="158" class="1004" name="call_ln28_init_fft_config_fu_158">
<pin_list>
<pin id="159" dir="0" index="0" bw="0" slack="0"/>
<pin id="160" dir="0" index="1" bw="16" slack="1"/>
<pin id="161" dir="0" index="2" bw="16" slack="1"/>
<pin id="162" dir="0" index="3" bw="16" slack="1"/>
<pin id="163" dir="0" index="4" bw="16" slack="1"/>
<pin id="164" dir="1" index="5" bw="0" slack="2147483647"/>
</pin_list>
<bind>
<opcode="call(48) " fcode="call"/>
<opset="call_ln28/2 "/>
</bind>
</comp>

<comp id="166" class="1004" name="grp_fft_config1_1_fu_166">
<pin_list>
<pin id="167" dir="0" index="0" bw="0" slack="0"/>
<pin id="168" dir="0" index="1" bw="32" slack="2"/>
<pin id="169" dir="0" index="2" bw="32" slack="2"/>
<pin id="170" dir="0" index="3" bw="8" slack="2"/>
<pin id="171" dir="0" index="4" bw="16" slack="2"/>
<pin id="172" dir="1" index="5" bw="0" slack="2147483647"/>
</pin_list>
<bind>
<opcode="call(48) " fcode="call"/>
<opset="call_ln32/3 "/>
</bind>
</comp>

<comp id="174" class="1004" name="grp_fft_config1_2_fu_174">
<pin_list>
<pin id="175" dir="0" index="0" bw="0" slack="0"/>
<pin id="176" dir="0" index="1" bw="32" slack="2"/>
<pin id="177" dir="0" index="2" bw="32" slack="2"/>
<pin id="178" dir="0" index="3" bw="8" slack="2"/>
<pin id="179" dir="0" index="4" bw="16" slack="2"/>
<pin id="180" dir="1" index="5" bw="0" slack="2147483647"/>
</pin_list>
<bind>
<opcode="call(48) " fcode="call"/>
<opset="call_ln33/3 "/>
</bind>
</comp>

<comp id="182" class="1004" name="grp_fft_config1_3_fu_182">
<pin_list>
<pin id="183" dir="0" index="0" bw="0" slack="0"/>
<pin id="184" dir="0" index="1" bw="32" slack="2"/>
<pin id="185" dir="0" index="2" bw="32" slack="2"/>
<pin id="186" dir="0" index="3" bw="8" slack="2"/>
<pin id="187" dir="0" index="4" bw="16" slack="2"/>
<pin id="188" dir="1" index="5" bw="0" slack="2147483647"/>
</pin_list>
<bind>
<opcode="call(48) " fcode="call"/>
<opset="call_ln34/3 "/>
</bind>
</comp>

<comp id="190" class="1004" name="grp_fft_config1_s_fu_190">
<pin_list>
<pin id="191" dir="0" index="0" bw="0" slack="0"/>
<pin id="192" dir="0" index="1" bw="32" slack="2"/>
<pin id="193" dir="0" index="2" bw="32" slack="2"/>
<pin id="194" dir="0" index="3" bw="8" slack="2"/>
<pin id="195" dir="0" index="4" bw="16" slack="2"/>
<pin id="196" dir="1" index="5" bw="0" slack="2147483647"/>
</pin_list>
<bind>
<opcode="call(48) " fcode="call"/>
<opset="call_ln35/3 "/>
</bind>
</comp>

<comp id="198" class="1004" name="grp_repack_fu_198">
<pin_list>
<pin id="199" dir="0" index="0" bw="0" slack="0"/>
<pin id="200" dir="0" index="1" bw="32" slack="4"/>
<pin id="201" dir="0" index="2" bw="32" slack="4"/>
<pin id="202" dir="0" index="3" bw="32" slack="4"/>
<pin id="203" dir="0" index="4" bw="32" slack="4"/>
<pin id="204" dir="0" index="5" bw="128" slack="0"/>
<pin id="205" dir="0" index="6" bw="32" slack="0"/>
<pin id="206" dir="1" index="7" bw="0" slack="2147483647"/>
</pin_list>
<bind>
<opcode="call(48) " fcode="call"/>
<opset="call_ln37/5 "/>
</bind>
</comp>

<comp id="210" class="1004" name="call_ln39_capture_status_fu_210">
<pin_list>
<pin id="211" dir="0" index="0" bw="0" slack="0"/>
<pin id="212" dir="0" index="1" bw="8" slack="5"/>
<pin id="213" dir="0" index="2" bw="8" slack="5"/>
<pin id="214" dir="0" index="3" bw="8" slack="5"/>
<pin id="215" dir="0" index="4" bw="8" slack="5"/>
<pin id="216" dir="1" index="5" bw="0" slack="2147483647"/>
</pin_list>
<bind>
<opcode="call(48) " fcode="call"/>
<opset="call_ln39/6 "/>
</bind>
</comp>

<comp id="218" class="1005" name="ch0_in_reg_218">
<pin_list>
<pin id="219" dir="0" index="0" bw="32" slack="0"/>
<pin id="220" dir="1" index="1" bw="32" slack="0"/>
</pin_list>
<bind>
<opset="ch0_in "/>
</bind>
</comp>

<comp id="224" class="1005" name="ch0_out_reg_224">
<pin_list>
<pin id="225" dir="0" index="0" bw="32" slack="2"/>
<pin id="226" dir="1" index="1" bw="32" slack="2"/>
</pin_list>
<bind>
<opset="ch0_out "/>
</bind>
</comp>

<comp id="230" class="1005" name="ch1_in_reg_230">
<pin_list>
<pin id="231" dir="0" index="0" bw="32" slack="0"/>
<pin id="232" dir="1" index="1" bw="32" slack="0"/>
</pin_list>
<bind>
<opset="ch1_in "/>
</bind>
</comp>

<comp id="236" class="1005" name="ch1_out_reg_236">
<pin_list>
<pin id="237" dir="0" index="0" bw="32" slack="2"/>
<pin id="238" dir="1" index="1" bw="32" slack="2"/>
</pin_list>
<bind>
<opset="ch1_out "/>
</bind>
</comp>

<comp id="242" class="1005" name="ch2_in_reg_242">
<pin_list>
<pin id="243" dir="0" index="0" bw="32" slack="0"/>
<pin id="244" dir="1" index="1" bw="32" slack="0"/>
</pin_list>
<bind>
<opset="ch2_in "/>
</bind>
</comp>

<comp id="248" class="1005" name="ch2_out_reg_248">
<pin_list>
<pin id="249" dir="0" index="0" bw="32" slack="2"/>
<pin id="250" dir="1" index="1" bw="32" slack="2"/>
</pin_list>
<bind>
<opset="ch2_out "/>
</bind>
</comp>

<comp id="254" class="1005" name="ch3_in_reg_254">
<pin_list>
<pin id="255" dir="0" index="0" bw="32" slack="0"/>
<pin id="256" dir="1" index="1" bw="32" slack="0"/>
</pin_list>
<bind>
<opset="ch3_in "/>
</bind>
</comp>

<comp id="260" class="1005" name="ch3_out_reg_260">
<pin_list>
<pin id="261" dir="0" index="0" bw="32" slack="2"/>
<pin id="262" dir="1" index="1" bw="32" slack="2"/>
</pin_list>
<bind>
<opset="ch3_out "/>
</bind>
</comp>

<comp id="266" class="1005" name="cfg0_s_reg_266">
<pin_list>
<pin id="267" dir="0" index="0" bw="16" slack="1"/>
<pin id="268" dir="1" index="1" bw="16" slack="1"/>
</pin_list>
<bind>
<opset="cfg0_s "/>
</bind>
</comp>

<comp id="272" class="1005" name="cfg1_s_reg_272">
<pin_list>
<pin id="273" dir="0" index="0" bw="16" slack="1"/>
<pin id="274" dir="1" index="1" bw="16" slack="1"/>
</pin_list>
<bind>
<opset="cfg1_s "/>
</bind>
</comp>

<comp id="278" class="1005" name="cfg2_s_reg_278">
<pin_list>
<pin id="279" dir="0" index="0" bw="16" slack="1"/>
<pin id="280" dir="1" index="1" bw="16" slack="1"/>
</pin_list>
<bind>
<opset="cfg2_s "/>
</bind>
</comp>

<comp id="284" class="1005" name="cfg3_s_reg_284">
<pin_list>
<pin id="285" dir="0" index="0" bw="16" slack="1"/>
<pin id="286" dir="1" index="1" bw="16" slack="1"/>
</pin_list>
<bind>
<opset="cfg3_s "/>
</bind>
</comp>

<comp id="290" class="1005" name="stat0_s_reg_290">
<pin_list>
<pin id="291" dir="0" index="0" bw="8" slack="2"/>
<pin id="292" dir="1" index="1" bw="8" slack="2"/>
</pin_list>
<bind>
<opset="stat0_s "/>
</bind>
</comp>

<comp id="296" class="1005" name="stat1_s_reg_296">
<pin_list>
<pin id="297" dir="0" index="0" bw="8" slack="2"/>
<pin id="298" dir="1" index="1" bw="8" slack="2"/>
</pin_list>
<bind>
<opset="stat1_s "/>
</bind>
</comp>

<comp id="302" class="1005" name="stat2_s_reg_302">
<pin_list>
<pin id="303" dir="0" index="0" bw="8" slack="2"/>
<pin id="304" dir="1" index="1" bw="8" slack="2"/>
</pin_list>
<bind>
<opset="stat2_s "/>
</bind>
</comp>

<comp id="308" class="1005" name="stat3_s_reg_308">
<pin_list>
<pin id="309" dir="0" index="0" bw="8" slack="2"/>
<pin id="310" dir="1" index="1" bw="8" slack="2"/>
</pin_list>
<bind>
<opset="stat3_s "/>
</bind>
</comp>

</comp_list>

<net_list>
<net id="85"><net_src comp="8" pin="0"/><net_sink comp="82" pin=0"/></net>

<net id="89"><net_src comp="8" pin="0"/><net_sink comp="86" pin=0"/></net>

<net id="93"><net_src comp="8" pin="0"/><net_sink comp="90" pin=0"/></net>

<net id="97"><net_src comp="8" pin="0"/><net_sink comp="94" pin=0"/></net>

<net id="101"><net_src comp="8" pin="0"/><net_sink comp="98" pin=0"/></net>

<net id="105"><net_src comp="8" pin="0"/><net_sink comp="102" pin=0"/></net>

<net id="109"><net_src comp="8" pin="0"/><net_sink comp="106" pin=0"/></net>

<net id="113"><net_src comp="8" pin="0"/><net_sink comp="110" pin=0"/></net>

<net id="117"><net_src comp="8" pin="0"/><net_sink comp="114" pin=0"/></net>

<net id="121"><net_src comp="8" pin="0"/><net_sink comp="118" pin=0"/></net>

<net id="125"><net_src comp="8" pin="0"/><net_sink comp="122" pin=0"/></net>

<net id="129"><net_src comp="8" pin="0"/><net_sink comp="126" pin=0"/></net>

<net id="133"><net_src comp="8" pin="0"/><net_sink comp="130" pin=0"/></net>

<net id="137"><net_src comp="8" pin="0"/><net_sink comp="134" pin=0"/></net>

<net id="141"><net_src comp="8" pin="0"/><net_sink comp="138" pin=0"/></net>

<net id="145"><net_src comp="8" pin="0"/><net_sink comp="142" pin=0"/></net>

<net id="155"><net_src comp="10" pin="0"/><net_sink comp="146" pin=0"/></net>

<net id="156"><net_src comp="0" pin="0"/><net_sink comp="146" pin=1"/></net>

<net id="157"><net_src comp="4" pin="0"/><net_sink comp="146" pin=6"/></net>

<net id="165"><net_src comp="12" pin="0"/><net_sink comp="158" pin=0"/></net>

<net id="173"><net_src comp="14" pin="0"/><net_sink comp="166" pin=0"/></net>

<net id="181"><net_src comp="16" pin="0"/><net_sink comp="174" pin=0"/></net>

<net id="189"><net_src comp="18" pin="0"/><net_sink comp="182" pin=0"/></net>

<net id="197"><net_src comp="20" pin="0"/><net_sink comp="190" pin=0"/></net>

<net id="207"><net_src comp="22" pin="0"/><net_sink comp="198" pin=0"/></net>

<net id="208"><net_src comp="2" pin="0"/><net_sink comp="198" pin=5"/></net>

<net id="209"><net_src comp="6" pin="0"/><net_sink comp="198" pin=6"/></net>

<net id="217"><net_src comp="80" pin="0"/><net_sink comp="210" pin=0"/></net>

<net id="221"><net_src comp="82" pin="1"/><net_sink comp="218" pin=0"/></net>

<net id="222"><net_src comp="218" pin="1"/><net_sink comp="146" pin=2"/></net>

<net id="223"><net_src comp="218" pin="1"/><net_sink comp="166" pin=1"/></net>

<net id="227"><net_src comp="86" pin="1"/><net_sink comp="224" pin=0"/></net>

<net id="228"><net_src comp="224" pin="1"/><net_sink comp="166" pin=2"/></net>

<net id="229"><net_src comp="224" pin="1"/><net_sink comp="198" pin=1"/></net>

<net id="233"><net_src comp="90" pin="1"/><net_sink comp="230" pin=0"/></net>

<net id="234"><net_src comp="230" pin="1"/><net_sink comp="146" pin=3"/></net>

<net id="235"><net_src comp="230" pin="1"/><net_sink comp="174" pin=1"/></net>

<net id="239"><net_src comp="94" pin="1"/><net_sink comp="236" pin=0"/></net>

<net id="240"><net_src comp="236" pin="1"/><net_sink comp="174" pin=2"/></net>

<net id="241"><net_src comp="236" pin="1"/><net_sink comp="198" pin=2"/></net>

<net id="245"><net_src comp="98" pin="1"/><net_sink comp="242" pin=0"/></net>

<net id="246"><net_src comp="242" pin="1"/><net_sink comp="146" pin=4"/></net>

<net id="247"><net_src comp="242" pin="1"/><net_sink comp="182" pin=1"/></net>

<net id="251"><net_src comp="102" pin="1"/><net_sink comp="248" pin=0"/></net>

<net id="252"><net_src comp="248" pin="1"/><net_sink comp="182" pin=2"/></net>

<net id="253"><net_src comp="248" pin="1"/><net_sink comp="198" pin=3"/></net>

<net id="257"><net_src comp="106" pin="1"/><net_sink comp="254" pin=0"/></net>

<net id="258"><net_src comp="254" pin="1"/><net_sink comp="146" pin=5"/></net>

<net id="259"><net_src comp="254" pin="1"/><net_sink comp="190" pin=1"/></net>

<net id="263"><net_src comp="110" pin="1"/><net_sink comp="260" pin=0"/></net>

<net id="264"><net_src comp="260" pin="1"/><net_sink comp="190" pin=2"/></net>

<net id="265"><net_src comp="260" pin="1"/><net_sink comp="198" pin=4"/></net>

<net id="269"><net_src comp="114" pin="1"/><net_sink comp="266" pin=0"/></net>

<net id="270"><net_src comp="266" pin="1"/><net_sink comp="158" pin=1"/></net>

<net id="271"><net_src comp="266" pin="1"/><net_sink comp="166" pin=4"/></net>

<net id="275"><net_src comp="118" pin="1"/><net_sink comp="272" pin=0"/></net>

<net id="276"><net_src comp="272" pin="1"/><net_sink comp="158" pin=2"/></net>

<net id="277"><net_src comp="272" pin="1"/><net_sink comp="174" pin=4"/></net>

<net id="281"><net_src comp="122" pin="1"/><net_sink comp="278" pin=0"/></net>

<net id="282"><net_src comp="278" pin="1"/><net_sink comp="158" pin=3"/></net>

<net id="283"><net_src comp="278" pin="1"/><net_sink comp="182" pin=4"/></net>

<net id="287"><net_src comp="126" pin="1"/><net_sink comp="284" pin=0"/></net>

<net id="288"><net_src comp="284" pin="1"/><net_sink comp="158" pin=4"/></net>

<net id="289"><net_src comp="284" pin="1"/><net_sink comp="190" pin=4"/></net>

<net id="293"><net_src comp="130" pin="1"/><net_sink comp="290" pin=0"/></net>

<net id="294"><net_src comp="290" pin="1"/><net_sink comp="166" pin=3"/></net>

<net id="295"><net_src comp="290" pin="1"/><net_sink comp="210" pin=1"/></net>

<net id="299"><net_src comp="134" pin="1"/><net_sink comp="296" pin=0"/></net>

<net id="300"><net_src comp="296" pin="1"/><net_sink comp="174" pin=3"/></net>

<net id="301"><net_src comp="296" pin="1"/><net_sink comp="210" pin=2"/></net>

<net id="305"><net_src comp="138" pin="1"/><net_sink comp="302" pin=0"/></net>

<net id="306"><net_src comp="302" pin="1"/><net_sink comp="182" pin=3"/></net>

<net id="307"><net_src comp="302" pin="1"/><net_sink comp="210" pin=3"/></net>

<net id="311"><net_src comp="142" pin="1"/><net_sink comp="308" pin=0"/></net>

<net id="312"><net_src comp="308" pin="1"/><net_sink comp="190" pin=3"/></net>

<net id="313"><net_src comp="308" pin="1"/><net_sink comp="210" pin=4"/></net>

</net_list>

</model> 
---------------- Datapath Model END ------------------

* FSMD analyzer results:
  - Output states:
	Port: stream_fft_to_write | {5 6 }
	Port: dummy_state_1 | {1 2 }
	Port: dummy_state_2 | {5 6 }
 - Input state : 
	Port: fft : stream_compute_to_fft | {1 2 }
	Port: fft : dummy_state_1 | {1 2 }
	Port: fft : dummy_state_2 | {5 6 }
  - Chain level:
	State 1
		call_ln30 : 1
	State 2
	State 3
	State 4
	State 5
	State 6


============================================================
+ Verbose Summary: Datapath Resource usage 
============================================================

* Functional unit list:
|----------|----------------------------------|---------|---------|---------|---------|
| Operation|          Functional Unit         |   BRAM  |   DSP   |    FF   |   LUT   |
|----------|----------------------------------|---------|---------|---------|---------|
|          |         grp_unpack_fu_146        |    0    |    0    |    11   |    54   |
|          | call_ln28_init_fft_config_fu_158 |    0    |    0    |    0    |    0    |
|          |     grp_fft_config1_1_fu_166     |    8    |    0    |   9883  |   7835  |
|   call   |     grp_fft_config1_2_fu_174     |    8    |    0    |   9883  |   7835  |
|          |     grp_fft_config1_3_fu_182     |    8    |    0    |   9883  |   7835  |
|          |     grp_fft_config1_s_fu_190     |    8    |    0    |   9883  |   7835  |
|          |         grp_repack_fu_198        |    0    |    0    |   140   |   430   |
|          |  call_ln39_capture_status_fu_210 |    0    |    0    |    0    |    0    |
|----------|----------------------------------|---------|---------|---------|---------|
|   Total  |                                  |    32   |    0    |  39683  |  31824  |
|----------|----------------------------------|---------|---------|---------|---------|

Memories:
N/A

* Register list:
+---------------+--------+
|               |   FF   |
+---------------+--------+
| cfg0_s_reg_266|   16   |
| cfg1_s_reg_272|   16   |
| cfg2_s_reg_278|   16   |
| cfg3_s_reg_284|   16   |
| ch0_in_reg_218|   32   |
|ch0_out_reg_224|   32   |
| ch1_in_reg_230|   32   |
|ch1_out_reg_236|   32   |
| ch2_in_reg_242|   32   |
|ch2_out_reg_248|   32   |
| ch3_in_reg_254|   32   |
|ch3_out_reg_260|   32   |
|stat0_s_reg_290|    8   |
|stat1_s_reg_296|    8   |
|stat2_s_reg_302|    8   |
|stat3_s_reg_308|    8   |
+---------------+--------+
|     Total     |   352  |
+---------------+--------+

* Multiplexer (MUX) list: 
|--------|------|------|------|--------|
|  Comp  |  Pin | Size |  BW  | S x BW |
|--------|------|------|------|--------|
|  Total |      |      |      |    0   |
|--------|------|------|------|--------|



* Summary:
+-----------+--------+--------+--------+--------+
|           |  BRAM  |   DSP  |   FF   |   LUT  |
+-----------+--------+--------+--------+--------+
|  Function |   32   |    0   |  39683 |  31824 |
|   Memory  |    -   |    -   |    -   |    -   |
|Multiplexer|    -   |    -   |    -   |    -   |
|  Register |    -   |    -   |   352  |    -   |
+-----------+--------+--------+--------+--------+
|   Total   |   32   |    0   |  40035 |  31824 |
+-----------+--------+--------+--------+--------+
