

================================================================
== Vitis HLS Report for 'capture_status'
================================================================
* Date:           Sat Jan 10 15:28:44 2026

* Version:        2023.2 (Build 4023990 on Oct 11 2023)
* Project:        hls_pfb
* Solution:       hls (Vivado IP Flow Target)
* Product family: zynq
* Target device:  xc7z045-ffg900-2


================================================================
== Performance Estimates
================================================================
+ Timing: 
    * Summary: 
    +--------+----------+----------+------------+
    |  Clock |  Target  | Estimated| Uncertainty|
    +--------+----------+----------+------------+
    |ap_clk  |  10.00 ns|  3.401 ns|     2.70 ns|
    +--------+----------+----------+------------+

+ Latency: 
    * Summary: 
    +---------+---------+----------+----------+-----+-----+---------+
    |  Latency (cycles) |  Latency (absolute) |  Interval | Pipeline|
    |   min   |   max   |    min   |    max   | min | max |   Type  |
    +---------+---------+----------+----------+-----+-----+---------+
    |        0|        0|      0 ns|      0 ns|    0|    0|       no|
    +---------+---------+----------+----------+-----+-----+---------+

    + Detail: 
        * Instance: 
        N/A

        * Loop: 
        N/A



================================================================
== Utilization Estimates
================================================================
* Summary: 
+-----------------+---------+-----+--------+--------+-----+
|       Name      | BRAM_18K| DSP |   FF   |   LUT  | URAM|
+-----------------+---------+-----+--------+--------+-----+
|DSP              |        -|    -|       -|       -|    -|
|Expression       |        -|    -|       0|       1|    -|
|FIFO             |        -|    -|       -|       -|    -|
|Instance         |        -|    -|       -|       -|    -|
|Memory           |        -|    -|       -|       -|    -|
|Multiplexer      |        -|    -|       -|      45|    -|
|Register         |        -|    -|       2|       -|    -|
+-----------------+---------+-----+--------+--------+-----+
|Total            |        0|    0|       2|      46|    0|
+-----------------+---------+-----+--------+--------+-----+
|Available        |     1090|  900|  437200|  218600|    0|
+-----------------+---------+-----+--------+--------+-----+
|Utilization (%)  |        0|    0|      ~0|      ~0|    0|
+-----------------+---------+-----+--------+--------+-----+

+ Detail: 
    * Instance: 
    N/A

    * DSP: 
    N/A

    * Memory: 
    N/A

    * FIFO: 
    N/A

    * Expression: 
    +-----------------+----------+----+---+----+------------+------------+
    |  Variable Name  | Operation| DSP| FF| LUT| Bitwidth P0| Bitwidth P1|
    +-----------------+----------+----+---+----+------------+------------+
    |ap_block_state1  |        or|   0|  0|   1|           1|           1|
    +-----------------+----------+----+---+----+------------+------------+
    |Total            |          |   0|  0|   1|           1|           1|
    +-----------------+----------+----+---+----+------------+------------+

    * Multiplexer: 
    +---------------+----+-----------+-----+-----------+
    |      Name     | LUT| Input Size| Bits| Total Bits|
    +---------------+----+-----------+-----+-----------+
    |ap_done        |   9|          2|    1|          2|
    |stat0_s_blk_n  |   9|          2|    1|          2|
    |stat1_s_blk_n  |   9|          2|    1|          2|
    |stat2_s_blk_n  |   9|          2|    1|          2|
    |stat3_s_blk_n  |   9|          2|    1|          2|
    +---------------+----+-----------+-----+-----------+
    |Total          |  45|         10|    5|         10|
    +---------------+----+-----------+-----+-----------+

    * Register: 
    +-------------+---+----+-----+-----------+
    |     Name    | FF| LUT| Bits| Const Bits|
    +-------------+---+----+-----+-----------+
    |ap_CS_fsm    |  1|   0|    1|          0|
    |ap_done_reg  |  1|   0|    1|          0|
    +-------------+---+----+-----+-----------+
    |Total        |  2|   0|    2|          0|
    +-------------+---+----+-----+-----------+



================================================================
== Interface
================================================================
* Summary: 
+------------------------+-----+-----+------------+----------------+--------------+
|        RTL Ports       | Dir | Bits|  Protocol  |  Source Object |    C Type    |
+------------------------+-----+-----+------------+----------------+--------------+
|ap_clk                  |   in|    1|  ap_ctrl_hs|  capture_status|  return value|
|ap_rst                  |   in|    1|  ap_ctrl_hs|  capture_status|  return value|
|ap_start                |   in|    1|  ap_ctrl_hs|  capture_status|  return value|
|ap_done                 |  out|    1|  ap_ctrl_hs|  capture_status|  return value|
|ap_continue             |   in|    1|  ap_ctrl_hs|  capture_status|  return value|
|ap_idle                 |  out|    1|  ap_ctrl_hs|  capture_status|  return value|
|ap_ready                |  out|    1|  ap_ctrl_hs|  capture_status|  return value|
|stat0_s_dout            |   in|    8|     ap_fifo|         stat0_s|       pointer|
|stat0_s_num_data_valid  |   in|    3|     ap_fifo|         stat0_s|       pointer|
|stat0_s_fifo_cap        |   in|    3|     ap_fifo|         stat0_s|       pointer|
|stat0_s_empty_n         |   in|    1|     ap_fifo|         stat0_s|       pointer|
|stat0_s_read            |  out|    1|     ap_fifo|         stat0_s|       pointer|
|stat1_s_dout            |   in|    8|     ap_fifo|         stat1_s|       pointer|
|stat1_s_num_data_valid  |   in|    3|     ap_fifo|         stat1_s|       pointer|
|stat1_s_fifo_cap        |   in|    3|     ap_fifo|         stat1_s|       pointer|
|stat1_s_empty_n         |   in|    1|     ap_fifo|         stat1_s|       pointer|
|stat1_s_read            |  out|    1|     ap_fifo|         stat1_s|       pointer|
|stat2_s_dout            |   in|    8|     ap_fifo|         stat2_s|       pointer|
|stat2_s_num_data_valid  |   in|    3|     ap_fifo|         stat2_s|       pointer|
|stat2_s_fifo_cap        |   in|    3|     ap_fifo|         stat2_s|       pointer|
|stat2_s_empty_n         |   in|    1|     ap_fifo|         stat2_s|       pointer|
|stat2_s_read            |  out|    1|     ap_fifo|         stat2_s|       pointer|
|stat3_s_dout            |   in|    8|     ap_fifo|         stat3_s|       pointer|
|stat3_s_num_data_valid  |   in|    3|     ap_fifo|         stat3_s|       pointer|
|stat3_s_fifo_cap        |   in|    3|     ap_fifo|         stat3_s|       pointer|
|stat3_s_empty_n         |   in|    1|     ap_fifo|         stat3_s|       pointer|
|stat3_s_read            |  out|    1|     ap_fifo|         stat3_s|       pointer|
+------------------------+-----+-----+------------+----------------+--------------+

