

================================================================
== Vitis HLS Report for 'compute_pfb_Pipeline_load_coeffs'
================================================================
* Date:           Thu Jan  8 20:12:43 2026

* Version:        2023.2 (Build 4023990 on Oct 11 2023)
* Project:        hls_pfb
* Solution:       hls (Vivado IP Flow Target)
* Product family: zynq
* Target device:  xc7z045-ffg900-2


================================================================
== Performance Estimates
================================================================
+ Timing: 
    * Summary: 
    +--------+----------+----------+------------+
    |  Clock |  Target  | Estimated| Uncertainty|
    +--------+----------+----------+------------+
    |ap_clk  |  10.00 ns|  7.300 ns|     2.70 ns|
    +--------+----------+----------+------------+

+ Latency: 
    * Summary: 
    +---------+---------+-----------+-----------+------+------+---------+
    |  Latency (cycles) |   Latency (absolute)  |   Interval  | Pipeline|
    |   min   |   max   |    min    |    max    |  min |  max |   Type  |
    +---------+---------+-----------+-----------+------+------+---------+
    |     4099|     4099|  40.990 us|  40.990 us|  4099|  4099|       no|
    +---------+---------+-----------+-----------+------+------+---------+

    + Detail: 
        * Instance: 
        N/A

        * Loop: 
        +---------------+---------+---------+----------+-----------+-----------+------+----------+
        |               |  Latency (cycles) | Iteration|  Initiation Interval  | Trip |          |
        |   Loop Name   |   min   |   max   |  Latency |  achieved |   target  | Count| Pipelined|
        +---------------+---------+---------+----------+-----------+-----------+------+----------+
        |- load_coeffs  |     4097|     4097|         3|          1|          1|  4096|       yes|
        +---------------+---------+---------+----------+-----------+-----------+------+----------+



================================================================
== Utilization Estimates
================================================================
* Summary: 
+-----------------+---------+-----+--------+--------+-----+
|       Name      | BRAM_18K| DSP |   FF   |   LUT  | URAM|
+-----------------+---------+-----+--------+--------+-----+
|DSP              |        -|    -|       -|       -|    -|
|Expression       |        -|    -|       0|      97|    -|
|FIFO             |        -|    -|       -|       -|    -|
|Instance         |        -|    -|       -|       -|    -|
|Memory           |        -|    -|       -|       -|    -|
|Multiplexer      |        -|    -|       -|      71|    -|
|Register         |        -|    -|      80|       -|    -|
+-----------------+---------+-----+--------+--------+-----+
|Total            |        0|    0|      80|     168|    0|
+-----------------+---------+-----+--------+--------+-----+
|Available        |     1090|  900|  437200|  218600|    0|
+-----------------+---------+-----+--------+--------+-----+
|Utilization (%)  |        0|    0|      ~0|      ~0|    0|
+-----------------+---------+-----+--------+--------+-----+

+ Detail: 
    * Instance: 
    N/A

    * DSP: 
    N/A

    * Memory: 
    N/A

    * FIFO: 
    N/A

    * Expression: 
    +---------------------------+----------+----+---+----+------------+------------+
    |       Variable Name       | Operation| DSP| FF| LUT| Bitwidth P0| Bitwidth P1|
    +---------------------------+----------+----+---+----+------------+------------+
    |add_ln49_1_fu_246_p2       |         +|   0|  0|  26|          26|          14|
    |add_ln49_2_fu_207_p2       |         +|   0|  0|  13|          13|           1|
    |add_ln49_fu_197_p2         |         +|   0|  0|  13|          13|           1|
    |ap_block_pp0_stage0_11001  |       and|   0|  0|   1|           1|           1|
    |icmp_ln49_1_fu_213_p2      |      icmp|   0|  0|  13|          13|           3|
    |icmp_ln49_fu_191_p2        |      icmp|   0|  0|  14|          13|          14|
    |select_ln49_fu_219_p3      |    select|   0|  0|  13|           1|          13|
    |ap_enable_pp0              |       xor|   0|  0|   2|           1|           2|
    |ap_enable_reg_pp0_iter1    |       xor|   0|  0|   2|           2|           1|
    +---------------------------+----------+----+---+----+------------+------------+
    |Total                      |          |   0|  0|  97|          83|          50|
    +---------------------------+----------+----+---+----+------------+------------+

    * Multiplexer: 
    +-------------------------+----+-----------+-----+-----------+
    |           Name          | LUT| Input Size| Bits| Total Bits|
    +-------------------------+----+-----------+-----+-----------+
    |ap_NS_fsm                |  17|          4|    1|          4|
    |ap_enable_reg_pp0_iter1  |   9|          2|    1|          2|
    |ap_enable_reg_pp0_iter2  |   9|          2|    1|          2|
    |gmem_blk_n_R             |   9|          2|    1|          2|
    |i_fu_86                  |   9|          2|   13|         26|
    |phi_mul_fu_82            |   9|          2|   26|         52|
    |phi_urem_fu_78           |   9|          2|   13|         26|
    +-------------------------+----+-----------+-----+-----------+
    |Total                    |  71|         16|   56|        114|
    +-------------------------+----+-----------+-----+-----------+

    * Register: 
    +----------------------------------+----+----+-----+-----------+
    |               Name               | FF | LUT| Bits| Const Bits|
    +----------------------------------+----+----+-----+-----------+
    |ap_CS_fsm                         |   3|   0|    3|          0|
    |ap_enable_reg_pp0_iter0           |   1|   0|    1|          0|
    |ap_enable_reg_pp0_iter1           |   1|   0|    1|          0|
    |ap_enable_reg_pp0_iter2           |   1|   0|    1|          0|
    |gmem_addr_read_reg_309            |  16|   0|   16|          0|
    |i_fu_86                           |  13|   0|   13|          0|
    |phi_mul_fu_82                     |  26|   0|   26|          0|
    |phi_urem_fu_78                    |  13|   0|   13|          0|
    |trunc_ln49_reg_305                |   3|   0|    3|          0|
    |trunc_ln49_reg_305_pp0_iter1_reg  |   3|   0|    3|          0|
    +----------------------------------+----+----+-----+-----------+
    |Total                             |  80|   0|   80|          0|
    +----------------------------------+----+----+-----+-----------+



================================================================
== Interface
================================================================
* Summary: 
+-----------------------------------------------------------------------------+-----+-----+------------+--------------------------------------------------------------------+--------------+
|                                  RTL Ports                                  | Dir | Bits|  Protocol  |                            Source Object                           |    C Type    |
+-----------------------------------------------------------------------------+-----+-----+------------+--------------------------------------------------------------------+--------------+
|ap_clk                                                                       |   in|    1|  ap_ctrl_hs|                                    compute_pfb_Pipeline_load_coeffs|  return value|
|ap_rst                                                                       |   in|    1|  ap_ctrl_hs|                                    compute_pfb_Pipeline_load_coeffs|  return value|
|ap_start                                                                     |   in|    1|  ap_ctrl_hs|                                    compute_pfb_Pipeline_load_coeffs|  return value|
|ap_done                                                                      |  out|    1|  ap_ctrl_hs|                                    compute_pfb_Pipeline_load_coeffs|  return value|
|ap_idle                                                                      |  out|    1|  ap_ctrl_hs|                                    compute_pfb_Pipeline_load_coeffs|  return value|
|ap_ready                                                                     |  out|    1|  ap_ctrl_hs|                                    compute_pfb_Pipeline_load_coeffs|  return value|
|m_axi_gmem_AWVALID                                                           |  out|    1|       m_axi|                                                                gmem|       pointer|
|m_axi_gmem_AWREADY                                                           |   in|    1|       m_axi|                                                                gmem|       pointer|
|m_axi_gmem_AWADDR                                                            |  out|   64|       m_axi|                                                                gmem|       pointer|
|m_axi_gmem_AWID                                                              |  out|    1|       m_axi|                                                                gmem|       pointer|
|m_axi_gmem_AWLEN                                                             |  out|   32|       m_axi|                                                                gmem|       pointer|
|m_axi_gmem_AWSIZE                                                            |  out|    3|       m_axi|                                                                gmem|       pointer|
|m_axi_gmem_AWBURST                                                           |  out|    2|       m_axi|                                                                gmem|       pointer|
|m_axi_gmem_AWLOCK                                                            |  out|    2|       m_axi|                                                                gmem|       pointer|
|m_axi_gmem_AWCACHE                                                           |  out|    4|       m_axi|                                                                gmem|       pointer|
|m_axi_gmem_AWPROT                                                            |  out|    3|       m_axi|                                                                gmem|       pointer|
|m_axi_gmem_AWQOS                                                             |  out|    4|       m_axi|                                                                gmem|       pointer|
|m_axi_gmem_AWREGION                                                          |  out|    4|       m_axi|                                                                gmem|       pointer|
|m_axi_gmem_AWUSER                                                            |  out|    1|       m_axi|                                                                gmem|       pointer|
|m_axi_gmem_WVALID                                                            |  out|    1|       m_axi|                                                                gmem|       pointer|
|m_axi_gmem_WREADY                                                            |   in|    1|       m_axi|                                                                gmem|       pointer|
|m_axi_gmem_WDATA                                                             |  out|   16|       m_axi|                                                                gmem|       pointer|
|m_axi_gmem_WSTRB                                                             |  out|    2|       m_axi|                                                                gmem|       pointer|
|m_axi_gmem_WLAST                                                             |  out|    1|       m_axi|                                                                gmem|       pointer|
|m_axi_gmem_WID                                                               |  out|    1|       m_axi|                                                                gmem|       pointer|
|m_axi_gmem_WUSER                                                             |  out|    1|       m_axi|                                                                gmem|       pointer|
|m_axi_gmem_ARVALID                                                           |  out|    1|       m_axi|                                                                gmem|       pointer|
|m_axi_gmem_ARREADY                                                           |   in|    1|       m_axi|                                                                gmem|       pointer|
|m_axi_gmem_ARADDR                                                            |  out|   64|       m_axi|                                                                gmem|       pointer|
|m_axi_gmem_ARID                                                              |  out|    1|       m_axi|                                                                gmem|       pointer|
|m_axi_gmem_ARLEN                                                             |  out|   32|       m_axi|                                                                gmem|       pointer|
|m_axi_gmem_ARSIZE                                                            |  out|    3|       m_axi|                                                                gmem|       pointer|
|m_axi_gmem_ARBURST                                                           |  out|    2|       m_axi|                                                                gmem|       pointer|
|m_axi_gmem_ARLOCK                                                            |  out|    2|       m_axi|                                                                gmem|       pointer|
|m_axi_gmem_ARCACHE                                                           |  out|    4|       m_axi|                                                                gmem|       pointer|
|m_axi_gmem_ARPROT                                                            |  out|    3|       m_axi|                                                                gmem|       pointer|
|m_axi_gmem_ARQOS                                                             |  out|    4|       m_axi|                                                                gmem|       pointer|
|m_axi_gmem_ARREGION                                                          |  out|    4|       m_axi|                                                                gmem|       pointer|
|m_axi_gmem_ARUSER                                                            |  out|    1|       m_axi|                                                                gmem|       pointer|
|m_axi_gmem_RVALID                                                            |   in|    1|       m_axi|                                                                gmem|       pointer|
|m_axi_gmem_RREADY                                                            |  out|    1|       m_axi|                                                                gmem|       pointer|
|m_axi_gmem_RDATA                                                             |   in|   16|       m_axi|                                                                gmem|       pointer|
|m_axi_gmem_RLAST                                                             |   in|    1|       m_axi|                                                                gmem|       pointer|
|m_axi_gmem_RID                                                               |   in|    1|       m_axi|                                                                gmem|       pointer|
|m_axi_gmem_RFIFONUM                                                          |   in|   10|       m_axi|                                                                gmem|       pointer|
|m_axi_gmem_RUSER                                                             |   in|    1|       m_axi|                                                                gmem|       pointer|
|m_axi_gmem_RRESP                                                             |   in|    2|       m_axi|                                                                gmem|       pointer|
|m_axi_gmem_BVALID                                                            |   in|    1|       m_axi|                                                                gmem|       pointer|
|m_axi_gmem_BREADY                                                            |  out|    1|       m_axi|                                                                gmem|       pointer|
|m_axi_gmem_BRESP                                                             |   in|    2|       m_axi|                                                                gmem|       pointer|
|m_axi_gmem_BID                                                               |   in|    1|       m_axi|                                                                gmem|       pointer|
|m_axi_gmem_BUSER                                                             |   in|    1|       m_axi|                                                                gmem|       pointer|
|sext_ln49                                                                    |   in|   63|     ap_none|                                                           sext_ln49|        scalar|
|compute_pfb_stream_stream_ap_fixed_16_1_5_3_0_const_local_coeffs_4_address0  |  out|   10|   ap_memory|  compute_pfb_stream_stream_ap_fixed_16_1_5_3_0_const_local_coeffs_4|         array|
|compute_pfb_stream_stream_ap_fixed_16_1_5_3_0_const_local_coeffs_4_ce0       |  out|    1|   ap_memory|  compute_pfb_stream_stream_ap_fixed_16_1_5_3_0_const_local_coeffs_4|         array|
|compute_pfb_stream_stream_ap_fixed_16_1_5_3_0_const_local_coeffs_4_we0       |  out|    1|   ap_memory|  compute_pfb_stream_stream_ap_fixed_16_1_5_3_0_const_local_coeffs_4|         array|
|compute_pfb_stream_stream_ap_fixed_16_1_5_3_0_const_local_coeffs_4_d0        |  out|   16|   ap_memory|  compute_pfb_stream_stream_ap_fixed_16_1_5_3_0_const_local_coeffs_4|         array|
|compute_pfb_stream_stream_ap_fixed_16_1_5_3_0_const_local_coeffs_3_address0  |  out|   10|   ap_memory|  compute_pfb_stream_stream_ap_fixed_16_1_5_3_0_const_local_coeffs_3|         array|
|compute_pfb_stream_stream_ap_fixed_16_1_5_3_0_const_local_coeffs_3_ce0       |  out|    1|   ap_memory|  compute_pfb_stream_stream_ap_fixed_16_1_5_3_0_const_local_coeffs_3|         array|
|compute_pfb_stream_stream_ap_fixed_16_1_5_3_0_const_local_coeffs_3_we0       |  out|    1|   ap_memory|  compute_pfb_stream_stream_ap_fixed_16_1_5_3_0_const_local_coeffs_3|         array|
|compute_pfb_stream_stream_ap_fixed_16_1_5_3_0_const_local_coeffs_3_d0        |  out|   16|   ap_memory|  compute_pfb_stream_stream_ap_fixed_16_1_5_3_0_const_local_coeffs_3|         array|
|compute_pfb_stream_stream_ap_fixed_16_1_5_3_0_const_local_coeffs_2_address0  |  out|   10|   ap_memory|  compute_pfb_stream_stream_ap_fixed_16_1_5_3_0_const_local_coeffs_2|         array|
|compute_pfb_stream_stream_ap_fixed_16_1_5_3_0_const_local_coeffs_2_ce0       |  out|    1|   ap_memory|  compute_pfb_stream_stream_ap_fixed_16_1_5_3_0_const_local_coeffs_2|         array|
|compute_pfb_stream_stream_ap_fixed_16_1_5_3_0_const_local_coeffs_2_we0       |  out|    1|   ap_memory|  compute_pfb_stream_stream_ap_fixed_16_1_5_3_0_const_local_coeffs_2|         array|
|compute_pfb_stream_stream_ap_fixed_16_1_5_3_0_const_local_coeffs_2_d0        |  out|   16|   ap_memory|  compute_pfb_stream_stream_ap_fixed_16_1_5_3_0_const_local_coeffs_2|         array|
|compute_pfb_stream_stream_ap_fixed_16_1_5_3_0_const_local_coeffs_1_address0  |  out|   10|   ap_memory|  compute_pfb_stream_stream_ap_fixed_16_1_5_3_0_const_local_coeffs_1|         array|
|compute_pfb_stream_stream_ap_fixed_16_1_5_3_0_const_local_coeffs_1_ce0       |  out|    1|   ap_memory|  compute_pfb_stream_stream_ap_fixed_16_1_5_3_0_const_local_coeffs_1|         array|
|compute_pfb_stream_stream_ap_fixed_16_1_5_3_0_const_local_coeffs_1_we0       |  out|    1|   ap_memory|  compute_pfb_stream_stream_ap_fixed_16_1_5_3_0_const_local_coeffs_1|         array|
|compute_pfb_stream_stream_ap_fixed_16_1_5_3_0_const_local_coeffs_1_d0        |  out|   16|   ap_memory|  compute_pfb_stream_stream_ap_fixed_16_1_5_3_0_const_local_coeffs_1|         array|
|compute_pfb_stream_stream_ap_fixed_16_1_5_3_0_const_local_coeffs_address0    |  out|   10|   ap_memory|    compute_pfb_stream_stream_ap_fixed_16_1_5_3_0_const_local_coeffs|         array|
|compute_pfb_stream_stream_ap_fixed_16_1_5_3_0_const_local_coeffs_ce0         |  out|    1|   ap_memory|    compute_pfb_stream_stream_ap_fixed_16_1_5_3_0_const_local_coeffs|         array|
|compute_pfb_stream_stream_ap_fixed_16_1_5_3_0_const_local_coeffs_we0         |  out|    1|   ap_memory|    compute_pfb_stream_stream_ap_fixed_16_1_5_3_0_const_local_coeffs|         array|
|compute_pfb_stream_stream_ap_fixed_16_1_5_3_0_const_local_coeffs_d0          |  out|   16|   ap_memory|    compute_pfb_stream_stream_ap_fixed_16_1_5_3_0_const_local_coeffs|         array|
+-----------------------------------------------------------------------------+-----+-----+------------+--------------------------------------------------------------------+--------------+

