================================================================
== Design Size Report
================================================================

* Total Instructions per Compilation Phase
+---------------+-----------------------------+--------------+----------------------------------------------------------------------------------------+
| Phase         | Step                        | Instructions | Description                                                                            |
+---------------+-----------------------------+--------------+----------------------------------------------------------------------------------------+
| Compile/Link  |                             | 6,653        | After all functions are compiled and linked into a single design                       |
|               |                             |              |                                                                                        |
| Unroll/Inline |                             |              | After user unroll and inline pragmas are applied                                       |
|               | (1) unroll                  | 3,018        | user unroll pragmas are applied                                                        |
|               | (2) simplification          | 1,274        | simplification of applied user unroll pragmas                                          |
|               | (3) inline                  | 1,266        | user inline pragmas are applied                                                        |
|               | (4) simplification          | 1,119        | simplification of applied user inline pragmas                                          |
|               |                             |              |                                                                                        |
| Array/Struct  |                             |              | After user array partition and struct aggregate/disaggregate pragmas are applied       |
|               | (1) array partition         | 1,834        | user array partition pragmas are applied                                               |
|               | (2) simplification          | 1,227        | simplification of applied user array partition & struct aggregate/disaggregate pragmas |
|               | (3) aggregate/disaggregate  | 1,237        | user struct aggregate/disaggregate pragmas are applied                                 |
|               | (4) array reshape           | 1,670        | apply array reshape pragmas                                                            |
|               | (5) access patterns         | 1,681        | array access pattern optmizations                                                      |
|               |                             |              |                                                                                        |
| Performance   |                             |              | After transformations are applied to meet performance pragma targets                   |
|               | (1) loop simplification     | 1,681        | loop and instruction simplification                                                    |
|               | (2) parallelization         | 1,677        | loops are unrolled or pipelined to meet performance targets                            |
|               | (3) array partition         | 1,763        | arrays are partitioned to meet performance targets                                     |
|               | (4) simplification          | 1,746        | simplification of design after performance transformations                             |
|               |                             |              |                                                                                        |
| HW Transforms |                             |              | After hardware transfomations                                                          |
|               | (1) lowering                | 1,686        | initial conversion to HW specific instructions                                         |
|               | (2) optimizations           | 1,813        | high level synthesis optimizations                                                     |
+---------------+-----------------------------+--------------+----------------------------------------------------------------------------------------+

* Instructions per Function for each Compilation Phase
+-----------------------+-------------------------+-----------------+----------------+----------------+----------------+----------------+
| Function              | Location                | Compile/Link    | Unroll/Inline  | Array/Struct   | Performance    | HW Transforms  |
+-----------------------+-------------------------+-----------------+----------------+----------------+----------------+----------------+
| + pfb_multichannel    | pfb_top.cpp:3           | 6,653           | 1,119          | 1,681          | 1,746          | 1,813          |
|    read_inputs        | pfb_io.cpp:3            |  160            |   28           |   92           |   92           |  106           |
|    decimate_pfb       | pfb_compute.cpp:3       | 1,984           |  545           |  826           |  885           |  877           |
|  + fft                | pfb_fft.cpp:3           | 3,686           |  464           |  640           |  636           |  675           |
|   + init_fft_config   | pfb_helper.cpp:20       |  586            |    6           |    6           |    6           |   14           |
|      config_t         | hls_fft.h:91            |    8 (4 calls)  |                |                |                |                |
|      setDir           | hls_fft.h:211           |  232 (4 calls)  |                |                |                |                |
|    + setSch           | hls_fft.h:239           |  292 (4 calls)  |                |                |                |                |
|       checkSch        | hls_fft.h:134           |    4 (4 calls)  |                |                |                |                |
|     unpack            | pfb_io.cpp:70           |  514            |   36           |  144           |  144           |  115           |
|   + fft<config1>      | hls_fft_x_complex.h:696 | 1,024 (4 calls) |  124 (4 calls) |  108 (4 calls) |  104 (4 calls) |  164 (4 calls) |
|    + fft_syn<config1> | hls_fft_x_complex.h:509 | 1,004 (4 calls) |  104 (4 calls) |   96 (4 calls) |   92 (4 calls) |  144 (4 calls) |
|     + getSch          | hls_fft.h:254           |  252 (4 calls)  |                |                |                |                |
|        checkSch       | hls_fft.h:134           |    4 (4 calls)  |                |                |                |                |
|       getDir          | hls_fft.h:220           |  384 (8 calls)  |                |                |                |                |
|     repack            | pfb_io.cpp:95           | 1,136           |  172           |  292           |  292           |  266           |
|   + capture_status    | pfb_helper.cpp:3        |  268            |   32           |   32           |   32           |   40           |
|    + getOvflo         | hls_fft.h:366           |  204 (4 calls)  |                |                |                |                |
|       checkBitWidth   | hls_fft.h:294           |    4 (4 calls)  |                |                |                |                |
|       checkOvflo      | hls_fft.h:324           |    4 (4 calls)  |                |                |                |                |
|    write_outputs      | pfb_io.cpp:31           |  747            |   36           |   92           |   92           |   95           |
+-----------------------+-------------------------+-----------------+----------------+----------------+----------------+----------------+

* Design Size Message Settings
+---------------------------------------------+--------+------------------------------------------------------------------+
| Message Setting                             | Value  | Description                                                      |
+---------------------------------------------+--------+------------------------------------------------------------------+
| config_compile -design_size_maximum_warning | 100000 | Show a warning when total design instructions exceeds this value |
+---------------------------------------------+--------+------------------------------------------------------------------+


