

================================================================
== Synthesis Summary Report of 'pfb_multichannel'
================================================================
+ General Information: 
    * Date:           Sat Jan 10 15:28:46 2026
    * Version:        2023.2 (Build 4023990 on Oct 11 2023)
    * Project:        hls_pfb
    * Solution:       hls (Vivado IP Flow Target)
    * Product family: zynq
    * Target device:  xc7z045-ffg900-2
    

+ Performance & Resource Estimates: 
    
    PS: '+' for module; 'o' for loop; '*' for dataflow
    +----------------------------------------+------+------+---------+-----------+----------+---------+------+----------+-----------+---------+-------------+-------------+-----+
    |                 Modules                | Issue|      | Latency |  Latency  | Iteration|         | Trip |          |           |         |             |             |     |
    |                 & Loops                | Type | Slack| (cycles)|    (ns)   |  Latency | Interval| Count| Pipelined|   BRAM    |   DSP   |      FF     |     LUT     | URAM|
    +----------------------------------------+------+------+---------+-----------+----------+---------+------+----------+-----------+---------+-------------+-------------+-----+
    |+ pfb_multichannel*                     |     -|  0.00|     5205|  5.205e+04|         -|     5206|     -|  dataflow|  111 (10%)|  35 (3%)|  45815 (10%)|  38385 (17%)|    -|
    | + read_inputs                          |     -|  3.22|     1028|  1.028e+04|         -|     1028|     -|        no|          -|        -|    179 (~0%)|    284 (~0%)|    -|
    |  + read_inputs_Pipeline_read_loop      |     -|  3.22|     1026|  1.026e+04|         -|     1026|     -|        no|          -|        -|    142 (~0%)|    144 (~0%)|    -|
    |   o read_loop                          |     -|  7.30|     1024|  1.024e+04|         2|        1|  1024|       yes|          -|        -|            -|            -|    -|
    | + decimate_pfb                         |     -|  0.00|     5205|  5.205e+04|         -|     5205|     -|        no|    37 (3%)|  35 (3%)|   2252 (~0%)|    3152 (1%)|    -|
    |  + decimate_pfb_Pipeline_load_coeffs   |     -|  0.00|     4099|  4.099e+04|         -|     4099|     -|        no|          -|        -|     79 (~0%)|    167 (~0%)|    -|
    |   o load_coeffs                        |     -|  7.30|     4097|  4.097e+04|         3|        1|  4096|       yes|          -|        -|            -|            -|    -|
    |  + decimate_pfb_Pipeline_compute_loop  |     -|  0.48|     1032|  1.032e+04|         -|     1032|     -|        no|    32 (2%)|  35 (3%)|   2025 (~0%)|    2279 (1%)|    -|
    |   o compute_loop                       |     -|  7.30|     1030|  1.030e+04|         8|        1|  1024|       yes|          -|        -|            -|            -|    -|
    | + fft*                                 |     -|  0.00|     3198|  3.198e+04|         -|     3196|     -|  dataflow|    48 (4%)|        -|   41866 (9%)|  33469 (15%)|    -|
    |  + unpack                              |     -|  0.55|     1027|  1.027e+04|         -|     1027|     -|        no|          -|        -|     50 (~0%)|    208 (~0%)|    -|
    |   + unpack_Pipeline_unpack_loop        |     -|  0.55|     1026|  1.026e+04|         -|     1026|     -|        no|          -|        -|     14 (~0%)|    108 (~0%)|    -|
    |    o unpack_loop                       |     -|  7.30|     1024|  1.024e+04|         2|        1|  1024|       yes|          -|        -|            -|            -|    -|
    |  + init_fft_config                     |     -|  3.90|        0|      0.000|         -|        0|     -|        no|          -|        -|      3 (~0%)|     55 (~0%)|    -|
    |  + fft_config1_1*                      |     -|  0.00|     3195|  3.195e+04|         -|     3196|     -|  dataflow|    8 (~0%)|        -|    9883 (2%)|    7835 (3%)|    -|
    |   + fft_syn_config1_s                  |     -|  5.30|     3195|  3.195e+04|         -|     3195|     -|        no|        N/A|      N/A|          N/A|          N/A|  N/A|
    |  + fft_config1_2*                      |     -|  0.00|     3195|  3.195e+04|         -|     3196|     -|  dataflow|    8 (~0%)|        -|    9883 (2%)|    7835 (3%)|    -|
    |   + fft_syn_config1_4                  |     -|  5.30|     3195|  3.195e+04|         -|     3195|     -|        no|        N/A|      N/A|          N/A|          N/A|  N/A|
    |  + fft_config1_3*                      |     -|  0.00|     3195|  3.195e+04|         -|     3196|     -|  dataflow|    8 (~0%)|        -|    9883 (2%)|    7835 (3%)|    -|
    |   + fft_syn_config1_5                  |     -|  5.30|     3195|  3.195e+04|         -|     3195|     -|        no|        N/A|      N/A|          N/A|          N/A|  N/A|
    |  + fft_config1_s*                      |     -|  0.00|     3195|  3.195e+04|         -|     3196|     -|  dataflow|    8 (~0%)|        -|    9883 (2%)|    7835 (3%)|    -|
    |   + fft_syn_config1_6                  |     -|  5.30|     3195|  3.195e+04|         -|     3195|     -|        no|        N/A|      N/A|          N/A|          N/A|  N/A|
    |  + repack                              |     -|  1.72|     1028|  1.028e+04|         -|     1028|     -|        no|          -|        -|    180 (~0%)|    584 (~0%)|    -|
    |   + repack_Pipeline_repack_loop        |     -|  1.72|     1027|  1.027e+04|         -|     1027|     -|        no|          -|        -|    144 (~0%)|    484 (~0%)|    -|
    |    o repack_loop                       |     -|  7.30|     1025|  1.025e+04|         3|        1|  1024|       yes|          -|        -|            -|            -|    -|
    |  + capture_status                      |     -|  3.90|        0|      0.000|         -|        0|     -|        no|          -|        -|      2 (~0%)|     46 (~0%)|    -|
    | + write_outputs                        |     -|  2.97|     1028|  1.028e+04|         -|     1028|     -|        no|          -|        -|     51 (~0%)|    183 (~0%)|    -|
    |  + write_outputs_Pipeline_write_loop   |     -|  2.97|     1026|  1.026e+04|         -|     1026|     -|        no|          -|        -|     14 (~0%)|    110 (~0%)|    -|
    |   o write_loop                         |     -|  7.30|     1024|  1.024e+04|         2|        1|  1024|       yes|          -|        -|            -|            -|    -|
    +----------------------------------------+------+------+---------+-----------+----------+---------+------+----------+-----------+---------+-------------+-------------+-----+


================================================================
== HW Interfaces
================================================================
* M_AXI
+------------+------------+---------------+---------+--------+----------+-----------+--------------+--------------+-------------+-------------+-------------------+
| Interface  | Data Width | Address Width | Latency | Offset | Register | Max Widen | Max Read     | Max Write    | Num Read    | Num Write   | Resource Estimate |
|            | (SW->HW)   |               |         |        |          | Bitwidth  | Burst Length | Burst Length | Outstanding | Outstanding |                   |
+------------+------------+---------------+---------+--------+----------+-----------+--------------+--------------+-------------+-------------+-------------------+
| m_axi_gmem | 16 -> 16   | 64            | 64      | slave  | 0        | 0         | 16           | 16           | 16          | 16          | BRAM=2            |
+------------+------------+---------------+---------+--------+----------+-----------+--------------+--------------+-------------+-------------+-------------------+

* S_AXILITE Interfaces
+-----------------+------------+---------------+--------+----------+
| Interface       | Data Width | Address Width | Offset | Register |
+-----------------+------------+---------------+--------+----------+
| s_axi_control   | 32         | 4             |        |          |
| s_axi_control_r | 32         | 5             | 16     | 0        |
+-----------------+------------+---------------+--------+----------+

* S_AXILITE Registers
+-----------------+----------+--------+-------+--------+----------------------------------+----------------------------------------------------------------------+
| Interface       | Register | Offset | Width | Access | Description                      | Bit Fields                                                           |
+-----------------+----------+--------+-------+--------+----------------------------------+----------------------------------------------------------------------+
| s_axi_control   | CTRL     | 0x00   | 32    | RW     | Control signals                  | 0=AP_START 1=AP_DONE 2=AP_IDLE 3=AP_READY 7=AUTO_RESTART 9=INTERRUPT |
| s_axi_control   | GIER     | 0x04   | 32    | RW     | Global Interrupt Enable Register | 0=Enable                                                             |
| s_axi_control   | IP_IER   | 0x08   | 32    | RW     | IP Interrupt Enable Register     | 0=CHAN0_INT_EN 1=CHAN1_INT_EN                                        |
| s_axi_control   | IP_ISR   | 0x0c   | 32    | RW     | IP Interrupt Status Register     | 0=CHAN0_INT_ST 1=CHAN1_INT_ST                                        |
| s_axi_control_r | coeff_1  | 0x10   | 32    | W      | Data signal of coeff             |                                                                      |
| s_axi_control_r | coeff_2  | 0x14   | 32    | W      | Data signal of coeff             |                                                                      |
+-----------------+----------+--------+-------+--------+----------------------------------+----------------------------------------------------------------------+

* AXIS
+-------------+-----------+---------------+-------+--------+--------+
| Interface   | Direction | Register Mode | TDATA | TREADY | TVALID |
+-------------+-----------+---------------+-------+--------+--------+
| din_data_i0 | in        | both          | 16    | 1      | 1      |
| din_data_i1 | in        | both          | 16    | 1      | 1      |
| din_data_i2 | in        | both          | 16    | 1      | 1      |
| din_data_i3 | in        | both          | 16    | 1      | 1      |
| din_data_q0 | in        | both          | 16    | 1      | 1      |
| din_data_q1 | in        | both          | 16    | 1      | 1      |
| din_data_q2 | in        | both          | 16    | 1      | 1      |
| din_data_q3 | in        | both          | 16    | 1      | 1      |
| dout_data_0 | out       | both          | 32    | 1      | 1      |
| dout_data_1 | out       | both          | 32    | 1      | 1      |
| dout_data_2 | out       | both          | 32    | 1      | 1      |
| dout_data_3 | out       | both          | 32    | 1      | 1      |
+-------------+-----------+---------------+-------+--------+--------+

* TOP LEVEL CONTROL
+-----------+------------+-----------+
| Interface | Type       | Ports     |
+-----------+------------+-----------+
| ap_clk    | clock      | ap_clk    |
| ap_rst_n  | reset      | ap_rst_n  |
| interrupt | interrupt  | interrupt |
| ap_ctrl   | ap_ctrl_hs |           |
+-----------+------------+-----------+


================================================================
== SW I/O Information
================================================================
* Top Function Arguments
+-------------+-----------+----------------------------------------------------+
| Argument    | Direction | Datatype                                           |
+-------------+-----------+----------------------------------------------------+
| din_data_i0 | in        | stream<ap_fixed<16, 1, AP_TRN, AP_SAT_SYM, 0>, 0>& |
| din_data_q0 | in        | stream<ap_fixed<16, 1, AP_TRN, AP_SAT_SYM, 0>, 0>& |
| din_data_i1 | in        | stream<ap_fixed<16, 1, AP_TRN, AP_SAT_SYM, 0>, 0>& |
| din_data_q1 | in        | stream<ap_fixed<16, 1, AP_TRN, AP_SAT_SYM, 0>, 0>& |
| din_data_i2 | in        | stream<ap_fixed<16, 1, AP_TRN, AP_SAT_SYM, 0>, 0>& |
| din_data_q2 | in        | stream<ap_fixed<16, 1, AP_TRN, AP_SAT_SYM, 0>, 0>& |
| din_data_i3 | in        | stream<ap_fixed<16, 1, AP_TRN, AP_SAT_SYM, 0>, 0>& |
| din_data_q3 | in        | stream<ap_fixed<16, 1, AP_TRN, AP_SAT_SYM, 0>, 0>& |
| dout_data_0 | out       | stream<ap_fixed<32, 1, AP_TRN, AP_WRAP, 0>, 0>&    |
| dout_data_1 | out       | stream<ap_fixed<32, 1, AP_TRN, AP_WRAP, 0>, 0>&    |
| dout_data_2 | out       | stream<ap_fixed<32, 1, AP_TRN, AP_WRAP, 0>, 0>&    |
| dout_data_3 | out       | stream<ap_fixed<32, 1, AP_TRN, AP_WRAP, 0>, 0>&    |
| coeff       | in        | ap_fixed<16, 1, AP_TRN, AP_WRAP, 0> const *        |
+-------------+-----------+----------------------------------------------------+

* SW-to-HW Mapping
+-------------+-----------------+-----------+----------+-----------------------------------+
| Argument    | HW Interface    | HW Type   | HW Usage | HW Info                           |
+-------------+-----------------+-----------+----------+-----------------------------------+
| din_data_i0 | din_data_i0     | interface |          |                                   |
| din_data_q0 | din_data_q0     | interface |          |                                   |
| din_data_i1 | din_data_i1     | interface |          |                                   |
| din_data_q1 | din_data_q1     | interface |          |                                   |
| din_data_i2 | din_data_i2     | interface |          |                                   |
| din_data_q2 | din_data_q2     | interface |          |                                   |
| din_data_i3 | din_data_i3     | interface |          |                                   |
| din_data_q3 | din_data_q3     | interface |          |                                   |
| dout_data_0 | dout_data_0     | interface |          |                                   |
| dout_data_1 | dout_data_1     | interface |          |                                   |
| dout_data_2 | dout_data_2     | interface |          |                                   |
| dout_data_3 | dout_data_3     | interface |          |                                   |
| coeff       | m_axi_gmem      | interface |          |                                   |
| coeff       | s_axi_control_r | register  | offset   | name=coeff_1 offset=0x10 range=32 |
| coeff       | s_axi_control_r | register  | offset   | name=coeff_2 offset=0x14 range=32 |
+-------------+-----------------+-----------+----------+-----------------------------------+


================================================================
== M_AXI Burst Information
================================================================
 Note: All burst requests might be further partitioned into multiple requests during RTL generation based on max_read_burst_length or max_write_burst_length settings.

* Inferred Burst Summary
+--------------+-----------+--------+-------+-------------+-----------------------------------------------------------------------+
| HW Interface | Direction | Length | Width | Loop        | Loop Location                                                         |
+--------------+-----------+--------+-------+-------------+-----------------------------------------------------------------------+
| m_axi_gmem   | read      | 4096   | 16    | load_coeffs | /home/brett/Documents/FX_Correlator/pfb/hls_pfb/pfb_compute.cpp:24:22 |
+--------------+-----------+--------+-------+-------------+-----------------------------------------------------------------------+

* All M_AXI Variable Accesses
+--------------+----------+-----------------------------------------------------------------------+-----------+--------------+--------+-------------+-----------------------------------------------------------------------+------------+-------------------------------------------------------------------------------------------------------+
| HW Interface | Variable | Access Location                                                       | Direction | Burst Status | Length | Loop        | Loop Location                                                         | Resolution | Problem                                                                                               |
+--------------+----------+-----------------------------------------------------------------------+-----------+--------------+--------+-------------+-----------------------------------------------------------------------+------------+-------------------------------------------------------------------------------------------------------+
| m_axi_gmem   | coeff    | /home/brett/Documents/FX_Correlator/pfb/hls_pfb/pfb_compute.cpp:26:18 | read      | Widen Fail   |        | load_coeffs | /home/brett/Documents/FX_Correlator/pfb/hls_pfb/pfb_compute.cpp:24:22 | 214-353    | Could not widen since type i16 size is greater than or equal to the max_widen_bitwidth threshold of 0 |
| m_axi_gmem   | coeff    | /home/brett/Documents/FX_Correlator/pfb/hls_pfb/pfb_compute.cpp:26:18 | read      | Inferred     | 4096   | load_coeffs | /home/brett/Documents/FX_Correlator/pfb/hls_pfb/pfb_compute.cpp:24:22 |            |                                                                                                       |
+--------------+----------+-----------------------------------------------------------------------+-----------+--------------+--------+-------------+-----------------------------------------------------------------------+------------+-------------------------------------------------------------------------------------------------------+

    * Resolution URL: docs.xilinx.com/access/sources/dita/topic?Doc_Version=2023.2%20English&url=ug1448-hls-guidance&resourceid=XXX-YYY.html (replace XXX-YYY with column value)

================================================================
== Bind Op Report
================================================================
+----------------------------------------+-----+--------+-------------+-----+-----------+---------+
| Name                                   | DSP | Pragma | Variable    | Op  | Impl      | Latency |
+----------------------------------------+-----+--------+-------------+-----+-----------+---------+
| + pfb_multichannel                     | 35  |        |             |     |           |         |
|  + read_inputs                         | 0   |        |             |     |           |         |
|    add_ln15_fu_68_p2                   |     |        | add_ln15    | add | fabric    | 0       |
|   + read_inputs_Pipeline_read_loop     | 0   |        |             |     |           |         |
|     i_8_fu_129_p2                      |     |        | i_8         | add | fabric    | 0       |
|  + decimate_pfb                        | 35  |        |             |     |           |         |
|    add_ln73_fu_287_p2                  |     |        | add_ln73    | add | fabric    | 0       |
|   + decimate_pfb_Pipeline_load_coeffs  | 0   |        |             |     |           |         |
|     add_ln24_fu_195_p2                 |     |        | add_ln24    | add | fabric    | 0       |
|     add_ln24_1_fu_244_p2               |     |        | add_ln24_1  | add | fabric    | 0       |
|     add_ln24_2_fu_205_p2               |     |        | add_ln24_2  | add | fabric    | 0       |
|   + decimate_pfb_Pipeline_compute_loop | 35  |        |             |     |           |         |
|     add_ln31_fu_896_p2                 |     |        | add_ln31    | add | fabric    | 0       |
|     add_ln31_1_fu_1058_p2              |     |        | add_ln31_1  | add | fabric    | 0       |
|     mul_16s_16s_32_1_1_U65             | 1   |        | mul_ln62    | mul | auto      | 0       |
|     mul_16s_16s_32_1_1_U66             | 1   |        | mul_ln63    | mul | auto      | 0       |
|     mul_11ns_13ns_23_1_1_U34           | 1   |        | mul_ln60    | mul | auto      | 0       |
|     mul_12ns_14ns_25_1_1_U35           | 1   |        | mul_ln60_1  | mul | auto      | 0       |
|     mac_muladd_16s_16s_33s_33_4_1_U89  | 1   |        | mul_ln62_1  | mul | dsp_slice | 3       |
|     mac_muladd_16s_16s_32s_33_4_1_U81  | 1   |        | mul_ln62_2  | mul | dsp_slice | 3       |
|     mac_muladd_16s_16s_32s_33_4_1_U81  | 1   |        | add_ln62_1  | add | dsp_slice | 3       |
|     mac_muladd_16s_16s_33s_33_4_1_U89  | 1   |        | add_ln62    | add | dsp_slice | 3       |
|     mac_muladd_16s_16s_33s_33_4_1_U90  | 1   |        | mul_ln63_1  | mul | dsp_slice | 3       |
|     mac_muladd_16s_16s_32s_33_4_1_U82  | 1   |        | mul_ln63_2  | mul | dsp_slice | 3       |
|     mac_muladd_16s_16s_32s_33_4_1_U82  | 1   |        | add_ln63_1  | add | dsp_slice | 3       |
|     mac_muladd_16s_16s_33s_33_4_1_U90  | 1   |        | add_ln63    | add | dsp_slice | 3       |
|     mul_12ns_14ns_25_1_1_U36           | 1   |        | mul_ln60_2  | mul | auto      | 0       |
|     mul_16s_16s_32_1_1_U73             | 1   |        | mul_ln62_3  | mul | auto      | 0       |
|     acc_i_fu_2156_p2                   |     |        | acc_i       | add | fabric    | 0       |
|     mul_16s_16s_32_1_1_U74             | 1   |        | mul_ln63_3  | mul | auto      | 0       |
|     acc_q_fu_2173_p2                   |     |        | acc_q       | add | fabric    | 0       |
|     mul_16s_16s_32_1_1_U67             | 1   |        | mul_ln62_4  | mul | auto      | 0       |
|     mul_16s_16s_32_1_1_U68             | 1   |        | mul_ln63_4  | mul | auto      | 0       |
|     mac_muladd_16s_16s_33s_33_4_1_U91  | 1   |        | mul_ln62_5  | mul | dsp_slice | 3       |
|     mac_muladd_16s_16s_32s_33_4_1_U83  | 1   |        | mul_ln62_6  | mul | dsp_slice | 3       |
|     mac_muladd_16s_16s_32s_33_4_1_U83  | 1   |        | add_ln62_5  | add | dsp_slice | 3       |
|     mac_muladd_16s_16s_33s_33_4_1_U91  | 1   |        | add_ln62_2  | add | dsp_slice | 3       |
|     mac_muladd_16s_16s_33s_33_4_1_U92  | 1   |        | mul_ln63_5  | mul | dsp_slice | 3       |
|     mac_muladd_16s_16s_32s_33_4_1_U84  | 1   |        | mul_ln63_6  | mul | dsp_slice | 3       |
|     mac_muladd_16s_16s_32s_33_4_1_U84  | 1   |        | add_ln63_5  | add | dsp_slice | 3       |
|     mac_muladd_16s_16s_33s_33_4_1_U92  | 1   |        | add_ln63_2  | add | dsp_slice | 3       |
|     mul_16s_16s_32_1_1_U75             | 1   |        | mul_ln62_7  | mul | auto      | 0       |
|     acc_i_3_fu_2468_p2                 |     |        | acc_i_3     | add | fabric    | 0       |
|     mul_16s_16s_32_1_1_U76             | 1   |        | mul_ln63_7  | mul | auto      | 0       |
|     acc_q_3_fu_2485_p2                 |     |        | acc_q_3     | add | fabric    | 0       |
|     mul_16s_16s_32_1_1_U69             | 1   |        | mul_ln62_8  | mul | auto      | 0       |
|     mul_16s_16s_32_1_1_U70             | 1   |        | mul_ln63_8  | mul | auto      | 0       |
|     mac_muladd_16s_16s_33s_33_4_1_U93  | 1   |        | mul_ln62_9  | mul | dsp_slice | 3       |
|     mac_muladd_16s_16s_32s_33_4_1_U85  | 1   |        | mul_ln62_10 | mul | dsp_slice | 3       |
|     mac_muladd_16s_16s_32s_33_4_1_U85  | 1   |        | add_ln62_8  | add | dsp_slice | 3       |
|     mac_muladd_16s_16s_33s_33_4_1_U93  | 1   |        | add_ln62_4  | add | dsp_slice | 3       |
|     mac_muladd_16s_16s_33s_33_4_1_U94  | 1   |        | mul_ln63_9  | mul | dsp_slice | 3       |
|     mac_muladd_16s_16s_32s_33_4_1_U86  | 1   |        | mul_ln63_10 | mul | dsp_slice | 3       |
|     mac_muladd_16s_16s_32s_33_4_1_U86  | 1   |        | add_ln63_8  | add | dsp_slice | 3       |
|     mac_muladd_16s_16s_33s_33_4_1_U94  | 1   |        | add_ln63_4  | add | dsp_slice | 3       |
|     mul_16s_16s_32_1_1_U77             | 1   |        | mul_ln62_11 | mul | auto      | 0       |
|     acc_i_5_fu_2780_p2                 |     |        | acc_i_5     | add | fabric    | 0       |
|     mul_16s_16s_32_1_1_U78             | 1   |        | mul_ln63_11 | mul | auto      | 0       |
|     acc_q_5_fu_2797_p2                 |     |        | acc_q_5     | add | fabric    | 0       |
|     mul_16s_16s_32_1_1_U71             | 1   |        | mul_ln62_12 | mul | auto      | 0       |
|     mul_16s_16s_32_1_1_U72             | 1   |        | mul_ln63_12 | mul | auto      | 0       |
|     mac_muladd_16s_16s_33s_33_4_1_U95  | 1   |        | mul_ln62_13 | mul | dsp_slice | 3       |
|     mac_muladd_16s_16s_32s_33_4_1_U87  | 1   |        | mul_ln62_14 | mul | dsp_slice | 3       |
|     mac_muladd_16s_16s_32s_33_4_1_U87  | 1   |        | add_ln62_10 | add | dsp_slice | 3       |
|     mac_muladd_16s_16s_33s_33_4_1_U95  | 1   |        | add_ln62_6  | add | dsp_slice | 3       |
|     mac_muladd_16s_16s_33s_33_4_1_U96  | 1   |        | mul_ln63_13 | mul | dsp_slice | 3       |
|     mac_muladd_16s_16s_32s_33_4_1_U88  | 1   |        | mul_ln63_14 | mul | dsp_slice | 3       |
|     mac_muladd_16s_16s_32s_33_4_1_U88  | 1   |        | add_ln63_10 | add | dsp_slice | 3       |
|     mac_muladd_16s_16s_33s_33_4_1_U96  | 1   |        | add_ln63_6  | add | dsp_slice | 3       |
|     add_ln51_fu_990_p2                 |     |        | add_ln51    | add | fabric    | 0       |
|     mul_16s_16s_32_1_1_U79             | 1   |        | mul_ln62_15 | mul | auto      | 0       |
|     acc_i_7_fu_3092_p2                 |     |        | acc_i_7     | add | fabric    | 0       |
|     mul_16s_16s_32_1_1_U80             | 1   |        | mul_ln63_15 | mul | auto      | 0       |
|     acc_q_7_fu_3109_p2                 |     |        | acc_q_7     | add | fabric    | 0       |
|  + fft                                 | 0   |        |             |     |           |         |
|   + unpack                             | 0   |        |             |     |           |         |
|     add_ln82_fu_48_p2                  |     |        | add_ln82    | add | fabric    | 0       |
|    + unpack_Pipeline_unpack_loop       | 0   |        |             |     |           |         |
|      i_4_fu_108_p2                     |     |        | i_4         | add | fabric    | 0       |
|   + repack                             | 0   |        |             |     |           |         |
|     add_ln107_fu_48_p2                 |     |        | add_ln107   | add | fabric    | 0       |
|    + repack_Pipeline_repack_loop       | 0   |        |             |     |           |         |
|      i_6_fu_111_p2                     |     |        | i_6         | add | fabric    | 0       |
|  + write_outputs                       | 0   |        |             |     |           |         |
|    add_ln45_fu_52_p2                   |     |        | add_ln45    | add | fabric    | 0       |
|   + write_outputs_Pipeline_write_loop  | 0   |        |             |     |           |         |
|     i_2_fu_130_p2                      |     |        | i_2         | add | fabric    | 0       |
+----------------------------------------+-----+--------+-------------+-----+-----------+---------+


================================================================
== Storage Report
================================================================
+-----------------------------------------------------------------------------+--------------+-----------+------+------+--------+-----------------------------------------------------------------------+--------+---------+------------------+
| Name                                                                        | Usage        | Type      | BRAM | URAM | Pragma | Variable                                                              | Impl   | Latency | Bitwidth, Depth, |
|                                                                             |              |           |      |      |        |                                                                       |        |         | Banks            |
+-----------------------------------------------------------------------------+--------------+-----------+------+------+--------+-----------------------------------------------------------------------+--------+---------+------------------+
| + pfb_multichannel                                                          |              |           | 111  | 0    |        |                                                                       |        |         |                  |
|   control_s_axi_U                                                           | interface    | s_axilite |      |      |        |                                                                       |        |         |                  |
|   control_r_s_axi_U                                                         | interface    | s_axilite |      |      |        |                                                                       |        |         |                  |
|   gmem_m_axi_U                                                              | interface    | m_axi     | 2    |      |        |                                                                       |        |         |                  |
|   stream_read_to_compute_U                                                  | fifo channel | stream    | 8    |      |        | stream_read_to_compute                                                | memory | 0       | 128, 16, 1       |
|   stream_compute_to_fft_U                                                   | fifo channel | stream    | 8    |      |        | stream_compute_to_fft                                                 | memory | 0       | 128, 16, 1       |
|   stream_fft_to_write_U                                                     | fifo channel | stream    | 8    |      |        | stream_fft_to_write                                                   | memory | 0       | 128, 16, 1       |
|  + decimate_pfb                                                             |              |           | 37   | 0    |        |                                                                       |        |         |                  |
|    decimate_pfb_stream_stream_ap_fixed_16_1_5_3_0_const_local_coeffs_4_U    | ram_1p       |           | 1    |      |        | decimate_pfb_stream_stream_ap_fixed_16_1_5_3_0_const_local_coeffs_4   | auto   | 1       | 16, 820, 1       |
|    decimate_pfb_stream_stream_ap_fixed_16_1_5_3_0_const_local_coeffs_3_U    | ram_1p       |           | 1    |      |        | decimate_pfb_stream_stream_ap_fixed_16_1_5_3_0_const_local_coeffs_3   | auto   | 1       | 16, 820, 1       |
|    decimate_pfb_stream_stream_ap_fixed_16_1_5_3_0_const_local_coeffs_2_U    | ram_1p       |           | 1    |      |        | decimate_pfb_stream_stream_ap_fixed_16_1_5_3_0_const_local_coeffs_2   | auto   | 1       | 16, 820, 1       |
|    decimate_pfb_stream_stream_ap_fixed_16_1_5_3_0_const_local_coeffs_1_U    | ram_1p       |           | 1    |      |        | decimate_pfb_stream_stream_ap_fixed_16_1_5_3_0_const_local_coeffs_1   | auto   | 1       | 16, 820, 1       |
|    decimate_pfb_stream_stream_ap_fixed_16_1_5_3_0_const_local_coeffs_U      | ram_1p       |           | 1    |      |        | decimate_pfb_stream_stream_ap_fixed_16_1_5_3_0_const_local_coeffs     | auto   | 1       | 16, 820, 1       |
|   + decimate_pfb_Pipeline_compute_loop                                      |              |           | 32   | 0    |        |                                                                       |        |         |                  |
|     decimate_pfb_stream_stream_ap_fixed_16_1_5_3_0_const_branch_memory_22_U | ram_1p       |           | 1    |      | pragma | decimate_pfb_stream_stream_ap_fixed_16_1_5_3_0_const_branch_memory_22 | bram   | 1       | 16, 1024, 1      |
|     decimate_pfb_stream_stream_ap_fixed_16_1_5_3_0_const_branch_memory_6_U  | ram_1p       |           | 1    |      | pragma | decimate_pfb_stream_stream_ap_fixed_16_1_5_3_0_const_branch_memory_6  | bram   | 1       | 16, 1024, 1      |
|     decimate_pfb_stream_stream_ap_fixed_16_1_5_3_0_const_branch_memory_21_U | ram_1p       |           | 1    |      | pragma | decimate_pfb_stream_stream_ap_fixed_16_1_5_3_0_const_branch_memory_21 | bram   | 1       | 16, 1024, 1      |
|     decimate_pfb_stream_stream_ap_fixed_16_1_5_3_0_const_branch_memory_20_U | ram_1p       |           | 1    |      | pragma | decimate_pfb_stream_stream_ap_fixed_16_1_5_3_0_const_branch_memory_20 | bram   | 1       | 16, 1024, 1      |
|     decimate_pfb_stream_stream_ap_fixed_16_1_5_3_0_const_branch_memory_19_U | ram_1p       |           | 1    |      | pragma | decimate_pfb_stream_stream_ap_fixed_16_1_5_3_0_const_branch_memory_19 | bram   | 1       | 16, 1024, 1      |
|     decimate_pfb_stream_stream_ap_fixed_16_1_5_3_0_const_branch_memory_5_U  | ram_1p       |           | 1    |      | pragma | decimate_pfb_stream_stream_ap_fixed_16_1_5_3_0_const_branch_memory_5  | bram   | 1       | 16, 1024, 1      |
|     decimate_pfb_stream_stream_ap_fixed_16_1_5_3_0_const_branch_memory_4_U  | ram_1p       |           | 1    |      | pragma | decimate_pfb_stream_stream_ap_fixed_16_1_5_3_0_const_branch_memory_4  | bram   | 1       | 16, 1024, 1      |
|     decimate_pfb_stream_stream_ap_fixed_16_1_5_3_0_const_branch_memory_3_U  | ram_1p       |           | 1    |      | pragma | decimate_pfb_stream_stream_ap_fixed_16_1_5_3_0_const_branch_memory_3  | bram   | 1       | 16, 1024, 1      |
|     decimate_pfb_stream_stream_ap_fixed_16_1_5_3_0_const_branch_memory_26_U | ram_1p       |           | 1    |      | pragma | decimate_pfb_stream_stream_ap_fixed_16_1_5_3_0_const_branch_memory_26 | bram   | 1       | 16, 1024, 1      |
|     decimate_pfb_stream_stream_ap_fixed_16_1_5_3_0_const_branch_memory_10_U | ram_1p       |           | 1    |      | pragma | decimate_pfb_stream_stream_ap_fixed_16_1_5_3_0_const_branch_memory_10 | bram   | 1       | 16, 1024, 1      |
|     decimate_pfb_stream_stream_ap_fixed_16_1_5_3_0_const_branch_memory_25_U | ram_1p       |           | 1    |      | pragma | decimate_pfb_stream_stream_ap_fixed_16_1_5_3_0_const_branch_memory_25 | bram   | 1       | 16, 1024, 1      |
|     decimate_pfb_stream_stream_ap_fixed_16_1_5_3_0_const_branch_memory_24_U | ram_1p       |           | 1    |      | pragma | decimate_pfb_stream_stream_ap_fixed_16_1_5_3_0_const_branch_memory_24 | bram   | 1       | 16, 1024, 1      |
|     decimate_pfb_stream_stream_ap_fixed_16_1_5_3_0_const_branch_memory_23_U | ram_1p       |           | 1    |      | pragma | decimate_pfb_stream_stream_ap_fixed_16_1_5_3_0_const_branch_memory_23 | bram   | 1       | 16, 1024, 1      |
|     decimate_pfb_stream_stream_ap_fixed_16_1_5_3_0_const_branch_memory_9_U  | ram_1p       |           | 1    |      | pragma | decimate_pfb_stream_stream_ap_fixed_16_1_5_3_0_const_branch_memory_9  | bram   | 1       | 16, 1024, 1      |
|     decimate_pfb_stream_stream_ap_fixed_16_1_5_3_0_const_branch_memory_8_U  | ram_1p       |           | 1    |      | pragma | decimate_pfb_stream_stream_ap_fixed_16_1_5_3_0_const_branch_memory_8  | bram   | 1       | 16, 1024, 1      |
|     decimate_pfb_stream_stream_ap_fixed_16_1_5_3_0_const_branch_memory_7_U  | ram_1p       |           | 1    |      | pragma | decimate_pfb_stream_stream_ap_fixed_16_1_5_3_0_const_branch_memory_7  | bram   | 1       | 16, 1024, 1      |
|     decimate_pfb_stream_stream_ap_fixed_16_1_5_3_0_const_branch_memory_30_U | ram_1p       |           | 1    |      | pragma | decimate_pfb_stream_stream_ap_fixed_16_1_5_3_0_const_branch_memory_30 | bram   | 1       | 16, 1024, 1      |
|     decimate_pfb_stream_stream_ap_fixed_16_1_5_3_0_const_branch_memory_14_U | ram_1p       |           | 1    |      | pragma | decimate_pfb_stream_stream_ap_fixed_16_1_5_3_0_const_branch_memory_14 | bram   | 1       | 16, 1024, 1      |
|     decimate_pfb_stream_stream_ap_fixed_16_1_5_3_0_const_branch_memory_29_U | ram_1p       |           | 1    |      | pragma | decimate_pfb_stream_stream_ap_fixed_16_1_5_3_0_const_branch_memory_29 | bram   | 1       | 16, 1024, 1      |
|     decimate_pfb_stream_stream_ap_fixed_16_1_5_3_0_const_branch_memory_28_U | ram_1p       |           | 1    |      | pragma | decimate_pfb_stream_stream_ap_fixed_16_1_5_3_0_const_branch_memory_28 | bram   | 1       | 16, 1024, 1      |
|     decimate_pfb_stream_stream_ap_fixed_16_1_5_3_0_const_branch_memory_27_U | ram_1p       |           | 1    |      | pragma | decimate_pfb_stream_stream_ap_fixed_16_1_5_3_0_const_branch_memory_27 | bram   | 1       | 16, 1024, 1      |
|     decimate_pfb_stream_stream_ap_fixed_16_1_5_3_0_const_branch_memory_13_U | ram_1p       |           | 1    |      | pragma | decimate_pfb_stream_stream_ap_fixed_16_1_5_3_0_const_branch_memory_13 | bram   | 1       | 16, 1024, 1      |
|     decimate_pfb_stream_stream_ap_fixed_16_1_5_3_0_const_branch_memory_12_U | ram_1p       |           | 1    |      | pragma | decimate_pfb_stream_stream_ap_fixed_16_1_5_3_0_const_branch_memory_12 | bram   | 1       | 16, 1024, 1      |
|     decimate_pfb_stream_stream_ap_fixed_16_1_5_3_0_const_branch_memory_11_U | ram_1p       |           | 1    |      | pragma | decimate_pfb_stream_stream_ap_fixed_16_1_5_3_0_const_branch_memory_11 | bram   | 1       | 16, 1024, 1      |
|     decimate_pfb_stream_stream_ap_fixed_16_1_5_3_0_const_branch_memory_31_U | ram_1p       |           | 1    |      | pragma | decimate_pfb_stream_stream_ap_fixed_16_1_5_3_0_const_branch_memory_31 | bram   | 1       | 16, 1024, 1      |
|     decimate_pfb_stream_stream_ap_fixed_16_1_5_3_0_const_branch_memory_18_U | ram_1p       |           | 1    |      | pragma | decimate_pfb_stream_stream_ap_fixed_16_1_5_3_0_const_branch_memory_18 | bram   | 1       | 16, 1024, 1      |
|     decimate_pfb_stream_stream_ap_fixed_16_1_5_3_0_const_branch_memory_2_U  | ram_1p       |           | 1    |      | pragma | decimate_pfb_stream_stream_ap_fixed_16_1_5_3_0_const_branch_memory_2  | bram   | 1       | 16, 1024, 1      |
|     decimate_pfb_stream_stream_ap_fixed_16_1_5_3_0_const_branch_memory_1_U  | ram_1p       |           | 1    |      | pragma | decimate_pfb_stream_stream_ap_fixed_16_1_5_3_0_const_branch_memory_1  | bram   | 1       | 16, 1024, 1      |
|     decimate_pfb_stream_stream_ap_fixed_16_1_5_3_0_const_branch_memory_U    | ram_1p       |           | 1    |      | pragma | decimate_pfb_stream_stream_ap_fixed_16_1_5_3_0_const_branch_memory    | bram   | 1       | 16, 1024, 1      |
|     decimate_pfb_stream_stream_ap_fixed_16_1_5_3_0_const_branch_memory_17_U | ram_1p       |           | 1    |      | pragma | decimate_pfb_stream_stream_ap_fixed_16_1_5_3_0_const_branch_memory_17 | bram   | 1       | 16, 1024, 1      |
|     decimate_pfb_stream_stream_ap_fixed_16_1_5_3_0_const_branch_memory_16_U | ram_1p       |           | 1    |      | pragma | decimate_pfb_stream_stream_ap_fixed_16_1_5_3_0_const_branch_memory_16 | bram   | 1       | 16, 1024, 1      |
|     decimate_pfb_stream_stream_ap_fixed_16_1_5_3_0_const_branch_memory_15_U | ram_1p       |           | 1    |      | pragma | decimate_pfb_stream_stream_ap_fixed_16_1_5_3_0_const_branch_memory_15 | bram   | 1       | 16, 1024, 1      |
|  + fft                                                                      |              |           | 48   | 0    |        |                                                                       |        |         |                  |
|    cfg0_s_U                                                                 | fifo channel | stream    |      |      |        | cfg0_s                                                                | srl    | 0       | 16, 2, 1         |
|    cfg1_s_U                                                                 | fifo channel | stream    |      |      |        | cfg1_s                                                                | srl    | 0       | 16, 2, 1         |
|    cfg2_s_U                                                                 | fifo channel | stream    |      |      |        | cfg2_s                                                                | srl    | 0       | 16, 2, 1         |
|    cfg3_s_U                                                                 | fifo channel | stream    |      |      |        | cfg3_s                                                                | srl    | 0       | 16, 2, 1         |
|    ch0_in_U                                                                 | fifo channel | stream    | 2    |      |        | ch0_in                                                                | memory | 0       | 32, 1024, 1      |
|    ch1_in_U                                                                 | fifo channel | stream    | 2    |      |        | ch1_in                                                                | memory | 0       | 32, 1024, 1      |
|    ch2_in_U                                                                 | fifo channel | stream    | 2    |      |        | ch2_in                                                                | memory | 0       | 32, 1024, 1      |
|    ch3_in_U                                                                 | fifo channel | stream    | 2    |      |        | ch3_in                                                                | memory | 0       | 32, 1024, 1      |
|    ch0_out_U                                                                | fifo channel | stream    | 2    |      |        | ch0_out                                                               | memory | 0       | 32, 1024, 1      |
|    stat0_s_U                                                                | fifo channel | stream    |      |      |        | stat0_s                                                               | srl    | 0       | 8, 2, 1          |
|    ch1_out_U                                                                | fifo channel | stream    | 2    |      |        | ch1_out                                                               | memory | 0       | 32, 1024, 1      |
|    stat1_s_U                                                                | fifo channel | stream    |      |      |        | stat1_s                                                               | srl    | 0       | 8, 2, 1          |
|    ch2_out_U                                                                | fifo channel | stream    | 2    |      |        | ch2_out                                                               | memory | 0       | 32, 1024, 1      |
|    stat2_s_U                                                                | fifo channel | stream    |      |      |        | stat2_s                                                               | srl    | 0       | 8, 2, 1          |
|    ch3_out_U                                                                | fifo channel | stream    | 2    |      |        | ch3_out                                                               | memory | 0       | 32, 1024, 1      |
|    stat3_s_U                                                                | fifo channel | stream    |      |      |        | stat3_s                                                               | srl    | 0       | 8, 2, 1          |
+-----------------------------------------------------------------------------+--------------+-----------+------+------+--------+-----------------------------------------------------------------------+--------+---------+------------------+


================================================================
== Pragma Report
================================================================
* Valid Pragma Syntax
+-----------------+-----------------------------------------------------------------+------------------------------------------------------------+
| Type            | Options                                                         | Location                                                   |
+-----------------+-----------------------------------------------------------------+------------------------------------------------------------+
| inline          | off                                                             | pfb_compute.cpp:8 in decimate_pfb                          |
| interface       | ap_ctrl_hs port=return                                          | pfb_compute.cpp:9 in decimate_pfb, return                  |
| array_partition | variable=branch_memory complete dim=1                           | pfb_compute.cpp:14 in decimate_pfb, branch_memory          |
| array_partition | variable=branch_memory complete dim=2                           | pfb_compute.cpp:15 in decimate_pfb, branch_memory          |
| bind_storage    | variable=branch_memory type=RAM_1P impl=BRAM                    | pfb_compute.cpp:16 in decimate_pfb, branch_memory          |
| pipeline        | II=1                                                            | pfb_compute.cpp:25 in decimate_pfb                         |
| pipeline        | II=1                                                            | pfb_compute.cpp:32 in decimate_pfb                         |
| unroll          |                                                                 | pfb_compute.cpp:38 in decimate_pfb                         |
| unroll          |                                                                 | pfb_compute.cpp:49 in decimate_pfb                         |
| interface       | ap_ctrl_hs port=return                                          | pfb_fft.cpp:8 in fft, return                               |
| dataflow        |                                                                 | pfb_fft.cpp:9 in fft                                       |
| stream          | variable=ch0_in depth=1024                                      | pfb_fft.cpp:16 in fft, ch0_in                              |
| stream          | variable=ch0_out depth=1024                                     | pfb_fft.cpp:17 in fft, ch0_out                             |
| stream          | variable=ch1_in depth=1024                                      | pfb_fft.cpp:18 in fft, ch1_in                              |
| stream          | variable=ch1_out depth=1024                                     | pfb_fft.cpp:19 in fft, ch1_out                             |
| stream          | variable=ch2_in depth=1024                                      | pfb_fft.cpp:20 in fft, ch2_in                              |
| stream          | variable=ch2_out depth=1024                                     | pfb_fft.cpp:21 in fft, ch2_out                             |
| stream          | variable=ch3_in depth=1024                                      | pfb_fft.cpp:22 in fft, ch3_in                              |
| stream          | variable=ch3_out depth=1024                                     | pfb_fft.cpp:23 in fft, ch3_out                             |
| interface       | ap_ctrl_hs port=return                                          | pfb_helper.cpp:10 in capture_status, return                |
| interface       | ap_ctrl_hs port=return                                          | pfb_helper.cpp:26 in init_fft_config, return               |
| inline          | off                                                             | pfb_io.cpp:10 in read_inputs                               |
| interface       | ap_ctrl_hs port=return                                          | pfb_io.cpp:12 in read_inputs, return                       |
| pipeline        | II=1                                                            | pfb_io.cpp:18 in read_inputs                               |
| inline          | off                                                             | pfb_io.cpp:38 in write_outputs                             |
| interface       | ap_ctrl_hs port=return                                          | pfb_io.cpp:40 in write_outputs, return                     |
| pipeline        | II=1                                                            | pfb_io.cpp:48 in write_outputs                             |
| inline          | off                                                             | pfb_io.cpp:77 in unpack                                    |
| interface       | ap_ctrl_hs port=return                                          | pfb_io.cpp:79 in unpack, return                            |
| pipeline        | II=1                                                            | pfb_io.cpp:85 in unpack                                    |
| inline          | off                                                             | pfb_io.cpp:102 in repack                                   |
| interface       | ap_ctrl_hs port=return                                          | pfb_io.cpp:104 in repack, return                           |
| pipeline        | II=1                                                            | pfb_io.cpp:110 in repack                                   |
| interface       | axis port=din_data_i0                                           | pfb_top.cpp:16 in pfb_multichannel, din_data_i0            |
| interface       | axis port=din_data_q0                                           | pfb_top.cpp:17 in pfb_multichannel, din_data_q0            |
| interface       | axis port=din_data_i1                                           | pfb_top.cpp:18 in pfb_multichannel, din_data_i1            |
| interface       | axis port=din_data_q1                                           | pfb_top.cpp:19 in pfb_multichannel, din_data_q1            |
| interface       | axis port=din_data_i2                                           | pfb_top.cpp:20 in pfb_multichannel, din_data_i2            |
| interface       | axis port=din_data_q2                                           | pfb_top.cpp:21 in pfb_multichannel, din_data_q2            |
| interface       | axis port=din_data_i3                                           | pfb_top.cpp:22 in pfb_multichannel, din_data_i3            |
| interface       | axis port=din_data_q3                                           | pfb_top.cpp:23 in pfb_multichannel, din_data_q3            |
| interface       | axis port=dout_data_0                                           | pfb_top.cpp:25 in pfb_multichannel, dout_data_0            |
| interface       | axis port=dout_data_1                                           | pfb_top.cpp:26 in pfb_multichannel, dout_data_1            |
| interface       | axis port=dout_data_2                                           | pfb_top.cpp:27 in pfb_multichannel, dout_data_2            |
| interface       | axis port=dout_data_3                                           | pfb_top.cpp:28 in pfb_multichannel, dout_data_3            |
| interface       | m_axi port=coeff offset=slave bundle=gmem depth=4096 latency=64 | pfb_top.cpp:30 in pfb_multichannel, coeff                  |
| interface       | s_axilite port=return bundle=control                            | pfb_top.cpp:31 in pfb_multichannel, return                 |
| dataflow        |                                                                 | pfb_top.cpp:33 in pfb_multichannel                         |
| stream          | variable=stream_read_to_compute depth=16                        | pfb_top.cpp:39 in pfb_multichannel, stream_read_to_compute |
| stream          | variable=stream_compute_to_fft depth=16                         | pfb_top.cpp:40 in pfb_multichannel, stream_compute_to_fft  |
| stream          | variable=stream_fft_to_write depth=16                           | pfb_top.cpp:41 in pfb_multichannel, stream_fft_to_write    |
+-----------------+-----------------------------------------------------------------+------------------------------------------------------------+

* Inferred Pragmas
+-----------------------------+-----------------+--------------------------------------------------------------------------------------------------------------------------------------------------------------------+----------------------------------------------------------------------------------------------------------------------------------------------------------------------------------------+
| Source Pragma               | Inferred Pragma | Options                                                                                                                                                            | Location                                                                                                                                                                               |
+-----------------------------+-----------------+--------------------------------------------------------------------------------------------------------------------------------------------------------------------+----------------------------------------------------------------------------------------------------------------------------------------------------------------------------------------+
| pipeline pfb_compute.cpp:32 | array_partition | dim=1 type=cyclic factor=5 variable=_ZZ12decimate_pfbRN3hls6streamI17parallel_sample_tLi0EEES3_PK8ap_fixedILi16ELi1EL9ap_q_mode5EL9ap_o_mode3ELi0EEE12local_coeffs | variable decimate_pfb(hls::stream<parallel_sample_t, 0>&, hls::stream<parallel_sample_t, 0>&, ap_fixed<16, 1, (ap_q_mode)5, (ap_o_mode)3, 0> const*)::local_coeffs in pfb_multichannel |
+-----------------------------+-----------------+--------------------------------------------------------------------------------------------------------------------------------------------------------------------+----------------------------------------------------------------------------------------------------------------------------------------------------------------------------------------+


