

================================================================
== Vitis HLS Report for 'fft'
================================================================
* Date:           Sat Jan 10 15:28:44 2026

* Version:        2023.2 (Build 4023990 on Oct 11 2023)
* Project:        hls_pfb
* Solution:       hls (Vivado IP Flow Target)
* Product family: zynq
* Target device:  xc7z045-ffg900-2


================================================================
== Performance Estimates
================================================================
+ Timing: 
    * Summary: 
    +--------+----------+----------+------------+
    |  Clock |  Target  | Estimated| Uncertainty|
    +--------+----------+----------+------------+
    |ap_clk  |  10.00 ns|  7.300 ns|     2.70 ns|
    +--------+----------+----------+------------+

+ Latency: 
    * Summary: 
    +---------+---------+-----------+-----------+------+------+----------+
    |  Latency (cycles) |   Latency (absolute)  |   Interval  | Pipeline |
    |   min   |   max   |    min    |    max    |  min |  max |   Type   |
    +---------+---------+-----------+-----------+------+------+----------+
    |     3198|     3198|  31.980 us|  31.980 us|  3196|  3196|  dataflow|
    +---------+---------+-----------+-----------+------+------+----------+

    + Detail: 
        * Instance: 
        +--------------------+-----------------+---------+---------+-----------+-----------+------+------+----------+
        |                    |                 |  Latency (cycles) |   Latency (absolute)  |   Interval  | Pipeline |
        |      Instance      |      Module     |   min   |   max   |    min    |    max    |  min |  max |   Type   |
        +--------------------+-----------------+---------+---------+-----------+-----------+------+------+----------+
        |unpack_U0           |unpack           |     1027|     1027|  10.270 us|  10.270 us|  1027|  1027|        no|
        |init_fft_config_U0  |init_fft_config  |        0|        0|       0 ns|       0 ns|     0|     0|        no|
        |fft_config1_1_U0    |fft_config1_1    |     3195|     3195|  31.950 us|  31.950 us|  3196|  3196|  dataflow|
        |fft_config1_2_U0    |fft_config1_2    |     3195|     3195|  31.950 us|  31.950 us|  3196|  3196|  dataflow|
        |fft_config1_3_U0    |fft_config1_3    |     3195|     3195|  31.950 us|  31.950 us|  3196|  3196|  dataflow|
        |fft_config1_U0      |fft_config1_s    |     3195|     3195|  31.950 us|  31.950 us|  3196|  3196|  dataflow|
        |repack_U0           |repack           |     1028|     1028|  10.280 us|  10.280 us|  1028|  1028|        no|
        |capture_status_U0   |capture_status   |        0|        0|       0 ns|       0 ns|     0|     0|        no|
        +--------------------+-----------------+---------+---------+-----------+-----------+------+------+----------+

        * Loop: 
        N/A



================================================================
== Utilization Estimates
================================================================
* Summary: 
+-----------------+---------+-----+--------+--------+-----+
|       Name      | BRAM_18K| DSP |   FF   |   LUT  | URAM|
+-----------------+---------+-----+--------+--------+-----+
|DSP              |        -|    -|       -|       -|    -|
|Expression       |        -|    -|       0|       9|    -|
|FIFO             |       16|    -|    2096|    1200|    -|
|Instance         |       32|    0|   39767|   32233|    -|
|Memory           |        -|    -|       -|       -|    -|
|Multiplexer      |        -|    -|       -|      27|    -|
|Register         |        -|    -|       3|       -|    -|
+-----------------+---------+-----+--------+--------+-----+
|Total            |       48|    0|   41866|   33469|    0|
+-----------------+---------+-----+--------+--------+-----+
|Available        |     1090|  900|  437200|  218600|    0|
+-----------------+---------+-----+--------+--------+-----+
|Utilization (%)  |        4|    0|       9|      15|    0|
+-----------------+---------+-----+--------+--------+-----+

+ Detail: 
    * Instance: 
    +--------------------+-----------------+---------+----+------+------+-----+
    |      Instance      |      Module     | BRAM_18K| DSP|  FF  |  LUT | URAM|
    +--------------------+-----------------+---------+----+------+------+-----+
    |capture_status_U0   |capture_status   |        0|   0|     2|    46|    0|
    |fft_config1_1_U0    |fft_config1_1    |        8|   0|  9883|  7835|    0|
    |fft_config1_2_U0    |fft_config1_2    |        8|   0|  9883|  7835|    0|
    |fft_config1_3_U0    |fft_config1_3    |        8|   0|  9883|  7835|    0|
    |fft_config1_U0      |fft_config1_s    |        8|   0|  9883|  7835|    0|
    |init_fft_config_U0  |init_fft_config  |        0|   0|     3|    55|    0|
    |repack_U0           |repack           |        0|   0|   180|   584|    0|
    |unpack_U0           |unpack           |        0|   0|    50|   208|    0|
    +--------------------+-----------------+---------+----+------+------+-----+
    |Total               |                 |       32|   0| 39767| 32233|    0|
    +--------------------+-----------------+---------+----+------+------+-----+

    * DSP: 
    N/A

    * Memory: 
    N/A

    * FIFO: 
    +-----------+---------+-----+----+-----+------+-----+---------+
    |    Name   | BRAM_18K|  FF | LUT| URAM| Depth| Bits| Size:D*B|
    +-----------+---------+-----+----+-----+------+-----+---------+
    |cfg0_s_U   |        0|   99|   0|    -|     2|   16|       32|
    |cfg1_s_U   |        0|   99|   0|    -|     2|   16|       32|
    |cfg2_s_U   |        0|   99|   0|    -|     2|   16|       32|
    |cfg3_s_U   |        0|   99|   0|    -|     2|   16|       32|
    |ch0_in_U   |        2|  163|   0|    -|  1024|   32|    32768|
    |ch0_out_U  |        2|  163|   0|    -|  1024|   32|    32768|
    |ch1_in_U   |        2|  163|   0|    -|  1024|   32|    32768|
    |ch1_out_U  |        2|  163|   0|    -|  1024|   32|    32768|
    |ch2_in_U   |        2|  163|   0|    -|  1024|   32|    32768|
    |ch2_out_U  |        2|  163|   0|    -|  1024|   32|    32768|
    |ch3_in_U   |        2|  163|   0|    -|  1024|   32|    32768|
    |ch3_out_U  |        2|  163|   0|    -|  1024|   32|    32768|
    |stat0_s_U  |        0|   99|   0|    -|     2|    8|       16|
    |stat1_s_U  |        0|   99|   0|    -|     2|    8|       16|
    |stat2_s_U  |        0|   99|   0|    -|     2|    8|       16|
    |stat3_s_U  |        0|   99|   0|    -|     2|    8|       16|
    +-----------+---------+-----+----+-----+------+-----+---------+
    |Total      |       16| 2096|   0|    0|  8208|  352|   262336|
    +-----------+---------+-----+----+-----+------+-----+---------+

    * Expression: 
    +-------------------------------------+----------+----+---+----+------------+------------+
    |            Variable Name            | Operation| DSP| FF| LUT| Bitwidth P0| Bitwidth P1|
    +-------------------------------------+----------+----+---+----+------------+------------+
    |ap_idle                              |       and|   0|  0|   1|           1|           1|
    |ap_sync_continue                     |       and|   0|  0|   1|           1|           1|
    |ap_sync_done                         |       and|   0|  0|   1|           1|           1|
    |ap_sync_ready                        |       and|   0|  0|   1|           1|           1|
    |init_fft_config_U0_ap_start          |       and|   0|  0|   1|           1|           1|
    |init_fft_config_U0_start_full_n      |       and|   0|  0|   1|           1|           1|
    |unpack_U0_ap_start                   |       and|   0|  0|   1|           1|           1|
    |ap_sync_init_fft_config_U0_ap_ready  |        or|   0|  0|   1|           1|           1|
    |ap_sync_unpack_U0_ap_ready           |        or|   0|  0|   1|           1|           1|
    +-------------------------------------+----------+----+---+----+------------+------------+
    |Total                                |          |   0|  0|   9|           9|           9|
    +-------------------------------------+----------+----+---+----+------------+------------+

    * Multiplexer: 
    +-----------------------------------------+----+-----------+-----+-----------+
    |                   Name                  | LUT| Input Size| Bits| Total Bits|
    +-----------------------------------------+----+-----------+-----+-----------+
    |ap_sync_reg_init_fft_config_U0_ap_ready  |   9|          2|    1|          2|
    |ap_sync_reg_unpack_U0_ap_ready           |   9|          2|    1|          2|
    |real_start                               |   9|          2|    1|          2|
    +-----------------------------------------+----+-----------+-----+-----------+
    |Total                                    |  27|          6|    3|          6|
    +-----------------------------------------+----+-----------+-----+-----------+

    * Register: 
    +-----------------------------------------+---+----+-----+-----------+
    |                   Name                  | FF| LUT| Bits| Const Bits|
    +-----------------------------------------+---+----+-----+-----------+
    |ap_sync_reg_init_fft_config_U0_ap_ready  |  1|   0|    1|          0|
    |ap_sync_reg_unpack_U0_ap_ready           |  1|   0|    1|          0|
    |start_once_reg                           |  1|   0|    1|          0|
    +-----------------------------------------+---+----+-----+-----------+
    |Total                                    |  3|   0|    3|          0|
    +-----------------------------------------+---+----+-----+-----------+



================================================================
== Interface
================================================================
* Summary: 
+-------------------------------+-----+-----+------------+-----------------------+--------------+
|           RTL Ports           | Dir | Bits|  Protocol  |     Source Object     |    C Type    |
+-------------------------------+-----+-----+------------+-----------------------+--------------+
|ap_start                       |   in|    1|  ap_ctrl_hs|                    fft|  return value|
|start_full_n                   |   in|    1|  ap_ctrl_hs|                    fft|  return value|
|start_out                      |  out|    1|  ap_ctrl_hs|                    fft|  return value|
|start_write                    |  out|    1|  ap_ctrl_hs|                    fft|  return value|
|ap_clk                         |   in|    1|  ap_ctrl_hs|                    fft|  return value|
|ap_rst                         |   in|    1|  ap_ctrl_hs|                    fft|  return value|
|ap_done                        |  out|    1|  ap_ctrl_hs|                    fft|  return value|
|ap_ready                       |  out|    1|  ap_ctrl_hs|                    fft|  return value|
|ap_idle                        |  out|    1|  ap_ctrl_hs|                    fft|  return value|
|ap_continue                    |   in|    1|  ap_ctrl_hs|                    fft|  return value|
|stream_compute_to_fft_dout     |   in|  128|     ap_fifo|  stream_compute_to_fft|       pointer|
|stream_compute_to_fft_empty_n  |   in|    1|     ap_fifo|  stream_compute_to_fft|       pointer|
|stream_compute_to_fft_read     |  out|    1|     ap_fifo|  stream_compute_to_fft|       pointer|
|stream_fft_to_write_din        |  out|  128|     ap_fifo|    stream_fft_to_write|       pointer|
|stream_fft_to_write_full_n     |   in|    1|     ap_fifo|    stream_fft_to_write|       pointer|
|stream_fft_to_write_write      |  out|    1|     ap_fifo|    stream_fft_to_write|       pointer|
+-------------------------------+-----+-----+------------+-----------------------+--------------+

