================================================================
== Design Size Report
================================================================

* Total Instructions per Compilation Phase
+---------------+-----------------------------+--------------+----------------------------------------------------------------------------------------+
| Phase         | Step                        | Instructions | Description                                                                            |
+---------------+-----------------------------+--------------+----------------------------------------------------------------------------------------+
| Compile/Link  |                             | 5,043        | After all functions are compiled and linked into a single design                       |
|               |                             |              |                                                                                        |
| Unroll/Inline |                             |              | After user unroll and inline pragmas are applied                                       |
|               | (1) unroll                  | 2,247        | user unroll pragmas are applied                                                        |
|               | (2) simplification          |   916        | simplification of applied user unroll pragmas                                          |
|               | (3) inline                  |   900        | user inline pragmas are applied                                                        |
|               | (4) simplification          |   777        | simplification of applied user inline pragmas                                          |
|               |                             |              |                                                                                        |
| Array/Struct  |                             |              | After user array partition and struct aggregate/disaggregate pragmas are applied       |
|               | (1) array partition         | 1,460        | user array partition pragmas are applied                                               |
|               | (2) simplification          |   835        | simplification of applied user array partition & struct aggregate/disaggregate pragmas |
|               | (3) aggregate/disaggregate  |   845        | user struct aggregate/disaggregate pragmas are applied                                 |
|               | (4) array reshape           | 1,281        | apply array reshape pragmas                                                            |
|               | (5) access patterns         | 1,292        | array access pattern optmizations                                                      |
|               |                             |              |                                                                                        |
| Performance   |                             |              | After transformations are applied to meet performance pragma targets                   |
|               | (1) loop simplification     | 1,292        | loop and instruction simplification                                                    |
|               | (2) parallelization         | 1,288        | loops are unrolled or pipelined to meet performance targets                            |
|               | (3) array partition         | 1,374        | arrays are partitioned to meet performance targets                                     |
|               | (4) simplification          | 1,357        | simplification of design after performance transformations                             |
|               |                             |              |                                                                                        |
| HW Transforms |                             |              | After hardware transfomations                                                          |
|               | (1) lowering                | 1,297        | initial conversion to HW specific instructions                                         |
|               | (2) optimizations           | 1,418        | high level synthesis optimizations                                                     |
+---------------+-----------------------------+--------------+----------------------------------------------------------------------------------------+

* Instructions per Function for each Compilation Phase
+-----------------------+-------------------------+-----------------+---------------+----------------+----------------+----------------+
| Function              | Location                | Compile/Link    | Unroll/Inline | Array/Struct   | Performance    | HW Transforms  |
+-----------------------+-------------------------+-----------------+---------------+----------------+----------------+----------------+
| + pfb_multichannel    | pfb_top.cpp:3           | 5,043           | 777           | 1,292          | 1,357          | 1,418          |
|    read_inputs        | pfb_io.cpp:3            |  156            |  24           |   88           |   88           |  102           |
|    decimate_pfb       | pfb_compute.cpp:3       | 1,412           | 337           |  603           |  662           |  656           |
|  + fft                | pfb_fft.cpp:3           | 2,303           | 337           |  481           |  477           |  508           |
|     unpack            | pfb_io.cpp:60           |  118            |  32           |  140           |  140           |  111           |
|     config_t          | hls_fft.h:91            |    8 (4 calls)  |               |                |                |                |
|     setDir            | hls_fft.h:211           |  232 (4 calls)  |               |                |                |                |
|   + setSch            | hls_fft.h:239           |  292 (4 calls)  |               |                |                |                |
|      checkSch         | hls_fft.h:134           |    4 (4 calls)  |               |                |                |                |
|   + fft<config1>      | hls_fft_x_complex.h:696 | 1,024 (4 calls) | 124 (4 calls) |  108 (4 calls) |  104 (4 calls) |  164 (4 calls) |
|    + fft_syn<config1> | hls_fft_x_complex.h:509 | 1,004 (4 calls) | 104 (4 calls) |   96 (4 calls) |   92 (4 calls) |  144 (4 calls) |
|     + getSch          | hls_fft.h:254           |  252 (4 calls)  |               |                |                |                |
|        checkSch       | hls_fft.h:134           |    4 (4 calls)  |               |                |                |                |
|       getDir          | hls_fft.h:220           |  384 (8 calls)  |               |                |                |                |
|     repack            | pfb_io.cpp:80           |  132            |  32           |  152           |  152           |  118           |
|   + getOvflo          | hls_fft.h:366           |  204 (4 calls)  |               |                |                |                |
|      checkBitWidth    | hls_fft.h:294           |    4 (4 calls)  |               |                |                |                |
|      checkOvflo       | hls_fft.h:324           |    4 (4 calls)  |               |                |                |                |
|    write_outputs      | pfb_io.cpp:28           | 1,096           |  33           |   89           |   89           |   92           |
+-----------------------+-------------------------+-----------------+---------------+----------------+----------------+----------------+

* Design Size Message Settings
+---------------------------------------------+--------+------------------------------------------------------------------+
| Message Setting                             | Value  | Description                                                      |
+---------------------------------------------+--------+------------------------------------------------------------------+
| config_compile -design_size_maximum_warning | 100000 | Show a warning when total design instructions exceeds this value |
+---------------------------------------------+--------+------------------------------------------------------------------+


