

================================================================
== Synthesis Summary Report of 'pfb_multichannel_decimator'
================================================================
+ General Information: 
    * Date:           Thu Jan  8 20:12:43 2026
    * Version:        2023.2 (Build 4023990 on Oct 11 2023)
    * Project:        hls_pfb
    * Solution:       hls (Vivado IP Flow Target)
    * Product family: zynq
    * Target device:  xc7z045-ffg900-2
    

+ Performance & Resource Estimates: 
    
    PS: '+' for module; 'o' for loop; '*' for dataflow
    +---------------------------------------+------+------+---------+-----------+----------+---------+------+----------+---------+---------+------------+------------+-----+
    |                Modules                | Issue|      | Latency |  Latency  | Iteration|         | Trip |          |         |         |            |            |     |
    |                & Loops                | Type | Slack| (cycles)|    (ns)   |  Latency | Interval| Count| Pipelined|  BRAM   |   DSP   |     FF     |     LUT    | URAM|
    +---------------------------------------+------+------+---------+-----------+----------+---------+------+----------+---------+---------+------------+------------+-----+
    |+ pfb_multichannel_decimator*          |     -|  0.00|     5204|  5.204e+04|         -|     5205|     -|  dataflow|  55 (5%)|  35 (3%)|  2919 (~0%)|   3695 (1%)|    -|
    | + read_inputs                         |     -|  3.97|     1026|  1.026e+04|         -|     1026|     -|        no|        -|        -|   145 (~0%)|   159 (~0%)|    -|
    |  o read_loop                          |     -|  7.30|     1024|  1.024e+04|         2|        1|  1024|       yes|        -|        -|           -|           -|    -|
    | + compute_pfb                         |     -|  0.00|     5204|  5.204e+04|         -|     5204|     -|        no|  37 (3%)|  35 (3%)|  1447 (~0%)|  2185 (~0%)|    -|
    |  + compute_pfb_Pipeline_load_coeffs   |     -|  0.00|     4099|  4.099e+04|         -|     4099|     -|        no|        -|        -|    80 (~0%)|   168 (~0%)|    -|
    |   o load_coeffs                       |     -|  7.30|     4097|  4.097e+04|         3|        1|  4096|       yes|        -|        -|           -|           -|    -|
    |  + compute_pfb_Pipeline_compute_loop  |     -|  0.90|     1031|  1.031e+04|         -|     1031|     -|        no|  32 (2%)|  35 (3%)|  1219 (~0%)|  1266 (~0%)|    -|
    |   o compute_loop                      |     -|  7.30|     1029|  1.029e+04|         7|        1|  1024|       yes|        -|        -|           -|           -|    -|
    | + write_outputs                       |     -|  2.97|     1027|  1.027e+04|         -|     1027|     -|        no|        -|        -|    18 (~0%)|   132 (~0%)|    -|
    |  o write_loop                         |     -|  7.30|     1025|  1.025e+04|         3|        1|  1024|       yes|        -|        -|           -|           -|    -|
    +---------------------------------------+------+------+---------+-----------+----------+---------+------+----------+---------+---------+------------+------------+-----+


================================================================
== HW Interfaces
================================================================
* M_AXI
+------------+------------+---------------+---------+--------+----------+-----------+--------------+--------------+-------------+-------------+-------------------+
| Interface  | Data Width | Address Width | Latency | Offset | Register | Max Widen | Max Read     | Max Write    | Num Read    | Num Write   | Resource Estimate |
|            | (SW->HW)   |               |         |        |          | Bitwidth  | Burst Length | Burst Length | Outstanding | Outstanding |                   |
+------------+------------+---------------+---------+--------+----------+-----------+--------------+--------------+-------------+-------------+-------------------+
| m_axi_gmem | 16 -> 16   | 64            | 64      | slave  | 0        | 0         | 16           | 16           | 16          | 16          | BRAM=2            |
+------------+------------+---------------+---------+--------+----------+-----------+--------------+--------------+-------------+-------------+-------------------+

* S_AXILITE Interfaces
+-----------------+------------+---------------+--------+----------+
| Interface       | Data Width | Address Width | Offset | Register |
+-----------------+------------+---------------+--------+----------+
| s_axi_control   | 32         | 4             |        |          |
| s_axi_control_r | 32         | 5             | 16     | 0        |
+-----------------+------------+---------------+--------+----------+

* S_AXILITE Registers
+-----------------+----------+--------+-------+--------+----------------------------------+----------------------------------------------------------------------+
| Interface       | Register | Offset | Width | Access | Description                      | Bit Fields                                                           |
+-----------------+----------+--------+-------+--------+----------------------------------+----------------------------------------------------------------------+
| s_axi_control   | CTRL     | 0x00   | 32    | RW     | Control signals                  | 0=AP_START 1=AP_DONE 2=AP_IDLE 3=AP_READY 7=AUTO_RESTART 9=INTERRUPT |
| s_axi_control   | GIER     | 0x04   | 32    | RW     | Global Interrupt Enable Register | 0=Enable                                                             |
| s_axi_control   | IP_IER   | 0x08   | 32    | RW     | IP Interrupt Enable Register     | 0=CHAN0_INT_EN 1=CHAN1_INT_EN                                        |
| s_axi_control   | IP_ISR   | 0x0c   | 32    | RW     | IP Interrupt Status Register     | 0=CHAN0_INT_ST 1=CHAN1_INT_ST                                        |
| s_axi_control_r | coeff_1  | 0x10   | 32    | W      | Data signal of coeff             |                                                                      |
| s_axi_control_r | coeff_2  | 0x14   | 32    | W      | Data signal of coeff             |                                                                      |
+-----------------+----------+--------+-------+--------+----------------------------------+----------------------------------------------------------------------+

* AXIS
+-------------+-----------+---------------+-------+--------+--------+
| Interface   | Direction | Register Mode | TDATA | TREADY | TVALID |
+-------------+-----------+---------------+-------+--------+--------+
| din_data_i0 | in        | both          | 16    | 1      | 1      |
| din_data_i1 | in        | both          | 16    | 1      | 1      |
| din_data_i2 | in        | both          | 16    | 1      | 1      |
| din_data_i3 | in        | both          | 16    | 1      | 1      |
| din_data_q0 | in        | both          | 16    | 1      | 1      |
| din_data_q1 | in        | both          | 16    | 1      | 1      |
| din_data_q2 | in        | both          | 16    | 1      | 1      |
| din_data_q3 | in        | both          | 16    | 1      | 1      |
| dout_data_0 | out       | both          | 32    | 1      | 1      |
| dout_data_1 | out       | both          | 32    | 1      | 1      |
| dout_data_2 | out       | both          | 32    | 1      | 1      |
| dout_data_3 | out       | both          | 32    | 1      | 1      |
+-------------+-----------+---------------+-------+--------+--------+

* TOP LEVEL CONTROL
+-----------+------------+-----------+
| Interface | Type       | Ports     |
+-----------+------------+-----------+
| ap_clk    | clock      | ap_clk    |
| ap_rst_n  | reset      | ap_rst_n  |
| interrupt | interrupt  | interrupt |
| ap_ctrl   | ap_ctrl_hs |           |
+-----------+------------+-----------+


================================================================
== SW I/O Information
================================================================
* Top Function Arguments
+-------------+-----------+-------------------------------------------------+
| Argument    | Direction | Datatype                                        |
+-------------+-----------+-------------------------------------------------+
| din_data_i0 | in        | stream<ap_fixed<16, 1, AP_TRN, AP_WRAP, 0>, 0>& |
| din_data_q0 | in        | stream<ap_fixed<16, 1, AP_TRN, AP_WRAP, 0>, 0>& |
| din_data_i1 | in        | stream<ap_fixed<16, 1, AP_TRN, AP_WRAP, 0>, 0>& |
| din_data_q1 | in        | stream<ap_fixed<16, 1, AP_TRN, AP_WRAP, 0>, 0>& |
| din_data_i2 | in        | stream<ap_fixed<16, 1, AP_TRN, AP_WRAP, 0>, 0>& |
| din_data_q2 | in        | stream<ap_fixed<16, 1, AP_TRN, AP_WRAP, 0>, 0>& |
| din_data_i3 | in        | stream<ap_fixed<16, 1, AP_TRN, AP_WRAP, 0>, 0>& |
| din_data_q3 | in        | stream<ap_fixed<16, 1, AP_TRN, AP_WRAP, 0>, 0>& |
| dout_data_0 | out       | stream<ap_fixed<32, 1, AP_TRN, AP_WRAP, 0>, 0>& |
| dout_data_1 | out       | stream<ap_fixed<32, 1, AP_TRN, AP_WRAP, 0>, 0>& |
| dout_data_2 | out       | stream<ap_fixed<32, 1, AP_TRN, AP_WRAP, 0>, 0>& |
| dout_data_3 | out       | stream<ap_fixed<32, 1, AP_TRN, AP_WRAP, 0>, 0>& |
| coeff       | in        | ap_fixed<16, 1, AP_TRN, AP_WRAP, 0> const *     |
+-------------+-----------+-------------------------------------------------+

* SW-to-HW Mapping
+-------------+-----------------+-----------+----------+-----------------------------------+
| Argument    | HW Interface    | HW Type   | HW Usage | HW Info                           |
+-------------+-----------------+-----------+----------+-----------------------------------+
| din_data_i0 | din_data_i0     | interface |          |                                   |
| din_data_q0 | din_data_q0     | interface |          |                                   |
| din_data_i1 | din_data_i1     | interface |          |                                   |
| din_data_q1 | din_data_q1     | interface |          |                                   |
| din_data_i2 | din_data_i2     | interface |          |                                   |
| din_data_q2 | din_data_q2     | interface |          |                                   |
| din_data_i3 | din_data_i3     | interface |          |                                   |
| din_data_q3 | din_data_q3     | interface |          |                                   |
| dout_data_0 | dout_data_0     | interface |          |                                   |
| dout_data_1 | dout_data_1     | interface |          |                                   |
| dout_data_2 | dout_data_2     | interface |          |                                   |
| dout_data_3 | dout_data_3     | interface |          |                                   |
| coeff       | m_axi_gmem      | interface |          |                                   |
| coeff       | s_axi_control_r | register  | offset   | name=coeff_1 offset=0x10 range=32 |
| coeff       | s_axi_control_r | register  | offset   | name=coeff_2 offset=0x14 range=32 |
+-------------+-----------------+-----------+----------+-----------------------------------+


================================================================
== M_AXI Burst Information
================================================================
 Note: All burst requests might be further partitioned into multiple requests during RTL generation based on max_read_burst_length or max_write_burst_length settings.

* Inferred Burst Summary
+--------------+-----------+--------+-------+-------------+---------------------------------------------------------------+
| HW Interface | Direction | Length | Width | Loop        | Loop Location                                                 |
+--------------+-----------+--------+-------+-------------+---------------------------------------------------------------+
| m_axi_gmem   | read      | 4096   | 16    | load_coeffs | /home/brett/Documents/FX_Correlator/pfb/hls_pfb/pfb.cpp:49:22 |
+--------------+-----------+--------+-------+-------------+---------------------------------------------------------------+

* All M_AXI Variable Accesses
+--------------+----------+---------------------------------------------------------------+-----------+--------------+--------+-------------+---------------------------------------------------------------+------------+-------------------------------------------------------------------------------------------------------+
| HW Interface | Variable | Access Location                                               | Direction | Burst Status | Length | Loop        | Loop Location                                                 | Resolution | Problem                                                                                               |
+--------------+----------+---------------------------------------------------------------+-----------+--------------+--------+-------------+---------------------------------------------------------------+------------+-------------------------------------------------------------------------------------------------------+
| m_axi_gmem   | coeff    | /home/brett/Documents/FX_Correlator/pfb/hls_pfb/pfb.cpp:51:18 | read      | Widen Fail   |        | load_coeffs | /home/brett/Documents/FX_Correlator/pfb/hls_pfb/pfb.cpp:49:22 | 214-353    | Could not widen since type i16 size is greater than or equal to the max_widen_bitwidth threshold of 0 |
| m_axi_gmem   | coeff    | /home/brett/Documents/FX_Correlator/pfb/hls_pfb/pfb.cpp:51:18 | read      | Inferred     | 4096   | load_coeffs | /home/brett/Documents/FX_Correlator/pfb/hls_pfb/pfb.cpp:49:22 |            |                                                                                                       |
+--------------+----------+---------------------------------------------------------------+-----------+--------------+--------+-------------+---------------------------------------------------------------+------------+-------------------------------------------------------------------------------------------------------+

    * Resolution URL: docs.xilinx.com/access/sources/dita/topic?Doc_Version=2023.2%20English&url=ug1448-hls-guidance&resourceid=XXX-YYY.html (replace XXX-YYY with column value)

================================================================
== Bind Op Report
================================================================
+---------------------------------------+-----+--------+-------------+-----+-----------+---------+
| Name                                  | DSP | Pragma | Variable    | Op  | Impl      | Latency |
+---------------------------------------+-----+--------+-------------+-----+-----------+---------+
| + pfb_multichannel_decimator          | 35  |        |             |     |           |         |
|  + read_inputs                        | 0   |        |             |     |           |         |
|    i_4_fu_131_p2                      |     |        | i_4         | add | fabric    | 0       |
|  + compute_pfb                        | 35  |        |             |     |           |         |
|    add_ln90_fu_287_p2                 |     |        | add_ln90    | add | fabric    | 0       |
|   + compute_pfb_Pipeline_load_coeffs  | 0   |        |             |     |           |         |
|     add_ln49_fu_197_p2                |     |        | add_ln49    | add | fabric    | 0       |
|     add_ln49_1_fu_246_p2              |     |        | add_ln49_1  | add | fabric    | 0       |
|     add_ln49_2_fu_207_p2              |     |        | add_ln49_2  | add | fabric    | 0       |
|   + compute_pfb_Pipeline_compute_loop | 35  |        |             |     |           |         |
|     add_ln56_fu_892_p2                |     |        | add_ln56    | add | fabric    | 0       |
|     add_ln56_1_fu_1033_p2             |     |        | add_ln56_1  | add | fabric    | 0       |
|     mac_muladd_16s_16s_31s_31_4_1_U74 | 1   |        | mul_ln81    | mul | dsp_slice | 3       |
|     mac_muladd_16s_16s_31s_31_4_1_U75 | 1   |        | mul_ln77    | mul | dsp_slice | 3       |
|     mul_11ns_13ns_23_1_1_U25          | 1   |        | mul_ln78    | mul | auto      | 0       |
|     mul_12ns_14ns_25_1_1_U27          | 1   |        | mul_ln78_1  | mul | auto      | 0       |
|     mul_12ns_14ns_25_1_1_U26          | 1   |        | mul_ln78_2  | mul | auto      | 0       |
|     mac_muladd_16s_16s_31s_31_4_1_U76 | 1   |        | mul_ln81_1  | mul | dsp_slice | 3       |
|     mac_muladd_16s_16s_31s_31_4_1_U77 | 1   |        | mul_ln77_1  | mul | dsp_slice | 3       |
|     mac_muladd_16s_16s_31s_31_4_1_U78 | 1   |        | mul_ln81_2  | mul | dsp_slice | 3       |
|     mac_muladd_16s_16s_31s_31_4_1_U79 | 1   |        | mul_ln77_2  | mul | dsp_slice | 3       |
|     mul_16s_16s_31_1_1_U56            | 1   |        | mul_ln81_3  | mul | auto      | 0       |
|     mul_16s_16s_31_1_1_U57            | 1   |        | mul_ln77_3  | mul | auto      | 0       |
|     mul_16s_16s_31_1_1_U58            | 1   |        | mul_ln77_4  | mul | auto      | 0       |
|     mul_16s_16s_31_1_1_U59            | 1   |        | mul_ln77_5  | mul | auto      | 0       |
|     mac_muladd_16s_16s_31s_31_4_1_U80 | 1   |        | mul_ln80    | mul | dsp_slice | 3       |
|     mac_muladd_16s_16s_31s_31_4_1_U74 | 1   |        | tmp3        | add | dsp_slice | 3       |
|     mac_muladd_16s_16s_31s_31_4_1_U80 | 1   |        | tmp7        | add | dsp_slice | 3       |
|     tmp2_fu_2097_p2                   |     |        | tmp2        | add | fabric    | 0       |
|     mul_16s_16s_31_1_1_U60            | 1   |        | mul_ln77_6  | mul | auto      | 0       |
|     mul_16s_16s_31_1_1_U61            | 1   |        | mul_ln77_7  | mul | auto      | 0       |
|     mac_muladd_16s_16s_31s_31_4_1_U81 | 1   |        | mul_ln80_1  | mul | dsp_slice | 3       |
|     mac_muladd_16s_16s_31s_31_4_1_U76 | 1   |        | tmp11       | add | dsp_slice | 3       |
|     mac_muladd_16s_16s_31s_31_4_1_U81 | 1   |        | tmp15       | add | dsp_slice | 3       |
|     tmp6_fu_2111_p2                   |     |        | tmp6        | add | fabric    | 0       |
|     mul_16s_16s_31_1_1_U62            | 1   |        | mul_ln77_8  | mul | auto      | 0       |
|     mul_16s_16s_31_1_1_U63            | 1   |        | mul_ln77_9  | mul | auto      | 0       |
|     mac_muladd_16s_16s_31s_31_4_1_U82 | 1   |        | mul_ln80_2  | mul | dsp_slice | 3       |
|     mac_muladd_16s_16s_31s_31_4_1_U78 | 1   |        | tmp19       | add | dsp_slice | 3       |
|     mac_muladd_16s_16s_31s_31_4_1_U82 | 1   |        | tmp23       | add | dsp_slice | 3       |
|     tmp10_fu_2125_p2                  |     |        | tmp10       | add | fabric    | 0       |
|     mul_16s_16s_31_1_1_U64            | 1   |        | mul_ln77_10 | mul | auto      | 0       |
|     mul_16s_16s_31_1_1_U65            | 1   |        | mul_ln77_11 | mul | auto      | 0       |
|     mul_16s_16s_31_1_1_U66            | 1   |        | mul_ln77_12 | mul | auto      | 0       |
|     mul_16s_16s_31_1_1_U67            | 1   |        | mul_ln77_13 | mul | auto      | 0       |
|     mac_muladd_16s_16s_31s_31_4_1_U83 | 1   |        | mul_ln81_4  | mul | dsp_slice | 3       |
|     mac_muladd_16s_16s_31s_31_4_1_U75 | 1   |        | tmp27       | add | dsp_slice | 3       |
|     mac_muladd_16s_16s_31s_31_4_1_U83 | 1   |        | tmp31       | add | dsp_slice | 3       |
|     tmp14_fu_2139_p2                  |     |        | tmp14       | add | fabric    | 0       |
|     mul_16s_16s_31_1_1_U68            | 1   |        | mul_ln77_14 | mul | auto      | 0       |
|     mul_16s_16s_31_1_1_U69            | 1   |        | mul_ln77_15 | mul | auto      | 0       |
|     mac_muladd_16s_16s_31s_31_4_1_U84 | 1   |        | mul_ln81_5  | mul | dsp_slice | 3       |
|     mac_muladd_16s_16s_31s_31_4_1_U77 | 1   |        | tmp32       | add | dsp_slice | 3       |
|     mac_muladd_16s_16s_31s_31_4_1_U84 | 1   |        | tmp33       | add | dsp_slice | 3       |
|     tmp18_fu_2153_p2                  |     |        | tmp18       | add | fabric    | 0       |
|     mul_16s_16s_31_1_1_U70            | 1   |        | mul_ln77_16 | mul | auto      | 0       |
|     mul_16s_16s_31_1_1_U71            | 1   |        | mul_ln77_17 | mul | auto      | 0       |
|     mac_muladd_16s_16s_31s_31_4_1_U85 | 1   |        | mul_ln81_6  | mul | dsp_slice | 3       |
|     mac_muladd_16s_16s_31s_31_4_1_U79 | 1   |        | tmp34       | add | dsp_slice | 3       |
|     mac_muladd_16s_16s_31s_31_4_1_U85 | 1   |        | tmp35       | add | dsp_slice | 3       |
|     tmp22_fu_2167_p2                  |     |        | tmp22       | add | fabric    | 0       |
|     mul_16s_16s_31_1_1_U72            | 1   |        | mul_ln77_18 | mul | auto      | 0       |
|     mul_16s_16s_31_1_1_U73            | 1   |        | mul_ln77_19 | mul | auto      | 0       |
|     add_ln77_fu_958_p2                |     |        | add_ln77    | add | fabric    | 0       |
|     mac_muladd_16s_16s_31s_31_4_1_U86 | 1   |        | mul_ln80_3  | mul | dsp_slice | 3       |
|     mac_muladd_16s_16s_31s_31_4_1_U86 | 1   |        | tmp37       | add | dsp_slice | 3       |
|     mac_muladd_16s_16s_31s_31_4_1_U87 | 1   |        | mul_ln81_7  | mul | dsp_slice | 3       |
|     mac_muladd_16s_16s_31s_31_4_1_U87 | 1   |        | tmp39       | add | dsp_slice | 3       |
|  + write_outputs                      | 0   |        |             |     |           |         |
|    i_2_fu_134_p2                      |     |        | i_2         | add | fabric    | 0       |
+---------------------------------------+-----+--------+-------------+-----+-----------+---------+


================================================================
== Storage Report
================================================================
+----------------------------------------------------------------------------+--------------+-----------+------+------+--------+----------------------------------------------------------------------+--------+---------+------------------+
| Name                                                                       | Usage        | Type      | BRAM | URAM | Pragma | Variable                                                             | Impl   | Latency | Bitwidth, Depth, |
|                                                                            |              |           |      |      |        |                                                                      |        |         | Banks            |
+----------------------------------------------------------------------------+--------------+-----------+------+------+--------+----------------------------------------------------------------------+--------+---------+------------------+
| + pfb_multichannel_decimator                                               |              |           | 55   | 0    |        |                                                                      |        |         |                  |
|   control_s_axi_U                                                          | interface    | s_axilite |      |      |        |                                                                      |        |         |                  |
|   control_r_s_axi_U                                                        | interface    | s_axilite |      |      |        |                                                                      |        |         |                  |
|   gmem_m_axi_U                                                             | interface    | m_axi     | 2    |      |        |                                                                      |        |         |                  |
|   stream_read_to_compute_U                                                 | fifo channel | stream    | 8    |      |        | stream_read_to_compute                                               | memory | 0       | 128, 16, 1       |
|   stream_compute_to_write_U                                                | fifo channel | stream    | 8    |      |        | stream_compute_to_write                                              | memory | 0       | 128, 16, 1       |
|  + compute_pfb                                                             |              |           | 37   | 0    |        |                                                                      |        |         |                  |
|    compute_pfb_stream_stream_ap_fixed_16_1_5_3_0_const_local_coeffs_4_U    | ram_s2p      |           | 1    |      |        | compute_pfb_stream_stream_ap_fixed_16_1_5_3_0_const_local_coeffs_4   | auto   | 1       | 16, 820, 1       |
|    compute_pfb_stream_stream_ap_fixed_16_1_5_3_0_const_local_coeffs_3_U    | ram_s2p      |           | 1    |      |        | compute_pfb_stream_stream_ap_fixed_16_1_5_3_0_const_local_coeffs_3   | auto   | 1       | 16, 820, 1       |
|    compute_pfb_stream_stream_ap_fixed_16_1_5_3_0_const_local_coeffs_2_U    | ram_s2p      |           | 1    |      |        | compute_pfb_stream_stream_ap_fixed_16_1_5_3_0_const_local_coeffs_2   | auto   | 1       | 16, 820, 1       |
|    compute_pfb_stream_stream_ap_fixed_16_1_5_3_0_const_local_coeffs_1_U    | ram_s2p      |           | 1    |      |        | compute_pfb_stream_stream_ap_fixed_16_1_5_3_0_const_local_coeffs_1   | auto   | 1       | 16, 820, 1       |
|    compute_pfb_stream_stream_ap_fixed_16_1_5_3_0_const_local_coeffs_U      | ram_s2p      |           | 1    |      |        | compute_pfb_stream_stream_ap_fixed_16_1_5_3_0_const_local_coeffs     | auto   | 1       | 16, 820, 1       |
|   + compute_pfb_Pipeline_compute_loop                                      |              |           | 32   | 0    |        |                                                                      |        |         |                  |
|     compute_pfb_stream_stream_ap_fixed_16_1_5_3_0_const_branch_memory_31_U | ram_1p       |           | 1    |      | pragma | compute_pfb_stream_stream_ap_fixed_16_1_5_3_0_const_branch_memory_31 | bram   | 1       | 16, 1024, 1      |
|     compute_pfb_stream_stream_ap_fixed_16_1_5_3_0_const_branch_memory_5_U  | ram_1p       |           | 1    |      | pragma | compute_pfb_stream_stream_ap_fixed_16_1_5_3_0_const_branch_memory_5  | bram   | 1       | 16, 1024, 1      |
|     compute_pfb_stream_stream_ap_fixed_16_1_5_3_0_const_branch_memory_1_U  | ram_1p       |           | 1    |      | pragma | compute_pfb_stream_stream_ap_fixed_16_1_5_3_0_const_branch_memory_1  | bram   | 1       | 16, 1024, 1      |
|     compute_pfb_stream_stream_ap_fixed_16_1_5_3_0_const_branch_memory_27_U | ram_1p       |           | 1    |      | pragma | compute_pfb_stream_stream_ap_fixed_16_1_5_3_0_const_branch_memory_27 | bram   | 1       | 16, 1024, 1      |
|     compute_pfb_stream_stream_ap_fixed_16_1_5_3_0_const_branch_memory_23_U | ram_1p       |           | 1    |      | pragma | compute_pfb_stream_stream_ap_fixed_16_1_5_3_0_const_branch_memory_23 | bram   | 1       | 16, 1024, 1      |
|     compute_pfb_stream_stream_ap_fixed_16_1_5_3_0_const_branch_memory_18_U | ram_1p       |           | 1    |      | pragma | compute_pfb_stream_stream_ap_fixed_16_1_5_3_0_const_branch_memory_18 | bram   | 1       | 16, 1024, 1      |
|     compute_pfb_stream_stream_ap_fixed_16_1_5_3_0_const_branch_memory_14_U | ram_1p       |           | 1    |      | pragma | compute_pfb_stream_stream_ap_fixed_16_1_5_3_0_const_branch_memory_14 | bram   | 1       | 16, 1024, 1      |
|     compute_pfb_stream_stream_ap_fixed_16_1_5_3_0_const_branch_memory_10_U | ram_1p       |           | 1    |      | pragma | compute_pfb_stream_stream_ap_fixed_16_1_5_3_0_const_branch_memory_10 | bram   | 1       | 16, 1024, 1      |
|     compute_pfb_stream_stream_ap_fixed_16_1_5_3_0_const_branch_memory_30_U | ram_1p       |           | 1    |      | pragma | compute_pfb_stream_stream_ap_fixed_16_1_5_3_0_const_branch_memory_30 | bram   | 1       | 16, 1024, 1      |
|     compute_pfb_stream_stream_ap_fixed_16_1_5_3_0_const_branch_memory_19_U | ram_1p       |           | 1    |      | pragma | compute_pfb_stream_stream_ap_fixed_16_1_5_3_0_const_branch_memory_19 | bram   | 1       | 16, 1024, 1      |
|     compute_pfb_stream_stream_ap_fixed_16_1_5_3_0_const_branch_memory_8_U  | ram_1p       |           | 1    |      | pragma | compute_pfb_stream_stream_ap_fixed_16_1_5_3_0_const_branch_memory_8  | bram   | 1       | 16, 1024, 1      |
|     compute_pfb_stream_stream_ap_fixed_16_1_5_3_0_const_branch_memory_4_U  | ram_1p       |           | 1    |      | pragma | compute_pfb_stream_stream_ap_fixed_16_1_5_3_0_const_branch_memory_4  | bram   | 1       | 16, 1024, 1      |
|     compute_pfb_stream_stream_ap_fixed_16_1_5_3_0_const_branch_memory_3_U  | ram_1p       |           | 1    |      | pragma | compute_pfb_stream_stream_ap_fixed_16_1_5_3_0_const_branch_memory_3  | bram   | 1       | 16, 1024, 1      |
|     compute_pfb_stream_stream_ap_fixed_16_1_5_3_0_const_branch_memory_2_U  | ram_1p       |           | 1    |      | pragma | compute_pfb_stream_stream_ap_fixed_16_1_5_3_0_const_branch_memory_2  | bram   | 1       | 16, 1024, 1      |
|     compute_pfb_stream_stream_ap_fixed_16_1_5_3_0_const_branch_memory_U    | ram_1p       |           | 1    |      | pragma | compute_pfb_stream_stream_ap_fixed_16_1_5_3_0_const_branch_memory    | bram   | 1       | 16, 1024, 1      |
|     compute_pfb_stream_stream_ap_fixed_16_1_5_3_0_const_branch_memory_29_U | ram_1p       |           | 1    |      | pragma | compute_pfb_stream_stream_ap_fixed_16_1_5_3_0_const_branch_memory_29 | bram   | 1       | 16, 1024, 1      |
|     compute_pfb_stream_stream_ap_fixed_16_1_5_3_0_const_branch_memory_28_U | ram_1p       |           | 1    |      | pragma | compute_pfb_stream_stream_ap_fixed_16_1_5_3_0_const_branch_memory_28 | bram   | 1       | 16, 1024, 1      |
|     compute_pfb_stream_stream_ap_fixed_16_1_5_3_0_const_branch_memory_26_U | ram_1p       |           | 1    |      | pragma | compute_pfb_stream_stream_ap_fixed_16_1_5_3_0_const_branch_memory_26 | bram   | 1       | 16, 1024, 1      |
|     compute_pfb_stream_stream_ap_fixed_16_1_5_3_0_const_branch_memory_25_U | ram_1p       |           | 1    |      | pragma | compute_pfb_stream_stream_ap_fixed_16_1_5_3_0_const_branch_memory_25 | bram   | 1       | 16, 1024, 1      |
|     compute_pfb_stream_stream_ap_fixed_16_1_5_3_0_const_branch_memory_24_U | ram_1p       |           | 1    |      | pragma | compute_pfb_stream_stream_ap_fixed_16_1_5_3_0_const_branch_memory_24 | bram   | 1       | 16, 1024, 1      |
|     compute_pfb_stream_stream_ap_fixed_16_1_5_3_0_const_branch_memory_22_U | ram_1p       |           | 1    |      | pragma | compute_pfb_stream_stream_ap_fixed_16_1_5_3_0_const_branch_memory_22 | bram   | 1       | 16, 1024, 1      |
|     compute_pfb_stream_stream_ap_fixed_16_1_5_3_0_const_branch_memory_21_U | ram_1p       |           | 1    |      | pragma | compute_pfb_stream_stream_ap_fixed_16_1_5_3_0_const_branch_memory_21 | bram   | 1       | 16, 1024, 1      |
|     compute_pfb_stream_stream_ap_fixed_16_1_5_3_0_const_branch_memory_20_U | ram_1p       |           | 1    |      | pragma | compute_pfb_stream_stream_ap_fixed_16_1_5_3_0_const_branch_memory_20 | bram   | 1       | 16, 1024, 1      |
|     compute_pfb_stream_stream_ap_fixed_16_1_5_3_0_const_branch_memory_17_U | ram_1p       |           | 1    |      | pragma | compute_pfb_stream_stream_ap_fixed_16_1_5_3_0_const_branch_memory_17 | bram   | 1       | 16, 1024, 1      |
|     compute_pfb_stream_stream_ap_fixed_16_1_5_3_0_const_branch_memory_16_U | ram_1p       |           | 1    |      | pragma | compute_pfb_stream_stream_ap_fixed_16_1_5_3_0_const_branch_memory_16 | bram   | 1       | 16, 1024, 1      |
|     compute_pfb_stream_stream_ap_fixed_16_1_5_3_0_const_branch_memory_15_U | ram_1p       |           | 1    |      | pragma | compute_pfb_stream_stream_ap_fixed_16_1_5_3_0_const_branch_memory_15 | bram   | 1       | 16, 1024, 1      |
|     compute_pfb_stream_stream_ap_fixed_16_1_5_3_0_const_branch_memory_13_U | ram_1p       |           | 1    |      | pragma | compute_pfb_stream_stream_ap_fixed_16_1_5_3_0_const_branch_memory_13 | bram   | 1       | 16, 1024, 1      |
|     compute_pfb_stream_stream_ap_fixed_16_1_5_3_0_const_branch_memory_12_U | ram_1p       |           | 1    |      | pragma | compute_pfb_stream_stream_ap_fixed_16_1_5_3_0_const_branch_memory_12 | bram   | 1       | 16, 1024, 1      |
|     compute_pfb_stream_stream_ap_fixed_16_1_5_3_0_const_branch_memory_11_U | ram_1p       |           | 1    |      | pragma | compute_pfb_stream_stream_ap_fixed_16_1_5_3_0_const_branch_memory_11 | bram   | 1       | 16, 1024, 1      |
|     compute_pfb_stream_stream_ap_fixed_16_1_5_3_0_const_branch_memory_9_U  | ram_1p       |           | 1    |      | pragma | compute_pfb_stream_stream_ap_fixed_16_1_5_3_0_const_branch_memory_9  | bram   | 1       | 16, 1024, 1      |
|     compute_pfb_stream_stream_ap_fixed_16_1_5_3_0_const_branch_memory_7_U  | ram_1p       |           | 1    |      | pragma | compute_pfb_stream_stream_ap_fixed_16_1_5_3_0_const_branch_memory_7  | bram   | 1       | 16, 1024, 1      |
|     compute_pfb_stream_stream_ap_fixed_16_1_5_3_0_const_branch_memory_6_U  | ram_1p       |           | 1    |      | pragma | compute_pfb_stream_stream_ap_fixed_16_1_5_3_0_const_branch_memory_6  | bram   | 1       | 16, 1024, 1      |
+----------------------------------------------------------------------------+--------------+-----------+------+------+--------+----------------------------------------------------------------------+--------+---------+------------------+


================================================================
== Pragma Report
================================================================
* Ignored Pragmas
+-----------+------------+---------------------------+------------------------------------------------------------------+
| Type      | Options    | Location                  | Messages                                                         |
+-----------+------------+---------------------------+------------------------------------------------------------------+
| interface | ap_ctrl_hs | pfb.cpp:15 in read_inputs | '#pragma HLS interface' can only be applied inside function body |
+-----------+------------+---------------------------+------------------------------------------------------------------+

* Valid Pragma Syntax
+-----------------+-----------------------------------------------------------------+--------------------------------------------------------------------+
| Type            | Options                                                         | Location                                                           |
+-----------------+-----------------------------------------------------------------+--------------------------------------------------------------------+
| inline          | off                                                             | pfb.cpp:10 in read_inputs                                          |
| pipeline        | II=1 rewind=false                                               | pfb.cpp:13 in read_inputs                                          |
| inline          | off                                                             | pfb.cpp:33 in compute_pfb                                          |
| interface       | ap_ctrl_hs port=return                                          | pfb.cpp:35 in compute_pfb, return                                  |
| array_partition | variable=branch_memory complete dim=1                           | pfb.cpp:39 in compute_pfb, branch_memory                           |
| array_partition | variable=branch_memory complete dim=2                           | pfb.cpp:40 in compute_pfb, branch_memory                           |
| bind_storage    | variable=branch_memory type=RAM_1P impl=BRAM                    | pfb.cpp:41 in compute_pfb, branch_memory                           |
| pipeline        | II=1 rewind=false                                               | pfb.cpp:50 in compute_pfb                                          |
| pipeline        | II=1 rewind=false                                               | pfb.cpp:57 in compute_pfb                                          |
| unroll          |                                                                 | pfb.cpp:62 in compute_pfb                                          |
| unroll          |                                                                 | pfb.cpp:69 in compute_pfb                                          |
| unroll          |                                                                 | pfb.cpp:74 in compute_pfb                                          |
| inline          | off                                                             | pfb.cpp:100 in write_outputs                                       |
| interface       | ap_ctrl_hs port=return                                          | pfb.cpp:102 in write_outputs, return                               |
| pipeline        | II=1 rewind=false                                               | pfb.cpp:107 in write_outputs                                       |
| interface       | axis port=din_data_i0                                           | pfb.cpp:141 in pfb_multichannel_decimator, din_data_i0             |
| interface       | axis port=din_data_q0                                           | pfb.cpp:142 in pfb_multichannel_decimator, din_data_q0             |
| interface       | axis port=din_data_i1                                           | pfb.cpp:143 in pfb_multichannel_decimator, din_data_i1             |
| interface       | axis port=din_data_q1                                           | pfb.cpp:144 in pfb_multichannel_decimator, din_data_q1             |
| interface       | axis port=din_data_i2                                           | pfb.cpp:145 in pfb_multichannel_decimator, din_data_i2             |
| interface       | axis port=din_data_q2                                           | pfb.cpp:146 in pfb_multichannel_decimator, din_data_q2             |
| interface       | axis port=din_data_i3                                           | pfb.cpp:147 in pfb_multichannel_decimator, din_data_i3             |
| interface       | axis port=din_data_q3                                           | pfb.cpp:148 in pfb_multichannel_decimator, din_data_q3             |
| interface       | axis port=dout_data_0                                           | pfb.cpp:150 in pfb_multichannel_decimator, dout_data_0             |
| interface       | axis port=dout_data_1                                           | pfb.cpp:151 in pfb_multichannel_decimator, dout_data_1             |
| interface       | axis port=dout_data_2                                           | pfb.cpp:152 in pfb_multichannel_decimator, dout_data_2             |
| interface       | axis port=dout_data_3                                           | pfb.cpp:153 in pfb_multichannel_decimator, dout_data_3             |
| interface       | m_axi port=coeff offset=slave bundle=gmem depth=4096 latency=64 | pfb.cpp:155 in pfb_multichannel_decimator, coeff                   |
| interface       | s_axilite port=return bundle=control                            | pfb.cpp:156 in pfb_multichannel_decimator, return                  |
| dataflow        |                                                                 | pfb.cpp:158 in pfb_multichannel_decimator                          |
| stream          | variable=stream_read_to_compute depth=16                        | pfb.cpp:163 in pfb_multichannel_decimator, stream_read_to_compute  |
| stream          | variable=stream_compute_to_write depth=16                       | pfb.cpp:164 in pfb_multichannel_decimator, stream_compute_to_write |
+-----------------+-----------------------------------------------------------------+--------------------------------------------------------------------+

* Inferred Pragmas
+---------------------+-----------------+-------------------------------------------------------------------------------------------------------------------------------------------------------------------+-------------------------------------------------------------------------------------------------------------------------------------------------------------------------------------------------+
| Source Pragma       | Inferred Pragma | Options                                                                                                                                                           | Location                                                                                                                                                                                        |
+---------------------+-----------------+-------------------------------------------------------------------------------------------------------------------------------------------------------------------+-------------------------------------------------------------------------------------------------------------------------------------------------------------------------------------------------+
| pipeline pfb.cpp:57 | array_partition | dim=1 type=cyclic factor=5 variable=_ZZ11compute_pfbRN3hls6streamI17parallel_sample_tLi0EEES3_PK8ap_fixedILi16ELi1EL9ap_q_mode5EL9ap_o_mode3ELi0EEE12local_coeffs | variable compute_pfb(hls::stream<parallel_sample_t, 0>&, hls::stream<parallel_sample_t, 0>&, ap_fixed<16, 1, (ap_q_mode)5, (ap_o_mode)3, 0> const*)::local_coeffs in pfb_multichannel_decimator |
+---------------------+-----------------+-------------------------------------------------------------------------------------------------------------------------------------------------------------------+-------------------------------------------------------------------------------------------------------------------------------------------------------------------------------------------------+


